9月 10, 2025 11:25:27 上午 SouffleTextDocumentService countLineNum
信息: LOC: 2238 document: d:/work24/souffle-lsp-plugin/gen_datasets/OCC/OCC_combined_4000/OCC_combined_4000.dl
9月 10, 2025 11:25:27 上午 SouffleTextDocumentService countNodeNum
信息: NOD: 61210 document: d:/work24/souffle-lsp-plugin/gen_datasets/OCC/OCC_combined_4000/OCC_combined_4000.dl
9月 10, 2025 11:25:27 上午 SouffleTextDocumentService countDEFAndOCC
信息: DEF: 513 document: d:/work24/souffle-lsp-plugin/gen_datasets/OCC/OCC_combined_4000/OCC_combined_4000.dl
9月 10, 2025 11:25:27 上午 SouffleTextDocumentService countDEFAndOCC
信息: OCC: 3917 document: d:/work24/souffle-lsp-plugin/gen_datasets/OCC/OCC_combined_4000/OCC_combined_4000.dl
9月 10, 2025 11:25:30 上午 ReferenceProvider getLocateTime
信息: locate: 0 document: d:/work24/souffle-lsp-plugin/gen_datasets/OCC/OCC_combined_4000/OCC_combined_4000.dl
9月 10, 2025 11:25:30 上午 ReferenceProvider getSearchTime
信息: search: 286 document: d:/work24/souffle-lsp-plugin/gen_datasets/OCC/OCC_combined_4000/OCC_combined_4000.dl
9月 10, 2025 11:25:31 上午 DefinitionProvider getDefinition
信息: gotoDefinition: 0 document: d:/work24/souffle-lsp-plugin/gen_datasets/OCC/OCC_combined_4000/OCC_combined_4000.dl
9月 10, 2025 11:25:31 上午 RenameProvider getRename
信息: rename: 2 document: d:/work24/souffle-lsp-plugin/gen_datasets/OCC/OCC_combined_4000/OCC_combined_4000.dl
9月 10, 2025 11:25:34 上午 CompletionProvider getCompletions
信息: completion: 5 document: d:/work24/souffle-lsp-plugin/gen_datasets/OCC/OCC_combined_4000/OCC_combined_4000.dl
9月 10, 2025 11:26:04 上午 ReferenceProvider getLocateTime
信息: locate: 0 document: d:/work24/souffle-lsp-plugin/gen_datasets/OCC/OCC_combined_4000/OCC_combined_4000.dl
9月 10, 2025 11:26:05 上午 ReferenceProvider getSearchTime
信息: search: 322 document: d:/work24/souffle-lsp-plugin/gen_datasets/OCC/OCC_combined_4000/OCC_combined_4000.dl
9月 10, 2025 11:26:05 上午 DefinitionProvider getDefinition
信息: gotoDefinition: 0 document: d:/work24/souffle-lsp-plugin/gen_datasets/OCC/OCC_combined_4000/OCC_combined_4000.dl
9月 10, 2025 11:26:05 上午 RenameProvider getRename
信息: rename: 0 document: d:/work24/souffle-lsp-plugin/gen_datasets/OCC/OCC_combined_4000/OCC_combined_4000.dl
9月 10, 2025 11:26:07 上午 CompletionProvider getCompletions
信息: completion: 3 document: d:/work24/souffle-lsp-plugin/gen_datasets/OCC/OCC_combined_4000/OCC_combined_4000.dl
9月 10, 2025 11:26:14 上午 ReferenceProvider getLocateTime
信息: locate: 0 document: d:/work24/souffle-lsp-plugin/gen_datasets/OCC/OCC_combined_4000/OCC_combined_4000.dl
9月 10, 2025 11:26:15 上午 ReferenceProvider getSearchTime
信息: search: 318 document: d:/work24/souffle-lsp-plugin/gen_datasets/OCC/OCC_combined_4000/OCC_combined_4000.dl
9月 10, 2025 11:26:15 上午 DefinitionProvider getDefinition
信息: gotoDefinition: 0 document: d:/work24/souffle-lsp-plugin/gen_datasets/OCC/OCC_combined_4000/OCC_combined_4000.dl
9月 10, 2025 11:26:15 上午 RenameProvider getRename
信息: rename: 1 document: d:/work24/souffle-lsp-plugin/gen_datasets/OCC/OCC_combined_4000/OCC_combined_4000.dl
9月 10, 2025 11:26:17 上午 CompletionProvider getCompletions
信息: completion: 1 document: d:/work24/souffle-lsp-plugin/gen_datasets/OCC/OCC_combined_4000/OCC_combined_4000.dl
