9月 10, 2025 1:56:03 下午 SouffleTextDocumentService countLineNum
信息: LOC: 1171 document: d:/work24/souffle-lsp-plugin/gen_datasets/DEF/DEF_combined_300/DEF_combined_300.dl
9月 10, 2025 1:56:03 下午 SouffleTextDocumentService countNodeNum
信息: NOD: 31253 document: d:/work24/souffle-lsp-plugin/gen_datasets/DEF/DEF_combined_300/DEF_combined_300.dl
9月 10, 2025 1:56:03 下午 SouffleTextDocumentService countDEFAndOCC
信息: DEF: 296 document: d:/work24/souffle-lsp-plugin/gen_datasets/DEF/DEF_combined_300/DEF_combined_300.dl
9月 10, 2025 1:56:03 下午 SouffleTextDocumentService countDEFAndOCC
信息: OCC: 2052 document: d:/work24/souffle-lsp-plugin/gen_datasets/DEF/DEF_combined_300/DEF_combined_300.dl
9月 10, 2025 1:57:20 下午 ReferenceProvider getLocateTime
信息: locate: 0 document: d:/work24/souffle-lsp-plugin/gen_datasets/DEF/DEF_combined_300/DEF_combined_300.dl
9月 10, 2025 1:57:20 下午 ReferenceProvider getSearchTime
信息: search: 137 document: d:/work24/souffle-lsp-plugin/gen_datasets/DEF/DEF_combined_300/DEF_combined_300.dl
9月 10, 2025 1:57:20 下午 DefinitionProvider getDefinition
信息: gotoDefinition: 0 document: d:/work24/souffle-lsp-plugin/gen_datasets/DEF/DEF_combined_300/DEF_combined_300.dl
9月 10, 2025 1:57:20 下午 RenameProvider getRename
信息: rename: 3 document: d:/work24/souffle-lsp-plugin/gen_datasets/DEF/DEF_combined_300/DEF_combined_300.dl
9月 10, 2025 1:57:22 下午 CompletionProvider getCompletions
信息: completion: 2 document: d:/work24/souffle-lsp-plugin/gen_datasets/DEF/DEF_combined_300/DEF_combined_300.dl
9月 10, 2025 1:57:28 下午 ReferenceProvider getLocateTime
信息: locate: 0 document: d:/work24/souffle-lsp-plugin/gen_datasets/DEF/DEF_combined_300/DEF_combined_300.dl
9月 10, 2025 1:57:28 下午 ReferenceProvider getSearchTime
信息: search: 136 document: d:/work24/souffle-lsp-plugin/gen_datasets/DEF/DEF_combined_300/DEF_combined_300.dl
9月 10, 2025 1:57:28 下午 DefinitionProvider getDefinition
信息: gotoDefinition: 0 document: d:/work24/souffle-lsp-plugin/gen_datasets/DEF/DEF_combined_300/DEF_combined_300.dl
9月 10, 2025 1:57:28 下午 RenameProvider getRename
信息: rename: 1 document: d:/work24/souffle-lsp-plugin/gen_datasets/DEF/DEF_combined_300/DEF_combined_300.dl
9月 10, 2025 1:57:30 下午 CompletionProvider getCompletions
信息: completion: 2 document: d:/work24/souffle-lsp-plugin/gen_datasets/DEF/DEF_combined_300/DEF_combined_300.dl
9月 10, 2025 1:57:36 下午 ReferenceProvider getLocateTime
信息: locate: 0 document: d:/work24/souffle-lsp-plugin/gen_datasets/DEF/DEF_combined_300/DEF_combined_300.dl
9月 10, 2025 1:57:36 下午 ReferenceProvider getSearchTime
信息: search: 104 document: d:/work24/souffle-lsp-plugin/gen_datasets/DEF/DEF_combined_300/DEF_combined_300.dl
9月 10, 2025 1:57:36 下午 DefinitionProvider getDefinition
信息: gotoDefinition: 0 document: d:/work24/souffle-lsp-plugin/gen_datasets/DEF/DEF_combined_300/DEF_combined_300.dl
9月 10, 2025 1:57:36 下午 RenameProvider getRename
信息: rename: 0 document: d:/work24/souffle-lsp-plugin/gen_datasets/DEF/DEF_combined_300/DEF_combined_300.dl
9月 10, 2025 1:57:38 下午 CompletionProvider getCompletions
信息: completion: 1 document: d:/work24/souffle-lsp-plugin/gen_datasets/DEF/DEF_combined_300/DEF_combined_300.dl
