9月 18, 2025 9:29:52 上午 SouffleTextDocumentService countLineNum
信息: LOC: 5537 document: d:/work24/souffle-lsp-plugin/gen_datasets/LOC/LOC_combined_5600/LOC_combined_5600.dl
9月 18, 2025 9:29:52 上午 SouffleTextDocumentService countNodeNum
信息: NOD: 150881 document: d:/work24/souffle-lsp-plugin/gen_datasets/LOC/LOC_combined_5600/LOC_combined_5600.dl
9月 18, 2025 9:29:52 上午 SouffleTextDocumentService countDEFAndOCC
信息: DEF: 1385 document: d:/work24/souffle-lsp-plugin/gen_datasets/LOC/LOC_combined_5600/LOC_combined_5600.dl
9月 18, 2025 9:29:52 上午 SouffleTextDocumentService countDEFAndOCC
信息: OCC: 10028 document: d:/work24/souffle-lsp-plugin/gen_datasets/LOC/LOC_combined_5600/LOC_combined_5600.dl
9月 18, 2025 9:29:58 上午 ReferenceProvider getLocateTime
信息: locate: 0 document: d:/work24/souffle-lsp-plugin/gen_datasets/LOC/LOC_combined_5600/LOC_combined_5600.dl
9月 18, 2025 9:29:59 上午 ReferenceProvider getSearchTime
信息: search: 791 document: d:/work24/souffle-lsp-plugin/gen_datasets/LOC/LOC_combined_5600/LOC_combined_5600.dl
9月 18, 2025 9:29:59 上午 ReferenceProvider getSearchTime
信息: subcontextNum: 4068 document: d:/work24/souffle-lsp-plugin/gen_datasets/LOC/LOC_combined_5600/LOC_combined_5600.dl
9月 18, 2025 9:29:59 上午 DefinitionProvider getDefinition
信息: gotoDefinition: 0 document: d:/work24/souffle-lsp-plugin/gen_datasets/LOC/LOC_combined_5600/LOC_combined_5600.dl
9月 18, 2025 9:29:59 上午 RenameProvider getRename
信息: rename: 7 document: d:/work24/souffle-lsp-plugin/gen_datasets/LOC/LOC_combined_5600/LOC_combined_5600.dl
9月 18, 2025 9:30:01 上午 CompletionProvider getCompletions
信息: completion: 12 document: d:/work24/souffle-lsp-plugin/gen_datasets/LOC/LOC_combined_5600/LOC_combined_5600.dl
9月 18, 2025 9:30:08 上午 ReferenceProvider getLocateTime
信息: locate: 0 document: d:/work24/souffle-lsp-plugin/gen_datasets/LOC/LOC_combined_5600/LOC_combined_5600.dl
9月 18, 2025 9:30:09 上午 ReferenceProvider getSearchTime
信息: search: 909 document: d:/work24/souffle-lsp-plugin/gen_datasets/LOC/LOC_combined_5600/LOC_combined_5600.dl
9月 18, 2025 9:30:09 上午 ReferenceProvider getSearchTime
信息: subcontextNum: 4068 document: d:/work24/souffle-lsp-plugin/gen_datasets/LOC/LOC_combined_5600/LOC_combined_5600.dl
9月 18, 2025 9:30:09 上午 DefinitionProvider getDefinition
信息: gotoDefinition: 0 document: d:/work24/souffle-lsp-plugin/gen_datasets/LOC/LOC_combined_5600/LOC_combined_5600.dl
9月 18, 2025 9:30:09 上午 RenameProvider getRename
信息: rename: 2 document: d:/work24/souffle-lsp-plugin/gen_datasets/LOC/LOC_combined_5600/LOC_combined_5600.dl
9月 18, 2025 9:30:11 上午 CompletionProvider getCompletions
信息: completion: 7 document: d:/work24/souffle-lsp-plugin/gen_datasets/LOC/LOC_combined_5600/LOC_combined_5600.dl
9月 18, 2025 9:30:17 上午 ReferenceProvider getLocateTime
信息: locate: 0 document: d:/work24/souffle-lsp-plugin/gen_datasets/LOC/LOC_combined_5600/LOC_combined_5600.dl
9月 18, 2025 9:30:18 上午 ReferenceProvider getSearchTime
信息: search: 817 document: d:/work24/souffle-lsp-plugin/gen_datasets/LOC/LOC_combined_5600/LOC_combined_5600.dl
9月 18, 2025 9:30:18 上午 ReferenceProvider getSearchTime
信息: subcontextNum: 4068 document: d:/work24/souffle-lsp-plugin/gen_datasets/LOC/LOC_combined_5600/LOC_combined_5600.dl
9月 18, 2025 9:30:18 上午 DefinitionProvider getDefinition
信息: gotoDefinition: 0 document: d:/work24/souffle-lsp-plugin/gen_datasets/LOC/LOC_combined_5600/LOC_combined_5600.dl
9月 18, 2025 9:30:18 上午 RenameProvider getRename
信息: rename: 2 document: d:/work24/souffle-lsp-plugin/gen_datasets/LOC/LOC_combined_5600/LOC_combined_5600.dl
9月 18, 2025 9:30:20 上午 CompletionProvider getCompletions
信息: completion: 7 document: d:/work24/souffle-lsp-plugin/gen_datasets/LOC/LOC_combined_5600/LOC_combined_5600.dl
