9月 29, 2025 10:23:11 上午 SouffleTextDocumentService countLineNum
信息: LOC: 8200 document: d:/work24/souffle-lsp-plugin/gen_datasets/DEF/DEF_combined_2000/DEF_combined_2000.dl
9月 29, 2025 10:23:12 上午 SouffleTextDocumentService countNodeNum
信息: NOD: 232400 document: d:/work24/souffle-lsp-plugin/gen_datasets/DEF/DEF_combined_2000/DEF_combined_2000.dl
9月 29, 2025 10:23:14 上午 SouffleTextDocumentService countDEFAndOCC
信息: DEF: 1958 document: d:/work24/souffle-lsp-plugin/gen_datasets/DEF/DEF_combined_2000/DEF_combined_2000.dl
9月 29, 2025 10:23:14 上午 SouffleTextDocumentService countDEFAndOCC
信息: OCC: 15078 document: d:/work24/souffle-lsp-plugin/gen_datasets/DEF/DEF_combined_2000/DEF_combined_2000.dl
9月 29, 2025 10:23:14 上午 ReferenceProvider getLocateTime
信息: locate: 0.0 document: d:/work24/souffle-lsp-plugin/gen_datasets/DEF/DEF_combined_2000/DEF_combined_2000.dl
9月 29, 2025 10:23:21 上午 ReferenceProvider getSearchTime
信息: search: 6954.165 document: d:/work24/souffle-lsp-plugin/gen_datasets/DEF/DEF_combined_2000/DEF_combined_2000.dl
9月 29, 2025 10:23:21 上午 ReferenceProvider getSearchTime
信息: subcontextNum: 5846 document: d:/work24/souffle-lsp-plugin/gen_datasets/DEF/DEF_combined_2000/DEF_combined_2000.dl
9月 29, 2025 10:23:21 上午 DefinitionProvider getDefinition
信息: gotoDefinition: 0.0 document: d:/work24/souffle-lsp-plugin/gen_datasets/DEF/DEF_combined_2000/DEF_combined_2000.dl
9月 29, 2025 10:23:21 上午 RenameProvider getRename
信息: currentSymbol: live_variables kind RULE document: d:/work24/souffle-lsp-plugin/gen_datasets/DEF/DEF_combined_2000/DEF_combined_2000.dl
9月 29, 2025 10:23:21 上午 RenameProvider getRename
信息: rename: 8.9975 document: d:/work24/souffle-lsp-plugin/gen_datasets/DEF/DEF_combined_2000/DEF_combined_2000.dl
9月 29, 2025 10:23:25 上午 CompletionProvider getCompletions
信息: completion: 173.0043 document: d:/work24/souffle-lsp-plugin/gen_datasets/DEF/DEF_combined_2000/DEF_combined_2000.dl
9月 29, 2025 10:23:25 上午 CompletionProvider getTraverseTime
信息: traverse: 103.9994 document: d:/work24/souffle-lsp-plugin/gen_datasets/DEF/DEF_combined_2000/DEF_combined_2000.dl
9月 29, 2025 10:23:25 上午 CompletionProvider getTraverseTime
信息: traverse: 66.9998 document: d:/work24/souffle-lsp-plugin/gen_datasets/DEF/DEF_combined_2000/DEF_combined_2000.dl
9月 29, 2025 10:23:25 上午 CompletionProvider getTraverseTime
信息: traverseTimes: 2 document: d:/work24/souffle-lsp-plugin/gen_datasets/DEF/DEF_combined_2000/DEF_combined_2000.dl
9月 29, 2025 10:23:32 上午 ReferenceProvider getLocateTime
信息: locate: 0.0 document: d:/work24/souffle-lsp-plugin/gen_datasets/DEF/DEF_combined_2000/DEF_combined_2000.dl
9月 29, 2025 10:23:39 上午 ReferenceProvider getSearchTime
信息: search: 7175.0035 document: d:/work24/souffle-lsp-plugin/gen_datasets/DEF/DEF_combined_2000/DEF_combined_2000.dl
9月 29, 2025 10:23:39 上午 ReferenceProvider getSearchTime
信息: subcontextNum: 5846 document: d:/work24/souffle-lsp-plugin/gen_datasets/DEF/DEF_combined_2000/DEF_combined_2000.dl
9月 29, 2025 10:23:39 上午 DefinitionProvider getDefinition
信息: gotoDefinition: 0.0 document: d:/work24/souffle-lsp-plugin/gen_datasets/DEF/DEF_combined_2000/DEF_combined_2000.dl
9月 29, 2025 10:23:39 上午 RenameProvider getRename
信息: currentSymbol: TapeLimits kind RULE document: d:/work24/souffle-lsp-plugin/gen_datasets/DEF/DEF_combined_2000/DEF_combined_2000.dl
9月 29, 2025 10:23:39 上午 RenameProvider getRename
信息: rename: 9.995 document: d:/work24/souffle-lsp-plugin/gen_datasets/DEF/DEF_combined_2000/DEF_combined_2000.dl
9月 29, 2025 10:23:43 上午 CompletionProvider getCompletions
信息: completion: 172.0269 document: d:/work24/souffle-lsp-plugin/gen_datasets/DEF/DEF_combined_2000/DEF_combined_2000.dl
9月 29, 2025 10:23:43 上午 CompletionProvider getTraverseTime
信息: traverse: 105.0002 document: d:/work24/souffle-lsp-plugin/gen_datasets/DEF/DEF_combined_2000/DEF_combined_2000.dl
9月 29, 2025 10:23:43 上午 CompletionProvider getTraverseTime
信息: traverse: 64.998 document: d:/work24/souffle-lsp-plugin/gen_datasets/DEF/DEF_combined_2000/DEF_combined_2000.dl
9月 29, 2025 10:23:43 上午 CompletionProvider getTraverseTime
信息: traverseTimes: 2 document: d:/work24/souffle-lsp-plugin/gen_datasets/DEF/DEF_combined_2000/DEF_combined_2000.dl
9月 29, 2025 10:23:55 上午 ReferenceProvider getLocateTime
信息: locate: 0.0 document: d:/work24/souffle-lsp-plugin/gen_datasets/DEF/DEF_combined_2000/DEF_combined_2000.dl
9月 29, 2025 10:24:03 上午 ReferenceProvider getSearchTime
信息: search: 7140.8996 document: d:/work24/souffle-lsp-plugin/gen_datasets/DEF/DEF_combined_2000/DEF_combined_2000.dl
9月 29, 2025 10:24:03 上午 ReferenceProvider getSearchTime
信息: subcontextNum: 5846 document: d:/work24/souffle-lsp-plugin/gen_datasets/DEF/DEF_combined_2000/DEF_combined_2000.dl
9月 29, 2025 10:24:03 上午 DefinitionProvider getDefinition
信息: gotoDefinition: 0.0 document: d:/work24/souffle-lsp-plugin/gen_datasets/DEF/DEF_combined_2000/DEF_combined_2000.dl
9月 29, 2025 10:24:03 上午 RenameProvider getRename
信息: currentSymbol: not_fsa_start_state kind RULE document: d:/work24/souffle-lsp-plugin/gen_datasets/DEF/DEF_combined_2000/DEF_combined_2000.dl
9月 29, 2025 10:24:03 上午 RenameProvider getRename
信息: rename: 7.9935 document: d:/work24/souffle-lsp-plugin/gen_datasets/DEF/DEF_combined_2000/DEF_combined_2000.dl
9月 29, 2025 10:24:05 上午 CompletionProvider getCompletions
信息: completion: 167.9984 document: d:/work24/souffle-lsp-plugin/gen_datasets/DEF/DEF_combined_2000/DEF_combined_2000.dl
9月 29, 2025 10:24:05 上午 CompletionProvider getTraverseTime
信息: traverse: 105.9993 document: d:/work24/souffle-lsp-plugin/gen_datasets/DEF/DEF_combined_2000/DEF_combined_2000.dl
9月 29, 2025 10:24:05 上午 CompletionProvider getTraverseTime
信息: traverse: 67.0002 document: d:/work24/souffle-lsp-plugin/gen_datasets/DEF/DEF_combined_2000/DEF_combined_2000.dl
9月 29, 2025 10:24:05 上午 CompletionProvider getTraverseTime
信息: traverseTimes: 2 document: d:/work24/souffle-lsp-plugin/gen_datasets/DEF/DEF_combined_2000/DEF_combined_2000.dl
