9月 29, 2025 11:00:55 上午 SouffleTextDocumentService countLineNum
信息: LOC: 3072 document: d:/work24/souffle-lsp-plugin/gen_datasets/NOD/NOD_combined_90000/NOD_combined_90000.dl
9月 29, 2025 11:00:55 上午 SouffleTextDocumentService countNodeNum
信息: NOD: 86862 document: d:/work24/souffle-lsp-plugin/gen_datasets/NOD/NOD_combined_90000/NOD_combined_90000.dl
9月 29, 2025 11:00:56 上午 SouffleTextDocumentService countDEFAndOCC
信息: DEF: 757 document: d:/work24/souffle-lsp-plugin/gen_datasets/NOD/NOD_combined_90000/NOD_combined_90000.dl
9月 29, 2025 11:00:56 上午 SouffleTextDocumentService countDEFAndOCC
信息: OCC: 5630 document: d:/work24/souffle-lsp-plugin/gen_datasets/NOD/NOD_combined_90000/NOD_combined_90000.dl
9月 29, 2025 11:00:56 上午 CompletionProvider getCompletions
信息: completion: 74.997 document: d:/work24/souffle-lsp-plugin/gen_datasets/NOD/NOD_combined_90000/NOD_combined_90000.dl
9月 29, 2025 11:00:56 上午 CompletionProvider getTraverseTime
信息: traverse: 63.9987 document: d:/work24/souffle-lsp-plugin/gen_datasets/NOD/NOD_combined_90000/NOD_combined_90000.dl
9月 29, 2025 11:00:56 上午 CompletionProvider getTraverseTime
信息: traverse: 26.0001 document: d:/work24/souffle-lsp-plugin/gen_datasets/NOD/NOD_combined_90000/NOD_combined_90000.dl
9月 29, 2025 11:00:56 上午 CompletionProvider getTraverseTime
信息: traverseTimes: 2 document: d:/work24/souffle-lsp-plugin/gen_datasets/NOD/NOD_combined_90000/NOD_combined_90000.dl
9月 29, 2025 11:00:57 上午 ReferenceProvider getLocateTime
信息: locate: 0.0 document: d:/work24/souffle-lsp-plugin/gen_datasets/NOD/NOD_combined_90000/NOD_combined_90000.dl
9月 29, 2025 11:01:00 上午 ReferenceProvider getSearchTime
信息: search: 2275.9991 document: d:/work24/souffle-lsp-plugin/gen_datasets/NOD/NOD_combined_90000/NOD_combined_90000.dl
9月 29, 2025 11:01:00 上午 ReferenceProvider getSearchTime
信息: subcontextNum: 2183 document: d:/work24/souffle-lsp-plugin/gen_datasets/NOD/NOD_combined_90000/NOD_combined_90000.dl
9月 29, 2025 11:01:00 上午 DefinitionProvider getDefinition
信息: gotoDefinition: 0.0 document: d:/work24/souffle-lsp-plugin/gen_datasets/NOD/NOD_combined_90000/NOD_combined_90000.dl
9月 29, 2025 11:01:00 上午 RenameProvider getRename
信息: currentSymbol: total_time kind RULE document: d:/work24/souffle-lsp-plugin/gen_datasets/NOD/NOD_combined_90000/NOD_combined_90000.dl
9月 29, 2025 11:01:00 上午 RenameProvider getRename
信息: rename: 3.9985 document: d:/work24/souffle-lsp-plugin/gen_datasets/NOD/NOD_combined_90000/NOD_combined_90000.dl
9月 29, 2025 11:01:12 上午 CompletionProvider getCompletions
信息: completion: 71.9981 document: d:/work24/souffle-lsp-plugin/gen_datasets/NOD/NOD_combined_90000/NOD_combined_90000.dl
9月 29, 2025 11:01:12 上午 CompletionProvider getTraverseTime
信息: traverse: 45.9973 document: d:/work24/souffle-lsp-plugin/gen_datasets/NOD/NOD_combined_90000/NOD_combined_90000.dl
9月 29, 2025 11:01:12 上午 CompletionProvider getTraverseTime
信息: traverse: 23.9992 document: d:/work24/souffle-lsp-plugin/gen_datasets/NOD/NOD_combined_90000/NOD_combined_90000.dl
9月 29, 2025 11:01:12 上午 CompletionProvider getTraverseTime
信息: traverseTimes: 2 document: d:/work24/souffle-lsp-plugin/gen_datasets/NOD/NOD_combined_90000/NOD_combined_90000.dl
9月 29, 2025 11:01:15 上午 ReferenceProvider getLocateTime
信息: locate: 0.0 document: d:/work24/souffle-lsp-plugin/gen_datasets/NOD/NOD_combined_90000/NOD_combined_90000.dl
9月 29, 2025 11:01:17 上午 ReferenceProvider getSearchTime
信息: search: 2264.0006 document: d:/work24/souffle-lsp-plugin/gen_datasets/NOD/NOD_combined_90000/NOD_combined_90000.dl
9月 29, 2025 11:01:17 上午 ReferenceProvider getSearchTime
信息: subcontextNum: 2183 document: d:/work24/souffle-lsp-plugin/gen_datasets/NOD/NOD_combined_90000/NOD_combined_90000.dl
9月 29, 2025 11:01:17 上午 DefinitionProvider getDefinition
信息: gotoDefinition: 0.0 document: d:/work24/souffle-lsp-plugin/gen_datasets/NOD/NOD_combined_90000/NOD_combined_90000.dl
9月 29, 2025 11:01:17 上午 RenameProvider getRename
信息: currentSymbol: not_fsa_start_state kind RULE document: d:/work24/souffle-lsp-plugin/gen_datasets/NOD/NOD_combined_90000/NOD_combined_90000.dl
9月 29, 2025 11:01:17 上午 RenameProvider getRename
信息: rename: 2.9989 document: d:/work24/souffle-lsp-plugin/gen_datasets/NOD/NOD_combined_90000/NOD_combined_90000.dl
9月 29, 2025 11:01:24 上午 CompletionProvider getCompletions
信息: completion: 74.0002 document: d:/work24/souffle-lsp-plugin/gen_datasets/NOD/NOD_combined_90000/NOD_combined_90000.dl
9月 29, 2025 11:01:24 上午 CompletionProvider getTraverseTime
信息: traverse: 49.999 document: d:/work24/souffle-lsp-plugin/gen_datasets/NOD/NOD_combined_90000/NOD_combined_90000.dl
9月 29, 2025 11:01:24 上午 CompletionProvider getTraverseTime
信息: traverse: 24.9991 document: d:/work24/souffle-lsp-plugin/gen_datasets/NOD/NOD_combined_90000/NOD_combined_90000.dl
9月 29, 2025 11:01:24 上午 CompletionProvider getTraverseTime
信息: traverseTimes: 2 document: d:/work24/souffle-lsp-plugin/gen_datasets/NOD/NOD_combined_90000/NOD_combined_90000.dl
9月 29, 2025 11:01:25 上午 ReferenceProvider getLocateTime
信息: locate: 0.0 document: d:/work24/souffle-lsp-plugin/gen_datasets/NOD/NOD_combined_90000/NOD_combined_90000.dl
9月 29, 2025 11:01:27 上午 ReferenceProvider getSearchTime
信息: search: 2199.818 document: d:/work24/souffle-lsp-plugin/gen_datasets/NOD/NOD_combined_90000/NOD_combined_90000.dl
9月 29, 2025 11:01:27 上午 ReferenceProvider getSearchTime
信息: subcontextNum: 2183 document: d:/work24/souffle-lsp-plugin/gen_datasets/NOD/NOD_combined_90000/NOD_combined_90000.dl
9月 29, 2025 11:01:27 上午 DefinitionProvider getDefinition
信息: gotoDefinition: 0.0 document: d:/work24/souffle-lsp-plugin/gen_datasets/NOD/NOD_combined_90000/NOD_combined_90000.dl
9月 29, 2025 11:01:27 上午 RenameProvider getRename
信息: currentSymbol: Node kind RULE document: d:/work24/souffle-lsp-plugin/gen_datasets/NOD/NOD_combined_90000/NOD_combined_90000.dl
9月 29, 2025 11:01:27 上午 RenameProvider getRename
信息: rename: 3.9993 document: d:/work24/souffle-lsp-plugin/gen_datasets/NOD/NOD_combined_90000/NOD_combined_90000.dl
