9月 18, 2025 9:54:40 上午 SouffleTextDocumentService countLineNum
信息: LOC: 8034 document: d:/work24/souffle-lsp-plugin/gen_datasets/DEF/DEF_combined_2100/DEF_combined_2100.dl
9月 18, 2025 9:54:40 上午 SouffleTextDocumentService countNodeNum
信息: NOD: 208055 document: d:/work24/souffle-lsp-plugin/gen_datasets/DEF/DEF_combined_2100/DEF_combined_2100.dl
9月 18, 2025 9:54:41 上午 SouffleTextDocumentService countDEFAndOCC
信息: DEF: 2058 document: d:/work24/souffle-lsp-plugin/gen_datasets/DEF/DEF_combined_2100/DEF_combined_2100.dl
9月 18, 2025 9:54:41 上午 SouffleTextDocumentService countDEFAndOCC
信息: OCC: 13902 document: d:/work24/souffle-lsp-plugin/gen_datasets/DEF/DEF_combined_2100/DEF_combined_2100.dl
9月 18, 2025 9:54:41 上午 ReferenceProvider getLocateTime
信息: locate: 0 document: d:/work24/souffle-lsp-plugin/gen_datasets/DEF/DEF_combined_2100/DEF_combined_2100.dl
9月 18, 2025 9:54:42 上午 ReferenceProvider getSearchTime
信息: search: 1731 document: d:/work24/souffle-lsp-plugin/gen_datasets/DEF/DEF_combined_2100/DEF_combined_2100.dl
9月 18, 2025 9:54:42 上午 ReferenceProvider getSearchTime
信息: subcontextNum: 6109 document: d:/work24/souffle-lsp-plugin/gen_datasets/DEF/DEF_combined_2100/DEF_combined_2100.dl
9月 18, 2025 9:54:42 上午 DefinitionProvider getDefinition
信息: gotoDefinition: 0 document: d:/work24/souffle-lsp-plugin/gen_datasets/DEF/DEF_combined_2100/DEF_combined_2100.dl
9月 18, 2025 9:54:42 上午 RenameProvider getRename
信息: rename: 6 document: d:/work24/souffle-lsp-plugin/gen_datasets/DEF/DEF_combined_2100/DEF_combined_2100.dl
9月 18, 2025 9:54:44 上午 CompletionProvider getCompletions
信息: completion: 10 document: d:/work24/souffle-lsp-plugin/gen_datasets/DEF/DEF_combined_2100/DEF_combined_2100.dl
9月 18, 2025 9:54:50 上午 ReferenceProvider getLocateTime
信息: locate: 0 document: d:/work24/souffle-lsp-plugin/gen_datasets/DEF/DEF_combined_2100/DEF_combined_2100.dl
9月 18, 2025 9:54:52 上午 ReferenceProvider getSearchTime
信息: search: 1368 document: d:/work24/souffle-lsp-plugin/gen_datasets/DEF/DEF_combined_2100/DEF_combined_2100.dl
9月 18, 2025 9:54:52 上午 ReferenceProvider getSearchTime
信息: subcontextNum: 6109 document: d:/work24/souffle-lsp-plugin/gen_datasets/DEF/DEF_combined_2100/DEF_combined_2100.dl
9月 18, 2025 9:54:52 上午 DefinitionProvider getDefinition
信息: gotoDefinition: 0 document: d:/work24/souffle-lsp-plugin/gen_datasets/DEF/DEF_combined_2100/DEF_combined_2100.dl
9月 18, 2025 9:54:52 上午 RenameProvider getRename
信息: rename: 4 document: d:/work24/souffle-lsp-plugin/gen_datasets/DEF/DEF_combined_2100/DEF_combined_2100.dl
9月 18, 2025 9:54:54 上午 CompletionProvider getCompletions
信息: completion: 8 document: d:/work24/souffle-lsp-plugin/gen_datasets/DEF/DEF_combined_2100/DEF_combined_2100.dl
9月 18, 2025 9:55:00 上午 ReferenceProvider getLocateTime
信息: locate: 1 document: d:/work24/souffle-lsp-plugin/gen_datasets/DEF/DEF_combined_2100/DEF_combined_2100.dl
9月 18, 2025 9:55:01 上午 ReferenceProvider getSearchTime
信息: search: 1355 document: d:/work24/souffle-lsp-plugin/gen_datasets/DEF/DEF_combined_2100/DEF_combined_2100.dl
9月 18, 2025 9:55:01 上午 ReferenceProvider getSearchTime
信息: subcontextNum: 6109 document: d:/work24/souffle-lsp-plugin/gen_datasets/DEF/DEF_combined_2100/DEF_combined_2100.dl
9月 18, 2025 9:55:01 上午 DefinitionProvider getDefinition
信息: gotoDefinition: 0 document: d:/work24/souffle-lsp-plugin/gen_datasets/DEF/DEF_combined_2100/DEF_combined_2100.dl
9月 18, 2025 9:55:01 上午 RenameProvider getRename
信息: rename: 3 document: d:/work24/souffle-lsp-plugin/gen_datasets/DEF/DEF_combined_2100/DEF_combined_2100.dl
9月 18, 2025 9:55:03 上午 CompletionProvider getCompletions
信息: completion: 9 document: d:/work24/souffle-lsp-plugin/gen_datasets/DEF/DEF_combined_2100/DEF_combined_2100.dl
