9月 10, 2025 1:58:43 下午 SouffleTextDocumentService countLineNum
信息: LOC: 1961 document: d:/work24/souffle-lsp-plugin/gen_datasets/DEF/DEF_combined_500/DEF_combined_500.dl
9月 10, 2025 1:58:43 下午 SouffleTextDocumentService countNodeNum
信息: NOD: 47337 document: d:/work24/souffle-lsp-plugin/gen_datasets/DEF/DEF_combined_500/DEF_combined_500.dl
9月 10, 2025 1:58:43 下午 SouffleTextDocumentService countDEFAndOCC
信息: DEF: 479 document: d:/work24/souffle-lsp-plugin/gen_datasets/DEF/DEF_combined_500/DEF_combined_500.dl
9月 10, 2025 1:58:43 下午 SouffleTextDocumentService countDEFAndOCC
信息: OCC: 3337 document: d:/work24/souffle-lsp-plugin/gen_datasets/DEF/DEF_combined_500/DEF_combined_500.dl
9月 10, 2025 2:00:10 下午 ReferenceProvider getLocateTime
信息: locate: 0 document: d:/work24/souffle-lsp-plugin/gen_datasets/DEF/DEF_combined_500/DEF_combined_500.dl
9月 10, 2025 2:00:10 下午 ReferenceProvider getSearchTime
信息: search: 245 document: d:/work24/souffle-lsp-plugin/gen_datasets/DEF/DEF_combined_500/DEF_combined_500.dl
9月 10, 2025 2:00:10 下午 DefinitionProvider getDefinition
信息: gotoDefinition: 0 document: d:/work24/souffle-lsp-plugin/gen_datasets/DEF/DEF_combined_500/DEF_combined_500.dl
9月 10, 2025 2:00:10 下午 RenameProvider getRename
信息: rename: 3 document: d:/work24/souffle-lsp-plugin/gen_datasets/DEF/DEF_combined_500/DEF_combined_500.dl
9月 10, 2025 2:00:12 下午 CompletionProvider getCompletions
信息: completion: 4 document: d:/work24/souffle-lsp-plugin/gen_datasets/DEF/DEF_combined_500/DEF_combined_500.dl
9月 10, 2025 2:00:19 下午 ReferenceProvider getLocateTime
信息: locate: 0 document: d:/work24/souffle-lsp-plugin/gen_datasets/DEF/DEF_combined_500/DEF_combined_500.dl
9月 10, 2025 2:00:20 下午 ReferenceProvider getSearchTime
信息: search: 274 document: d:/work24/souffle-lsp-plugin/gen_datasets/DEF/DEF_combined_500/DEF_combined_500.dl
9月 10, 2025 2:00:20 下午 DefinitionProvider getDefinition
信息: gotoDefinition: 0 document: d:/work24/souffle-lsp-plugin/gen_datasets/DEF/DEF_combined_500/DEF_combined_500.dl
9月 10, 2025 2:00:20 下午 RenameProvider getRename
信息: rename: 2 document: d:/work24/souffle-lsp-plugin/gen_datasets/DEF/DEF_combined_500/DEF_combined_500.dl
9月 10, 2025 2:00:22 下午 CompletionProvider getCompletions
信息: completion: 3 document: d:/work24/souffle-lsp-plugin/gen_datasets/DEF/DEF_combined_500/DEF_combined_500.dl
9月 10, 2025 2:00:29 下午 ReferenceProvider getLocateTime
信息: locate: 0 document: d:/work24/souffle-lsp-plugin/gen_datasets/DEF/DEF_combined_500/DEF_combined_500.dl
9月 10, 2025 2:00:30 下午 ReferenceProvider getSearchTime
信息: search: 268 document: d:/work24/souffle-lsp-plugin/gen_datasets/DEF/DEF_combined_500/DEF_combined_500.dl
9月 10, 2025 2:00:30 下午 DefinitionProvider getDefinition
信息: gotoDefinition: 0 document: d:/work24/souffle-lsp-plugin/gen_datasets/DEF/DEF_combined_500/DEF_combined_500.dl
9月 10, 2025 2:00:30 下午 RenameProvider getRename
信息: rename: 1 document: d:/work24/souffle-lsp-plugin/gen_datasets/DEF/DEF_combined_500/DEF_combined_500.dl
9月 10, 2025 2:00:32 下午 CompletionProvider getCompletions
信息: completion: 2 document: d:/work24/souffle-lsp-plugin/gen_datasets/DEF/DEF_combined_500/DEF_combined_500.dl
