9月 29, 2025 11:04:03 上午 SouffleTextDocumentService countLineNum
信息: LOC: 4664 document: d:/work24/souffle-lsp-plugin/gen_datasets/NOD/NOD_combined_130000/NOD_combined_130000.dl
9月 29, 2025 11:04:03 上午 SouffleTextDocumentService countNodeNum
信息: NOD: 128332 document: d:/work24/souffle-lsp-plugin/gen_datasets/NOD/NOD_combined_130000/NOD_combined_130000.dl
9月 29, 2025 11:04:04 上午 SouffleTextDocumentService countDEFAndOCC
信息: DEF: 1316 document: d:/work24/souffle-lsp-plugin/gen_datasets/NOD/NOD_combined_130000/NOD_combined_130000.dl
9月 29, 2025 11:04:04 上午 SouffleTextDocumentService countDEFAndOCC
信息: OCC: 8849 document: d:/work24/souffle-lsp-plugin/gen_datasets/NOD/NOD_combined_130000/NOD_combined_130000.dl
9月 29, 2025 11:04:04 上午 CompletionProvider getCompletions
信息: completion: 120.9994 document: d:/work24/souffle-lsp-plugin/gen_datasets/NOD/NOD_combined_130000/NOD_combined_130000.dl
9月 29, 2025 11:04:04 上午 CompletionProvider getTraverseTime
信息: traverse: 87.9998 document: d:/work24/souffle-lsp-plugin/gen_datasets/NOD/NOD_combined_130000/NOD_combined_130000.dl
9月 29, 2025 11:04:04 上午 CompletionProvider getTraverseTime
信息: traverse: 42.0041 document: d:/work24/souffle-lsp-plugin/gen_datasets/NOD/NOD_combined_130000/NOD_combined_130000.dl
9月 29, 2025 11:04:04 上午 CompletionProvider getTraverseTime
信息: traverseTimes: 2 document: d:/work24/souffle-lsp-plugin/gen_datasets/NOD/NOD_combined_130000/NOD_combined_130000.dl
9月 29, 2025 11:04:06 上午 ReferenceProvider getLocateTime
信息: locate: 0.0 document: d:/work24/souffle-lsp-plugin/gen_datasets/NOD/NOD_combined_130000/NOD_combined_130000.dl
9月 29, 2025 11:04:10 上午 ReferenceProvider getSearchTime
信息: search: 3657.9984 document: d:/work24/souffle-lsp-plugin/gen_datasets/NOD/NOD_combined_130000/NOD_combined_130000.dl
9月 29, 2025 11:04:10 上午 ReferenceProvider getSearchTime
信息: subcontextNum: 3490 document: d:/work24/souffle-lsp-plugin/gen_datasets/NOD/NOD_combined_130000/NOD_combined_130000.dl
9月 29, 2025 11:04:10 上午 DefinitionProvider getDefinition
信息: gotoDefinition: 0.0 document: d:/work24/souffle-lsp-plugin/gen_datasets/NOD/NOD_combined_130000/NOD_combined_130000.dl
9月 29, 2025 11:04:10 上午 RenameProvider getRename
信息: currentSymbol: ctrl_var kind RULE document: d:/work24/souffle-lsp-plugin/gen_datasets/NOD/NOD_combined_130000/NOD_combined_130000.dl
9月 29, 2025 11:04:10 上午 RenameProvider getRename
信息: rename: 5.9999 document: d:/work24/souffle-lsp-plugin/gen_datasets/NOD/NOD_combined_130000/NOD_combined_130000.dl
9月 29, 2025 11:04:14 上午 CompletionProvider getCompletions
信息: completion: 106.997 document: d:/work24/souffle-lsp-plugin/gen_datasets/NOD/NOD_combined_130000/NOD_combined_130000.dl
9月 29, 2025 11:04:14 上午 CompletionProvider getTraverseTime
信息: traverse: 71.0031 document: d:/work24/souffle-lsp-plugin/gen_datasets/NOD/NOD_combined_130000/NOD_combined_130000.dl
9月 29, 2025 11:04:15 上午 CompletionProvider getTraverseTime
信息: traverse: 39.0004 document: d:/work24/souffle-lsp-plugin/gen_datasets/NOD/NOD_combined_130000/NOD_combined_130000.dl
9月 29, 2025 11:04:15 上午 CompletionProvider getTraverseTime
信息: traverseTimes: 2 document: d:/work24/souffle-lsp-plugin/gen_datasets/NOD/NOD_combined_130000/NOD_combined_130000.dl
9月 29, 2025 11:04:18 上午 ReferenceProvider getLocateTime
信息: locate: 0.0 document: d:/work24/souffle-lsp-plugin/gen_datasets/NOD/NOD_combined_130000/NOD_combined_130000.dl
9月 29, 2025 11:04:21 上午 ReferenceProvider getSearchTime
信息: search: 3705.9982 document: d:/work24/souffle-lsp-plugin/gen_datasets/NOD/NOD_combined_130000/NOD_combined_130000.dl
9月 29, 2025 11:04:21 上午 ReferenceProvider getSearchTime
信息: subcontextNum: 3490 document: d:/work24/souffle-lsp-plugin/gen_datasets/NOD/NOD_combined_130000/NOD_combined_130000.dl
9月 29, 2025 11:04:21 上午 DefinitionProvider getDefinition
信息: gotoDefinition: 0.0 document: d:/work24/souffle-lsp-plugin/gen_datasets/NOD/NOD_combined_130000/NOD_combined_130000.dl
9月 29, 2025 11:04:21 上午 RenameProvider getRename
信息: currentSymbol: OutputPoly kind RULE document: d:/work24/souffle-lsp-plugin/gen_datasets/NOD/NOD_combined_130000/NOD_combined_130000.dl
9月 29, 2025 11:04:21 上午 RenameProvider getRename
信息: rename: 4.0072 document: d:/work24/souffle-lsp-plugin/gen_datasets/NOD/NOD_combined_130000/NOD_combined_130000.dl
9月 29, 2025 11:04:38 上午 CompletionProvider getCompletions
信息: completion: 113.9991 document: d:/work24/souffle-lsp-plugin/gen_datasets/NOD/NOD_combined_130000/NOD_combined_130000.dl
9月 29, 2025 11:04:38 上午 CompletionProvider getTraverseTime
信息: traverse: 73.0014 document: d:/work24/souffle-lsp-plugin/gen_datasets/NOD/NOD_combined_130000/NOD_combined_130000.dl
9月 29, 2025 11:04:38 上午 CompletionProvider getTraverseTime
信息: traverse: 37.9982 document: d:/work24/souffle-lsp-plugin/gen_datasets/NOD/NOD_combined_130000/NOD_combined_130000.dl
9月 29, 2025 11:04:38 上午 CompletionProvider getTraverseTime
信息: traverseTimes: 2 document: d:/work24/souffle-lsp-plugin/gen_datasets/NOD/NOD_combined_130000/NOD_combined_130000.dl
9月 29, 2025 11:04:41 上午 ReferenceProvider getLocateTime
信息: locate: 0.0 document: d:/work24/souffle-lsp-plugin/gen_datasets/NOD/NOD_combined_130000/NOD_combined_130000.dl
9月 29, 2025 11:04:45 上午 ReferenceProvider getSearchTime
信息: search: 4034.8361 document: d:/work24/souffle-lsp-plugin/gen_datasets/NOD/NOD_combined_130000/NOD_combined_130000.dl
9月 29, 2025 11:04:45 上午 ReferenceProvider getSearchTime
信息: subcontextNum: 3490 document: d:/work24/souffle-lsp-plugin/gen_datasets/NOD/NOD_combined_130000/NOD_combined_130000.dl
9月 29, 2025 11:04:45 上午 DefinitionProvider getDefinition
信息: gotoDefinition: 0.0 document: d:/work24/souffle-lsp-plugin/gen_datasets/NOD/NOD_combined_130000/NOD_combined_130000.dl
9月 29, 2025 11:04:45 上午 RenameProvider getRename
信息: currentSymbol: universe kind RULE document: d:/work24/souffle-lsp-plugin/gen_datasets/NOD/NOD_combined_130000/NOD_combined_130000.dl
9月 29, 2025 11:04:45 上午 RenameProvider getRename
信息: rename: 3.9988 document: d:/work24/souffle-lsp-plugin/gen_datasets/NOD/NOD_combined_130000/NOD_combined_130000.dl
