9月 18, 2025 10:30:03 上午 SouffleTextDocumentService countLineNum
信息: LOC: 5439 document: d:/work24/souffle-lsp-plugin/gen_datasets/OCC/OCC_combined_10400/OCC_combined_10400.dl
9月 18, 2025 10:30:03 上午 SouffleTextDocumentService countNodeNum
信息: NOD: 139162 document: d:/work24/souffle-lsp-plugin/gen_datasets/OCC/OCC_combined_10400/OCC_combined_10400.dl
9月 18, 2025 10:30:03 上午 SouffleTextDocumentService countDEFAndOCC
信息: DEF: 1698 document: d:/work24/souffle-lsp-plugin/gen_datasets/OCC/OCC_combined_10400/OCC_combined_10400.dl
9月 18, 2025 10:30:03 上午 SouffleTextDocumentService countDEFAndOCC
信息: OCC: 10229 document: d:/work24/souffle-lsp-plugin/gen_datasets/OCC/OCC_combined_10400/OCC_combined_10400.dl
9月 18, 2025 10:30:05 上午 ReferenceProvider getLocateTime
信息: locate: 0 document: d:/work24/souffle-lsp-plugin/gen_datasets/OCC/OCC_combined_10400/OCC_combined_10400.dl
9月 18, 2025 10:30:05 上午 ReferenceProvider getSearchTime
信息: search: 908 document: d:/work24/souffle-lsp-plugin/gen_datasets/OCC/OCC_combined_10400/OCC_combined_10400.dl
9月 18, 2025 10:30:05 上午 ReferenceProvider getSearchTime
信息: subcontextNum: 4407 document: d:/work24/souffle-lsp-plugin/gen_datasets/OCC/OCC_combined_10400/OCC_combined_10400.dl
9月 18, 2025 10:30:05 上午 DefinitionProvider getDefinition
信息: gotoDefinition: 0 document: d:/work24/souffle-lsp-plugin/gen_datasets/OCC/OCC_combined_10400/OCC_combined_10400.dl
9月 18, 2025 10:30:05 上午 RenameProvider getRename
信息: rename: 5 document: d:/work24/souffle-lsp-plugin/gen_datasets/OCC/OCC_combined_10400/OCC_combined_10400.dl
9月 18, 2025 10:30:07 上午 CompletionProvider getCompletions
信息: completion: 11 document: d:/work24/souffle-lsp-plugin/gen_datasets/OCC/OCC_combined_10400/OCC_combined_10400.dl
9月 18, 2025 10:30:14 上午 ReferenceProvider getLocateTime
信息: locate: 0 document: d:/work24/souffle-lsp-plugin/gen_datasets/OCC/OCC_combined_10400/OCC_combined_10400.dl
9月 18, 2025 10:30:15 上午 ReferenceProvider getSearchTime
信息: search: 883 document: d:/work24/souffle-lsp-plugin/gen_datasets/OCC/OCC_combined_10400/OCC_combined_10400.dl
9月 18, 2025 10:30:15 上午 ReferenceProvider getSearchTime
信息: subcontextNum: 4407 document: d:/work24/souffle-lsp-plugin/gen_datasets/OCC/OCC_combined_10400/OCC_combined_10400.dl
9月 18, 2025 10:30:15 上午 DefinitionProvider getDefinition
信息: gotoDefinition: 0 document: d:/work24/souffle-lsp-plugin/gen_datasets/OCC/OCC_combined_10400/OCC_combined_10400.dl
9月 18, 2025 10:30:15 上午 RenameProvider getRename
信息: rename: 3 document: d:/work24/souffle-lsp-plugin/gen_datasets/OCC/OCC_combined_10400/OCC_combined_10400.dl
9月 18, 2025 10:30:17 上午 CompletionProvider getCompletions
信息: completion: 8 document: d:/work24/souffle-lsp-plugin/gen_datasets/OCC/OCC_combined_10400/OCC_combined_10400.dl
9月 18, 2025 10:30:22 上午 ReferenceProvider getLocateTime
信息: locate: 0 document: d:/work24/souffle-lsp-plugin/gen_datasets/OCC/OCC_combined_10400/OCC_combined_10400.dl
9月 18, 2025 10:30:23 上午 ReferenceProvider getSearchTime
信息: search: 920 document: d:/work24/souffle-lsp-plugin/gen_datasets/OCC/OCC_combined_10400/OCC_combined_10400.dl
9月 18, 2025 10:30:23 上午 ReferenceProvider getSearchTime
信息: subcontextNum: 4407 document: d:/work24/souffle-lsp-plugin/gen_datasets/OCC/OCC_combined_10400/OCC_combined_10400.dl
9月 18, 2025 10:30:23 上午 DefinitionProvider getDefinition
信息: gotoDefinition: 0 document: d:/work24/souffle-lsp-plugin/gen_datasets/OCC/OCC_combined_10400/OCC_combined_10400.dl
9月 18, 2025 10:30:23 上午 RenameProvider getRename
信息: rename: 1 document: d:/work24/souffle-lsp-plugin/gen_datasets/OCC/OCC_combined_10400/OCC_combined_10400.dl
9月 18, 2025 10:30:25 上午 CompletionProvider getCompletions
信息: completion: 6 document: d:/work24/souffle-lsp-plugin/gen_datasets/OCC/OCC_combined_10400/OCC_combined_10400.dl

9月 18, 2025 10:30:34 上午 SouffleTextDocumentService countLineNum
信息: LOC: 6059 document: d:/work24/souffle-lsp-plugin/gen_datasets/OCC/OCC_combined_11200/OCC_combined_11200.dl
9月 18, 2025 10:30:34 上午 SouffleTextDocumentService countNodeNum
信息: NOD: 158933 document: d:/work24/souffle-lsp-plugin/gen_datasets/OCC/OCC_combined_11200/OCC_combined_11200.dl
9月 18, 2025 10:30:35 上午 SouffleTextDocumentService countDEFAndOCC
信息: DEF: 1606 document: d:/work24/souffle-lsp-plugin/gen_datasets/OCC/OCC_combined_11200/OCC_combined_11200.dl
9月 18, 2025 10:30:35 上午 SouffleTextDocumentService countDEFAndOCC
信息: OCC: 10990 document: d:/work24/souffle-lsp-plugin/gen_datasets/OCC/OCC_combined_11200/OCC_combined_11200.dl
9月 18, 2025 10:30:50 上午 ReferenceProvider getLocateTime
信息: locate: 0 document: d:/work24/souffle-lsp-plugin/gen_datasets/OCC/OCC_combined_11200/OCC_combined_11200.dl
9月 18, 2025 10:30:51 上午 ReferenceProvider getSearchTime
信息: search: 848 document: d:/work24/souffle-lsp-plugin/gen_datasets/OCC/OCC_combined_11200/OCC_combined_11200.dl
9月 18, 2025 10:30:51 上午 ReferenceProvider getSearchTime
信息: subcontextNum: 4458 document: d:/work24/souffle-lsp-plugin/gen_datasets/OCC/OCC_combined_11200/OCC_combined_11200.dl
9月 18, 2025 10:30:51 上午 DefinitionProvider getDefinition
信息: gotoDefinition: 0 document: d:/work24/souffle-lsp-plugin/gen_datasets/OCC/OCC_combined_11200/OCC_combined_11200.dl
9月 18, 2025 10:30:51 上午 RenameProvider getRename
信息: rename: 5 document: d:/work24/souffle-lsp-plugin/gen_datasets/OCC/OCC_combined_11200/OCC_combined_11200.dl
9月 18, 2025 10:30:54 上午 CompletionProvider getCompletions
信息: completion: 16 document: d:/work24/souffle-lsp-plugin/gen_datasets/OCC/OCC_combined_11200/OCC_combined_11200.dl
9月 18, 2025 10:31:00 上午 ReferenceProvider getLocateTime
信息: locate: 0 document: d:/work24/souffle-lsp-plugin/gen_datasets/OCC/OCC_combined_11200/OCC_combined_11200.dl
9月 18, 2025 10:31:01 上午 ReferenceProvider getSearchTime
信息: search: 989 document: d:/work24/souffle-lsp-plugin/gen_datasets/OCC/OCC_combined_11200/OCC_combined_11200.dl
9月 18, 2025 10:31:01 上午 ReferenceProvider getSearchTime
信息: subcontextNum: 4458 document: d:/work24/souffle-lsp-plugin/gen_datasets/OCC/OCC_combined_11200/OCC_combined_11200.dl
9月 18, 2025 10:31:01 上午 DefinitionProvider getDefinition
信息: gotoDefinition: 0 document: d:/work24/souffle-lsp-plugin/gen_datasets/OCC/OCC_combined_11200/OCC_combined_11200.dl
9月 18, 2025 10:31:01 上午 RenameProvider getRename
信息: rename: 2 document: d:/work24/souffle-lsp-plugin/gen_datasets/OCC/OCC_combined_11200/OCC_combined_11200.dl
9月 18, 2025 10:31:03 上午 CompletionProvider getCompletions
信息: completion: 8 document: d:/work24/souffle-lsp-plugin/gen_datasets/OCC/OCC_combined_11200/OCC_combined_11200.dl
9月 18, 2025 10:31:17 上午 CompletionProvider getCompletions
信息: completion: 8 document: d:/work24/souffle-lsp-plugin/gen_datasets/OCC/OCC_combined_11200/OCC_combined_11200.dl
9月 18, 2025 10:31:20 上午 ReferenceProvider getLocateTime
信息: locate: 0 document: d:/work24/souffle-lsp-plugin/gen_datasets/OCC/OCC_combined_11200/OCC_combined_11200.dl
9月 18, 2025 10:31:21 上午 ReferenceProvider getSearchTime
信息: search: 943 document: d:/work24/souffle-lsp-plugin/gen_datasets/OCC/OCC_combined_11200/OCC_combined_11200.dl
9月 18, 2025 10:31:21 上午 ReferenceProvider getSearchTime
信息: subcontextNum: 4458 document: d:/work24/souffle-lsp-plugin/gen_datasets/OCC/OCC_combined_11200/OCC_combined_11200.dl
9月 18, 2025 10:31:21 上午 DefinitionProvider getDefinition
信息: gotoDefinition: 0 document: d:/work24/souffle-lsp-plugin/gen_datasets/OCC/OCC_combined_11200/OCC_combined_11200.dl
9月 18, 2025 10:31:21 上午 RenameProvider getRename
信息: rename: 1 document: d:/work24/souffle-lsp-plugin/gen_datasets/OCC/OCC_combined_11200/OCC_combined_11200.dl

9月 18, 2025 10:31:54 上午 SouffleTextDocumentService countLineNum
信息: LOC: 6865 document: d:/work24/souffle-lsp-plugin/gen_datasets/OCC/OCC_combined_12000/OCC_combined_12000.dl
9月 18, 2025 10:31:54 上午 SouffleTextDocumentService countNodeNum
信息: NOD: 182783 document: d:/work24/souffle-lsp-plugin/gen_datasets/OCC/OCC_combined_12000/OCC_combined_12000.dl
9月 18, 2025 10:31:54 上午 SouffleTextDocumentService countDEFAndOCC
信息: DEF: 1682 document: d:/work24/souffle-lsp-plugin/gen_datasets/OCC/OCC_combined_12000/OCC_combined_12000.dl
9月 18, 2025 10:31:54 上午 SouffleTextDocumentService countDEFAndOCC
信息: OCC: 11904 document: d:/work24/souffle-lsp-plugin/gen_datasets/OCC/OCC_combined_12000/OCC_combined_12000.dl
9月 18, 2025 10:31:58 上午 ReferenceProvider getLocateTime
信息: locate: 0 document: d:/work24/souffle-lsp-plugin/gen_datasets/OCC/OCC_combined_12000/OCC_combined_12000.dl
9月 18, 2025 10:31:59 上午 ReferenceProvider getSearchTime
信息: search: 1039 document: d:/work24/souffle-lsp-plugin/gen_datasets/OCC/OCC_combined_12000/OCC_combined_12000.dl
9月 18, 2025 10:31:59 上午 ReferenceProvider getSearchTime
信息: subcontextNum: 5046 document: d:/work24/souffle-lsp-plugin/gen_datasets/OCC/OCC_combined_12000/OCC_combined_12000.dl
9月 18, 2025 10:31:59 上午 DefinitionProvider getDefinition
信息: gotoDefinition: 0 document: d:/work24/souffle-lsp-plugin/gen_datasets/OCC/OCC_combined_12000/OCC_combined_12000.dl
9月 18, 2025 10:31:59 上午 RenameProvider getRename
信息: rename: 5 document: d:/work24/souffle-lsp-plugin/gen_datasets/OCC/OCC_combined_12000/OCC_combined_12000.dl
9月 18, 2025 10:32:01 上午 CompletionProvider getCompletions
信息: completion: 10 document: d:/work24/souffle-lsp-plugin/gen_datasets/OCC/OCC_combined_12000/OCC_combined_12000.dl
9月 18, 2025 10:32:12 上午 ReferenceProvider getLocateTime
信息: locate: 0 document: d:/work24/souffle-lsp-plugin/gen_datasets/OCC/OCC_combined_12000/OCC_combined_12000.dl
9月 18, 2025 10:32:13 上午 ReferenceProvider getSearchTime
信息: search: 995 document: d:/work24/souffle-lsp-plugin/gen_datasets/OCC/OCC_combined_12000/OCC_combined_12000.dl
9月 18, 2025 10:32:13 上午 ReferenceProvider getSearchTime
信息: subcontextNum: 5046 document: d:/work24/souffle-lsp-plugin/gen_datasets/OCC/OCC_combined_12000/OCC_combined_12000.dl
9月 18, 2025 10:32:13 上午 DefinitionProvider getDefinition
信息: gotoDefinition: 0 document: d:/work24/souffle-lsp-plugin/gen_datasets/OCC/OCC_combined_12000/OCC_combined_12000.dl
9月 18, 2025 10:32:13 上午 RenameProvider getRename
信息: rename: 3 document: d:/work24/souffle-lsp-plugin/gen_datasets/OCC/OCC_combined_12000/OCC_combined_12000.dl
9月 18, 2025 10:32:15 上午 CompletionProvider getCompletions
信息: completion: 7 document: d:/work24/souffle-lsp-plugin/gen_datasets/OCC/OCC_combined_12000/OCC_combined_12000.dl
9月 18, 2025 10:32:27 上午 ReferenceProvider getLocateTime
信息: locate: 0 document: d:/work24/souffle-lsp-plugin/gen_datasets/OCC/OCC_combined_12000/OCC_combined_12000.dl
9月 18, 2025 10:32:28 上午 ReferenceProvider getSearchTime
信息: search: 1286 document: d:/work24/souffle-lsp-plugin/gen_datasets/OCC/OCC_combined_12000/OCC_combined_12000.dl
9月 18, 2025 10:32:28 上午 ReferenceProvider getSearchTime
信息: subcontextNum: 5046 document: d:/work24/souffle-lsp-plugin/gen_datasets/OCC/OCC_combined_12000/OCC_combined_12000.dl
9月 18, 2025 10:32:28 上午 DefinitionProvider getDefinition
信息: gotoDefinition: 0 document: d:/work24/souffle-lsp-plugin/gen_datasets/OCC/OCC_combined_12000/OCC_combined_12000.dl
9月 18, 2025 10:32:28 上午 RenameProvider getRename
信息: rename: 2 document: d:/work24/souffle-lsp-plugin/gen_datasets/OCC/OCC_combined_12000/OCC_combined_12000.dl
9月 18, 2025 10:32:30 上午 CompletionProvider getCompletions
信息: completion: 8 document: d:/work24/souffle-lsp-plugin/gen_datasets/OCC/OCC_combined_12000/OCC_combined_12000.dl

9月 18, 2025 10:32:56 上午 SouffleTextDocumentService countLineNum
信息: LOC: 6973 document: d:/work24/souffle-lsp-plugin/gen_datasets/OCC/OCC_combined_12800/OCC_combined_12800.dl
9月 18, 2025 10:32:56 上午 SouffleTextDocumentService countNodeNum
信息: NOD: 194781 document: d:/work24/souffle-lsp-plugin/gen_datasets/OCC/OCC_combined_12800/OCC_combined_12800.dl
9月 18, 2025 10:32:56 上午 SouffleTextDocumentService countDEFAndOCC
信息: DEF: 1696 document: d:/work24/souffle-lsp-plugin/gen_datasets/OCC/OCC_combined_12800/OCC_combined_12800.dl
9月 18, 2025 10:32:56 上午 SouffleTextDocumentService countDEFAndOCC
信息: OCC: 12568 document: d:/work24/souffle-lsp-plugin/gen_datasets/OCC/OCC_combined_12800/OCC_combined_12800.dl
9月 18, 2025 10:32:59 上午 ReferenceProvider getLocateTime
信息: locate: 0 document: d:/work24/souffle-lsp-plugin/gen_datasets/OCC/OCC_combined_12800/OCC_combined_12800.dl
9月 18, 2025 10:33:00 上午 ReferenceProvider getSearchTime
信息: search: 999 document: d:/work24/souffle-lsp-plugin/gen_datasets/OCC/OCC_combined_12800/OCC_combined_12800.dl
9月 18, 2025 10:33:00 上午 ReferenceProvider getSearchTime
信息: subcontextNum: 5203 document: d:/work24/souffle-lsp-plugin/gen_datasets/OCC/OCC_combined_12800/OCC_combined_12800.dl
9月 18, 2025 10:33:00 上午 DefinitionProvider getDefinition
信息: gotoDefinition: 0 document: d:/work24/souffle-lsp-plugin/gen_datasets/OCC/OCC_combined_12800/OCC_combined_12800.dl
9月 18, 2025 10:33:00 上午 RenameProvider getRename
信息: rename: 6 document: d:/work24/souffle-lsp-plugin/gen_datasets/OCC/OCC_combined_12800/OCC_combined_12800.dl
9月 18, 2025 10:33:03 上午 CompletionProvider getCompletions
信息: completion: 18 document: d:/work24/souffle-lsp-plugin/gen_datasets/OCC/OCC_combined_12800/OCC_combined_12800.dl
9月 18, 2025 10:33:09 上午 ReferenceProvider getLocateTime
信息: locate: 0 document: d:/work24/souffle-lsp-plugin/gen_datasets/OCC/OCC_combined_12800/OCC_combined_12800.dl
9月 18, 2025 10:33:10 上午 ReferenceProvider getSearchTime
信息: search: 1109 document: d:/work24/souffle-lsp-plugin/gen_datasets/OCC/OCC_combined_12800/OCC_combined_12800.dl
9月 18, 2025 10:33:10 上午 ReferenceProvider getSearchTime
信息: subcontextNum: 5203 document: d:/work24/souffle-lsp-plugin/gen_datasets/OCC/OCC_combined_12800/OCC_combined_12800.dl
9月 18, 2025 10:33:10 上午 DefinitionProvider getDefinition
信息: gotoDefinition: 0 document: d:/work24/souffle-lsp-plugin/gen_datasets/OCC/OCC_combined_12800/OCC_combined_12800.dl
9月 18, 2025 10:33:10 上午 RenameProvider getRename
信息: rename: 3 document: d:/work24/souffle-lsp-plugin/gen_datasets/OCC/OCC_combined_12800/OCC_combined_12800.dl
9月 18, 2025 10:33:13 上午 CompletionProvider getCompletions
信息: completion: 7 document: d:/work24/souffle-lsp-plugin/gen_datasets/OCC/OCC_combined_12800/OCC_combined_12800.dl
9月 18, 2025 10:33:18 上午 ReferenceProvider getLocateTime
信息: locate: 0 document: d:/work24/souffle-lsp-plugin/gen_datasets/OCC/OCC_combined_12800/OCC_combined_12800.dl
9月 18, 2025 10:33:20 上午 ReferenceProvider getSearchTime
信息: search: 1171 document: d:/work24/souffle-lsp-plugin/gen_datasets/OCC/OCC_combined_12800/OCC_combined_12800.dl
9月 18, 2025 10:33:20 上午 ReferenceProvider getSearchTime
信息: subcontextNum: 5203 document: d:/work24/souffle-lsp-plugin/gen_datasets/OCC/OCC_combined_12800/OCC_combined_12800.dl
9月 18, 2025 10:33:20 上午 DefinitionProvider getDefinition
信息: gotoDefinition: 0 document: d:/work24/souffle-lsp-plugin/gen_datasets/OCC/OCC_combined_12800/OCC_combined_12800.dl
9月 18, 2025 10:33:20 上午 RenameProvider getRename
信息: rename: 3 document: d:/work24/souffle-lsp-plugin/gen_datasets/OCC/OCC_combined_12800/OCC_combined_12800.dl
9月 18, 2025 10:33:21 上午 CompletionProvider getCompletions
信息: completion: 9 document: d:/work24/souffle-lsp-plugin/gen_datasets/OCC/OCC_combined_12800/OCC_combined_12800.dl

9月 18, 2025 10:33:31 上午 SouffleTextDocumentService countLineNum
信息: LOC: 7529 document: d:/work24/souffle-lsp-plugin/gen_datasets/OCC/OCC_combined_13600/OCC_combined_13600.dl
9月 18, 2025 10:33:31 上午 SouffleTextDocumentService countNodeNum
信息: NOD: 204754 document: d:/work24/souffle-lsp-plugin/gen_datasets/OCC/OCC_combined_13600/OCC_combined_13600.dl
9月 18, 2025 10:33:31 上午 SouffleTextDocumentService countDEFAndOCC
信息: DEF: 1735 document: d:/work24/souffle-lsp-plugin/gen_datasets/OCC/OCC_combined_13600/OCC_combined_13600.dl
9月 18, 2025 10:33:31 上午 SouffleTextDocumentService countDEFAndOCC
信息: OCC: 13277 document: d:/work24/souffle-lsp-plugin/gen_datasets/OCC/OCC_combined_13600/OCC_combined_13600.dl
9月 18, 2025 10:33:34 上午 ReferenceProvider getLocateTime
信息: locate: 0 document: d:/work24/souffle-lsp-plugin/gen_datasets/OCC/OCC_combined_13600/OCC_combined_13600.dl
9月 18, 2025 10:33:35 上午 ReferenceProvider getSearchTime
信息: search: 1056 document: d:/work24/souffle-lsp-plugin/gen_datasets/OCC/OCC_combined_13600/OCC_combined_13600.dl
9月 18, 2025 10:33:35 上午 ReferenceProvider getSearchTime
信息: subcontextNum: 5267 document: d:/work24/souffle-lsp-plugin/gen_datasets/OCC/OCC_combined_13600/OCC_combined_13600.dl
9月 18, 2025 10:33:35 上午 DefinitionProvider getDefinition
信息: gotoDefinition: 0 document: d:/work24/souffle-lsp-plugin/gen_datasets/OCC/OCC_combined_13600/OCC_combined_13600.dl
9月 18, 2025 10:33:35 上午 RenameProvider getRename
信息: rename: 6 document: d:/work24/souffle-lsp-plugin/gen_datasets/OCC/OCC_combined_13600/OCC_combined_13600.dl
9月 18, 2025 10:33:37 上午 CompletionProvider getCompletions
信息: completion: 11 document: d:/work24/souffle-lsp-plugin/gen_datasets/OCC/OCC_combined_13600/OCC_combined_13600.dl
9月 18, 2025 10:33:44 上午 ReferenceProvider getLocateTime
信息: locate: 0 document: d:/work24/souffle-lsp-plugin/gen_datasets/OCC/OCC_combined_13600/OCC_combined_13600.dl
9月 18, 2025 10:33:45 上午 ReferenceProvider getSearchTime
信息: search: 1229 document: d:/work24/souffle-lsp-plugin/gen_datasets/OCC/OCC_combined_13600/OCC_combined_13600.dl
9月 18, 2025 10:33:45 上午 ReferenceProvider getSearchTime
信息: subcontextNum: 5267 document: d:/work24/souffle-lsp-plugin/gen_datasets/OCC/OCC_combined_13600/OCC_combined_13600.dl
9月 18, 2025 10:33:45 上午 DefinitionProvider getDefinition
信息: gotoDefinition: 0 document: d:/work24/souffle-lsp-plugin/gen_datasets/OCC/OCC_combined_13600/OCC_combined_13600.dl
9月 18, 2025 10:33:45 上午 RenameProvider getRename
信息: rename: 3 document: d:/work24/souffle-lsp-plugin/gen_datasets/OCC/OCC_combined_13600/OCC_combined_13600.dl
9月 18, 2025 10:33:47 上午 CompletionProvider getCompletions
信息: completion: 17 document: d:/work24/souffle-lsp-plugin/gen_datasets/OCC/OCC_combined_13600/OCC_combined_13600.dl
9月 18, 2025 10:33:53 上午 ReferenceProvider getLocateTime
信息: locate: 0 document: d:/work24/souffle-lsp-plugin/gen_datasets/OCC/OCC_combined_13600/OCC_combined_13600.dl
9月 18, 2025 10:33:54 上午 ReferenceProvider getSearchTime
信息: search: 1199 document: d:/work24/souffle-lsp-plugin/gen_datasets/OCC/OCC_combined_13600/OCC_combined_13600.dl
9月 18, 2025 10:33:54 上午 ReferenceProvider getSearchTime
信息: subcontextNum: 5267 document: d:/work24/souffle-lsp-plugin/gen_datasets/OCC/OCC_combined_13600/OCC_combined_13600.dl
9月 18, 2025 10:33:54 上午 DefinitionProvider getDefinition
信息: gotoDefinition: 0 document: d:/work24/souffle-lsp-plugin/gen_datasets/OCC/OCC_combined_13600/OCC_combined_13600.dl
9月 18, 2025 10:33:54 上午 RenameProvider getRename
信息: rename: 2 document: d:/work24/souffle-lsp-plugin/gen_datasets/OCC/OCC_combined_13600/OCC_combined_13600.dl
9月 18, 2025 10:33:56 上午 CompletionProvider getCompletions
信息: completion: 8 document: d:/work24/souffle-lsp-plugin/gen_datasets/OCC/OCC_combined_13600/OCC_combined_13600.dl

9月 18, 2025 10:34:05 上午 SouffleTextDocumentService countLineNum
信息: LOC: 7660 document: d:/work24/souffle-lsp-plugin/gen_datasets/OCC/OCC_combined_14400/OCC_combined_14400.dl
9月 18, 2025 10:34:05 上午 SouffleTextDocumentService countNodeNum
信息: NOD: 213375 document: d:/work24/souffle-lsp-plugin/gen_datasets/OCC/OCC_combined_14400/OCC_combined_14400.dl
9月 18, 2025 10:34:05 上午 SouffleTextDocumentService countDEFAndOCC
信息: DEF: 1998 document: d:/work24/souffle-lsp-plugin/gen_datasets/OCC/OCC_combined_14400/OCC_combined_14400.dl
9月 18, 2025 10:34:05 上午 SouffleTextDocumentService countDEFAndOCC
信息: OCC: 14197 document: d:/work24/souffle-lsp-plugin/gen_datasets/OCC/OCC_combined_14400/OCC_combined_14400.dl
9月 18, 2025 10:34:54 上午 SouffleTextDocumentService countLineNum
信息: LOC: 7660 document: d:/work24/souffle-lsp-plugin/gen_datasets/OCC/OCC_combined_14400/OCC_combined_14400.dl
9月 18, 2025 10:34:54 上午 SouffleTextDocumentService countNodeNum
信息: NOD: 213375 document: d:/work24/souffle-lsp-plugin/gen_datasets/OCC/OCC_combined_14400/OCC_combined_14400.dl
9月 18, 2025 10:34:54 上午 SouffleTextDocumentService countDEFAndOCC
信息: DEF: 1998 document: d:/work24/souffle-lsp-plugin/gen_datasets/OCC/OCC_combined_14400/OCC_combined_14400.dl
9月 18, 2025 10:34:54 上午 SouffleTextDocumentService countDEFAndOCC
信息: OCC: 14197 document: d:/work24/souffle-lsp-plugin/gen_datasets/OCC/OCC_combined_14400/OCC_combined_14400.dl
9月 18, 2025 10:34:59 上午 ReferenceProvider getLocateTime
信息: locate: 0 document: d:/work24/souffle-lsp-plugin/gen_datasets/OCC/OCC_combined_14400/OCC_combined_14400.dl
9月 18, 2025 10:35:00 上午 ReferenceProvider getSearchTime
信息: search: 1308 document: d:/work24/souffle-lsp-plugin/gen_datasets/OCC/OCC_combined_14400/OCC_combined_14400.dl
9月 18, 2025 10:35:00 上午 ReferenceProvider getSearchTime
信息: subcontextNum: 5633 document: d:/work24/souffle-lsp-plugin/gen_datasets/OCC/OCC_combined_14400/OCC_combined_14400.dl
9月 18, 2025 10:35:00 上午 DefinitionProvider getDefinition
信息: gotoDefinition: 0 document: d:/work24/souffle-lsp-plugin/gen_datasets/OCC/OCC_combined_14400/OCC_combined_14400.dl
9月 18, 2025 10:35:00 上午 RenameProvider getRename
信息: rename: 5 document: d:/work24/souffle-lsp-plugin/gen_datasets/OCC/OCC_combined_14400/OCC_combined_14400.dl
9月 18, 2025 10:35:03 上午 CompletionProvider getCompletions
信息: completion: 9 document: d:/work24/souffle-lsp-plugin/gen_datasets/OCC/OCC_combined_14400/OCC_combined_14400.dl
9月 18, 2025 10:35:08 上午 ReferenceProvider getLocateTime
信息: locate: 0 document: d:/work24/souffle-lsp-plugin/gen_datasets/OCC/OCC_combined_14400/OCC_combined_14400.dl
9月 18, 2025 10:35:10 上午 ReferenceProvider getSearchTime
信息: search: 1347 document: d:/work24/souffle-lsp-plugin/gen_datasets/OCC/OCC_combined_14400/OCC_combined_14400.dl
9月 18, 2025 10:35:10 上午 ReferenceProvider getSearchTime
信息: subcontextNum: 5633 document: d:/work24/souffle-lsp-plugin/gen_datasets/OCC/OCC_combined_14400/OCC_combined_14400.dl
9月 18, 2025 10:35:10 上午 DefinitionProvider getDefinition
信息: gotoDefinition: 0 document: d:/work24/souffle-lsp-plugin/gen_datasets/OCC/OCC_combined_14400/OCC_combined_14400.dl
9月 18, 2025 10:35:10 上午 RenameProvider getRename
信息: rename: 3 document: d:/work24/souffle-lsp-plugin/gen_datasets/OCC/OCC_combined_14400/OCC_combined_14400.dl
9月 18, 2025 10:35:11 上午 CompletionProvider getCompletions
信息: completion: 9 document: d:/work24/souffle-lsp-plugin/gen_datasets/OCC/OCC_combined_14400/OCC_combined_14400.dl
9月 18, 2025 10:35:17 上午 ReferenceProvider getLocateTime
信息: locate: 0 document: d:/work24/souffle-lsp-plugin/gen_datasets/OCC/OCC_combined_14400/OCC_combined_14400.dl
9月 18, 2025 10:35:19 上午 ReferenceProvider getSearchTime
信息: search: 1436 document: d:/work24/souffle-lsp-plugin/gen_datasets/OCC/OCC_combined_14400/OCC_combined_14400.dl
9月 18, 2025 10:35:19 上午 ReferenceProvider getSearchTime
信息: subcontextNum: 5633 document: d:/work24/souffle-lsp-plugin/gen_datasets/OCC/OCC_combined_14400/OCC_combined_14400.dl
9月 18, 2025 10:35:19 上午 DefinitionProvider getDefinition
信息: gotoDefinition: 0 document: d:/work24/souffle-lsp-plugin/gen_datasets/OCC/OCC_combined_14400/OCC_combined_14400.dl
9月 18, 2025 10:35:19 上午 RenameProvider getRename
信息: rename: 3 document: d:/work24/souffle-lsp-plugin/gen_datasets/OCC/OCC_combined_14400/OCC_combined_14400.dl
9月 18, 2025 10:35:20 上午 CompletionProvider getCompletions
信息: completion: 9 document: d:/work24/souffle-lsp-plugin/gen_datasets/OCC/OCC_combined_14400/OCC_combined_14400.dl

9月 18, 2025 10:35:30 上午 SouffleTextDocumentService countLineNum
信息: LOC: 8499 document: d:/work24/souffle-lsp-plugin/gen_datasets/OCC/OCC_combined_15200/OCC_combined_15200.dl
9月 18, 2025 10:35:30 上午 SouffleTextDocumentService countNodeNum
信息: NOD: 238053 document: d:/work24/souffle-lsp-plugin/gen_datasets/OCC/OCC_combined_15200/OCC_combined_15200.dl
9月 18, 2025 10:35:30 上午 SouffleTextDocumentService countDEFAndOCC
信息: DEF: 2093 document: d:/work24/souffle-lsp-plugin/gen_datasets/OCC/OCC_combined_15200/OCC_combined_15200.dl
9月 18, 2025 10:35:30 上午 SouffleTextDocumentService countDEFAndOCC
信息: OCC: 15146 document: d:/work24/souffle-lsp-plugin/gen_datasets/OCC/OCC_combined_15200/OCC_combined_15200.dl
9月 18, 2025 10:35:37 上午 ReferenceProvider getLocateTime
信息: locate: 0 document: d:/work24/souffle-lsp-plugin/gen_datasets/OCC/OCC_combined_15200/OCC_combined_15200.dl
9月 18, 2025 10:35:39 上午 ReferenceProvider getSearchTime
信息: search: 1291 document: d:/work24/souffle-lsp-plugin/gen_datasets/OCC/OCC_combined_15200/OCC_combined_15200.dl
9月 18, 2025 10:35:39 上午 ReferenceProvider getSearchTime
信息: subcontextNum: 6088 document: d:/work24/souffle-lsp-plugin/gen_datasets/OCC/OCC_combined_15200/OCC_combined_15200.dl
9月 18, 2025 10:35:39 上午 DefinitionProvider getDefinition
信息: gotoDefinition: 0 document: d:/work24/souffle-lsp-plugin/gen_datasets/OCC/OCC_combined_15200/OCC_combined_15200.dl
9月 18, 2025 10:35:39 上午 RenameProvider getRename
信息: rename: 6 document: d:/work24/souffle-lsp-plugin/gen_datasets/OCC/OCC_combined_15200/OCC_combined_15200.dl
9月 18, 2025 10:35:40 上午 CompletionProvider getCompletions
信息: completion: 12 document: d:/work24/souffle-lsp-plugin/gen_datasets/OCC/OCC_combined_15200/OCC_combined_15200.dl
9月 18, 2025 10:35:47 上午 ReferenceProvider getLocateTime
信息: locate: 0 document: d:/work24/souffle-lsp-plugin/gen_datasets/OCC/OCC_combined_15200/OCC_combined_15200.dl
9月 18, 2025 10:35:49 上午 ReferenceProvider getSearchTime
信息: search: 1244 document: d:/work24/souffle-lsp-plugin/gen_datasets/OCC/OCC_combined_15200/OCC_combined_15200.dl
9月 18, 2025 10:35:49 上午 ReferenceProvider getSearchTime
信息: subcontextNum: 6088 document: d:/work24/souffle-lsp-plugin/gen_datasets/OCC/OCC_combined_15200/OCC_combined_15200.dl
9月 18, 2025 10:35:49 上午 DefinitionProvider getDefinition
信息: gotoDefinition: 0 document: d:/work24/souffle-lsp-plugin/gen_datasets/OCC/OCC_combined_15200/OCC_combined_15200.dl
9月 18, 2025 10:35:49 上午 RenameProvider getRename
信息: rename: 4 document: d:/work24/souffle-lsp-plugin/gen_datasets/OCC/OCC_combined_15200/OCC_combined_15200.dl
9月 18, 2025 10:35:51 上午 CompletionProvider getCompletions
信息: completion: 8 document: d:/work24/souffle-lsp-plugin/gen_datasets/OCC/OCC_combined_15200/OCC_combined_15200.dl
9月 18, 2025 10:35:56 上午 ReferenceProvider getLocateTime
信息: locate: 0 document: d:/work24/souffle-lsp-plugin/gen_datasets/OCC/OCC_combined_15200/OCC_combined_15200.dl
9月 18, 2025 10:35:57 上午 ReferenceProvider getSearchTime
信息: search: 1408 document: d:/work24/souffle-lsp-plugin/gen_datasets/OCC/OCC_combined_15200/OCC_combined_15200.dl
9月 18, 2025 10:35:57 上午 ReferenceProvider getSearchTime
信息: subcontextNum: 6088 document: d:/work24/souffle-lsp-plugin/gen_datasets/OCC/OCC_combined_15200/OCC_combined_15200.dl
9月 18, 2025 10:35:57 上午 DefinitionProvider getDefinition
信息: gotoDefinition: 0 document: d:/work24/souffle-lsp-plugin/gen_datasets/OCC/OCC_combined_15200/OCC_combined_15200.dl
9月 18, 2025 10:35:57 上午 RenameProvider getRename
信息: rename: 5 document: d:/work24/souffle-lsp-plugin/gen_datasets/OCC/OCC_combined_15200/OCC_combined_15200.dl
9月 18, 2025 10:36:29 上午 CompletionProvider getCompletions
信息: completion: 10 document: d:/work24/souffle-lsp-plugin/gen_datasets/OCC/OCC_combined_15200/OCC_combined_15200.dl

9月 18, 2025 10:22:36 上午 SouffleTextDocumentService countLineNum
信息: LOC: 789 document: d:/work24/souffle-lsp-plugin/gen_datasets/OCC/OCC_combined_1600/OCC_combined_1600.dl
9月 18, 2025 10:22:36 上午 SouffleTextDocumentService countNodeNum
信息: NOD: 21809 document: d:/work24/souffle-lsp-plugin/gen_datasets/OCC/OCC_combined_1600/OCC_combined_1600.dl
9月 18, 2025 10:22:36 上午 SouffleTextDocumentService countDEFAndOCC
信息: DEF: 222 document: d:/work24/souffle-lsp-plugin/gen_datasets/OCC/OCC_combined_1600/OCC_combined_1600.dl
9月 18, 2025 10:22:36 上午 SouffleTextDocumentService countDEFAndOCC
信息: OCC: 1514 document: d:/work24/souffle-lsp-plugin/gen_datasets/OCC/OCC_combined_1600/OCC_combined_1600.dl
9月 18, 2025 10:22:38 上午 ReferenceProvider getLocateTime
信息: locate: 0 document: d:/work24/souffle-lsp-plugin/gen_datasets/OCC/OCC_combined_1600/OCC_combined_1600.dl
9月 18, 2025 10:22:38 上午 ReferenceProvider getSearchTime
信息: search: 71 document: d:/work24/souffle-lsp-plugin/gen_datasets/OCC/OCC_combined_1600/OCC_combined_1600.dl
9月 18, 2025 10:22:38 上午 ReferenceProvider getSearchTime
信息: subcontextNum: 555 document: d:/work24/souffle-lsp-plugin/gen_datasets/OCC/OCC_combined_1600/OCC_combined_1600.dl
9月 18, 2025 10:22:38 上午 DefinitionProvider getDefinition
信息: gotoDefinition: 0 document: d:/work24/souffle-lsp-plugin/gen_datasets/OCC/OCC_combined_1600/OCC_combined_1600.dl
9月 18, 2025 10:22:38 上午 RenameProvider getRename
信息: rename: 2 document: d:/work24/souffle-lsp-plugin/gen_datasets/OCC/OCC_combined_1600/OCC_combined_1600.dl
9月 18, 2025 10:22:41 上午 CompletionProvider getCompletions
信息: completion: 2 document: d:/work24/souffle-lsp-plugin/gen_datasets/OCC/OCC_combined_1600/OCC_combined_1600.dl
9月 18, 2025 10:22:46 上午 DefinitionProvider getDefinition
信息: gotoDefinition: 0 document: d:/work24/souffle-lsp-plugin/gen_datasets/OCC/OCC_combined_1600/OCC_combined_1600.dl
9月 18, 2025 10:22:49 上午 ReferenceProvider getLocateTime
信息: locate: 0 document: d:/work24/souffle-lsp-plugin/gen_datasets/OCC/OCC_combined_1600/OCC_combined_1600.dl
9月 18, 2025 10:22:49 上午 ReferenceProvider getSearchTime
信息: search: 68 document: d:/work24/souffle-lsp-plugin/gen_datasets/OCC/OCC_combined_1600/OCC_combined_1600.dl
9月 18, 2025 10:22:49 上午 ReferenceProvider getSearchTime
信息: subcontextNum: 555 document: d:/work24/souffle-lsp-plugin/gen_datasets/OCC/OCC_combined_1600/OCC_combined_1600.dl
9月 18, 2025 10:22:49 上午 DefinitionProvider getDefinition
信息: gotoDefinition: 0 document: d:/work24/souffle-lsp-plugin/gen_datasets/OCC/OCC_combined_1600/OCC_combined_1600.dl
9月 18, 2025 10:22:49 上午 RenameProvider getRename
信息: rename: 0 document: d:/work24/souffle-lsp-plugin/gen_datasets/OCC/OCC_combined_1600/OCC_combined_1600.dl
9月 18, 2025 10:22:52 上午 CompletionProvider getCompletions
信息: completion: 1 document: d:/work24/souffle-lsp-plugin/gen_datasets/OCC/OCC_combined_1600/OCC_combined_1600.dl
9月 18, 2025 10:22:58 上午 ReferenceProvider getLocateTime
信息: locate: 0 document: d:/work24/souffle-lsp-plugin/gen_datasets/OCC/OCC_combined_1600/OCC_combined_1600.dl
9月 18, 2025 10:22:59 上午 ReferenceProvider getSearchTime
信息: search: 48 document: d:/work24/souffle-lsp-plugin/gen_datasets/OCC/OCC_combined_1600/OCC_combined_1600.dl
9月 18, 2025 10:22:59 上午 ReferenceProvider getSearchTime
信息: subcontextNum: 555 document: d:/work24/souffle-lsp-plugin/gen_datasets/OCC/OCC_combined_1600/OCC_combined_1600.dl
9月 18, 2025 10:22:59 上午 DefinitionProvider getDefinition
信息: gotoDefinition: 0 document: d:/work24/souffle-lsp-plugin/gen_datasets/OCC/OCC_combined_1600/OCC_combined_1600.dl
9月 18, 2025 10:22:59 上午 RenameProvider getRename
信息: rename: 1 document: d:/work24/souffle-lsp-plugin/gen_datasets/OCC/OCC_combined_1600/OCC_combined_1600.dl
9月 18, 2025 10:23:02 上午 CompletionProvider getCompletions
信息: completion: 1 document: d:/work24/souffle-lsp-plugin/gen_datasets/OCC/OCC_combined_1600/OCC_combined_1600.dl

9月 18, 2025 10:36:41 上午 SouffleTextDocumentService countLineNum
信息: LOC: 8240 document: d:/work24/souffle-lsp-plugin/gen_datasets/OCC/OCC_combined_16000/OCC_combined_16000.dl
9月 18, 2025 10:36:41 上午 SouffleTextDocumentService countNodeNum
信息: NOD: 234547 document: d:/work24/souffle-lsp-plugin/gen_datasets/OCC/OCC_combined_16000/OCC_combined_16000.dl
9月 18, 2025 10:36:41 上午 SouffleTextDocumentService countDEFAndOCC
信息: DEF: 2453 document: d:/work24/souffle-lsp-plugin/gen_datasets/OCC/OCC_combined_16000/OCC_combined_16000.dl
9月 18, 2025 10:36:41 上午 SouffleTextDocumentService countDEFAndOCC
信息: OCC: 15974 document: d:/work24/souffle-lsp-plugin/gen_datasets/OCC/OCC_combined_16000/OCC_combined_16000.dl
9月 18, 2025 10:36:46 上午 ReferenceProvider getLocateTime
信息: locate: 0 document: d:/work24/souffle-lsp-plugin/gen_datasets/OCC/OCC_combined_16000/OCC_combined_16000.dl
9月 18, 2025 10:36:48 上午 ReferenceProvider getSearchTime
信息: search: 1233 document: d:/work24/souffle-lsp-plugin/gen_datasets/OCC/OCC_combined_16000/OCC_combined_16000.dl
9月 18, 2025 10:36:48 上午 ReferenceProvider getSearchTime
信息: subcontextNum: 6425 document: d:/work24/souffle-lsp-plugin/gen_datasets/OCC/OCC_combined_16000/OCC_combined_16000.dl
9月 18, 2025 10:36:48 上午 DefinitionProvider getDefinition
信息: gotoDefinition: 0 document: d:/work24/souffle-lsp-plugin/gen_datasets/OCC/OCC_combined_16000/OCC_combined_16000.dl
9月 18, 2025 10:36:48 上午 RenameProvider getRename
信息: rename: 6 document: d:/work24/souffle-lsp-plugin/gen_datasets/OCC/OCC_combined_16000/OCC_combined_16000.dl
9月 18, 2025 10:36:50 上午 CompletionProvider getCompletions
信息: completion: 12 document: d:/work24/souffle-lsp-plugin/gen_datasets/OCC/OCC_combined_16000/OCC_combined_16000.dl
9月 18, 2025 10:37:02 上午 ReferenceProvider getLocateTime
信息: locate: 0 document: d:/work24/souffle-lsp-plugin/gen_datasets/OCC/OCC_combined_16000/OCC_combined_16000.dl
9月 18, 2025 10:37:04 上午 ReferenceProvider getSearchTime
信息: search: 1641 document: d:/work24/souffle-lsp-plugin/gen_datasets/OCC/OCC_combined_16000/OCC_combined_16000.dl
9月 18, 2025 10:37:04 上午 ReferenceProvider getSearchTime
信息: subcontextNum: 6425 document: d:/work24/souffle-lsp-plugin/gen_datasets/OCC/OCC_combined_16000/OCC_combined_16000.dl
9月 18, 2025 10:37:04 上午 DefinitionProvider getDefinition
信息: gotoDefinition: 0 document: d:/work24/souffle-lsp-plugin/gen_datasets/OCC/OCC_combined_16000/OCC_combined_16000.dl
9月 18, 2025 10:37:04 上午 RenameProvider getRename
信息: rename: 3 document: d:/work24/souffle-lsp-plugin/gen_datasets/OCC/OCC_combined_16000/OCC_combined_16000.dl
9月 18, 2025 10:37:06 上午 CompletionProvider getCompletions
信息: completion: 10 document: d:/work24/souffle-lsp-plugin/gen_datasets/OCC/OCC_combined_16000/OCC_combined_16000.dl
9月 18, 2025 10:37:11 上午 ReferenceProvider getLocateTime
信息: locate: 0 document: d:/work24/souffle-lsp-plugin/gen_datasets/OCC/OCC_combined_16000/OCC_combined_16000.dl
9月 18, 2025 10:37:12 上午 ReferenceProvider getSearchTime
信息: search: 1547 document: d:/work24/souffle-lsp-plugin/gen_datasets/OCC/OCC_combined_16000/OCC_combined_16000.dl
9月 18, 2025 10:37:12 上午 ReferenceProvider getSearchTime
信息: subcontextNum: 6425 document: d:/work24/souffle-lsp-plugin/gen_datasets/OCC/OCC_combined_16000/OCC_combined_16000.dl
9月 18, 2025 10:37:12 上午 DefinitionProvider getDefinition
信息: gotoDefinition: 0 document: d:/work24/souffle-lsp-plugin/gen_datasets/OCC/OCC_combined_16000/OCC_combined_16000.dl
9月 18, 2025 10:37:12 上午 RenameProvider getRename
信息: rename: 3 document: d:/work24/souffle-lsp-plugin/gen_datasets/OCC/OCC_combined_16000/OCC_combined_16000.dl
9月 18, 2025 10:37:15 上午 CompletionProvider getCompletions
信息: completion: 9 document: d:/work24/souffle-lsp-plugin/gen_datasets/OCC/OCC_combined_16000/OCC_combined_16000.dl

9月 18, 2025 10:37:26 上午 SouffleTextDocumentService countLineNum
信息: LOC: 9382 document: d:/work24/souffle-lsp-plugin/gen_datasets/OCC/OCC_combined_16800/OCC_combined_16800.dl
9月 18, 2025 10:37:26 上午 SouffleTextDocumentService countNodeNum
信息: NOD: 244820 document: d:/work24/souffle-lsp-plugin/gen_datasets/OCC/OCC_combined_16800/OCC_combined_16800.dl
9月 18, 2025 10:37:26 上午 SouffleTextDocumentService countDEFAndOCC
信息: DEF: 2695 document: d:/work24/souffle-lsp-plugin/gen_datasets/OCC/OCC_combined_16800/OCC_combined_16800.dl
9月 18, 2025 10:37:26 上午 SouffleTextDocumentService countDEFAndOCC
信息: OCC: 16718 document: d:/work24/souffle-lsp-plugin/gen_datasets/OCC/OCC_combined_16800/OCC_combined_16800.dl
9月 18, 2025 10:37:26 上午 ReferenceProvider getLocateTime
信息: locate: 0 document: d:/work24/souffle-lsp-plugin/gen_datasets/OCC/OCC_combined_16800/OCC_combined_16800.dl
9月 18, 2025 10:37:28 上午 ReferenceProvider getSearchTime
信息: search: 1753 document: d:/work24/souffle-lsp-plugin/gen_datasets/OCC/OCC_combined_16800/OCC_combined_16800.dl
9月 18, 2025 10:37:28 上午 ReferenceProvider getSearchTime
信息: subcontextNum: 7065 document: d:/work24/souffle-lsp-plugin/gen_datasets/OCC/OCC_combined_16800/OCC_combined_16800.dl
9月 18, 2025 10:37:28 上午 DefinitionProvider getDefinition
信息: gotoDefinition: 0 document: d:/work24/souffle-lsp-plugin/gen_datasets/OCC/OCC_combined_16800/OCC_combined_16800.dl
9月 18, 2025 10:37:28 上午 RenameProvider getRename
信息: rename: 6 document: d:/work24/souffle-lsp-plugin/gen_datasets/OCC/OCC_combined_16800/OCC_combined_16800.dl
9月 18, 2025 10:37:30 上午 CompletionProvider getCompletions
信息: completion: 13 document: d:/work24/souffle-lsp-plugin/gen_datasets/OCC/OCC_combined_16800/OCC_combined_16800.dl
9月 18, 2025 10:37:36 上午 ReferenceProvider getLocateTime
信息: locate: 0 document: d:/work24/souffle-lsp-plugin/gen_datasets/OCC/OCC_combined_16800/OCC_combined_16800.dl
9月 18, 2025 10:37:38 上午 ReferenceProvider getSearchTime
信息: search: 1659 document: d:/work24/souffle-lsp-plugin/gen_datasets/OCC/OCC_combined_16800/OCC_combined_16800.dl
9月 18, 2025 10:37:38 上午 ReferenceProvider getSearchTime
信息: subcontextNum: 7065 document: d:/work24/souffle-lsp-plugin/gen_datasets/OCC/OCC_combined_16800/OCC_combined_16800.dl
9月 18, 2025 10:37:38 上午 DefinitionProvider getDefinition
信息: gotoDefinition: 0 document: d:/work24/souffle-lsp-plugin/gen_datasets/OCC/OCC_combined_16800/OCC_combined_16800.dl
9月 18, 2025 10:37:38 上午 RenameProvider getRename
信息: rename: 4 document: d:/work24/souffle-lsp-plugin/gen_datasets/OCC/OCC_combined_16800/OCC_combined_16800.dl
9月 18, 2025 10:37:40 上午 CompletionProvider getCompletions
信息: completion: 11 document: d:/work24/souffle-lsp-plugin/gen_datasets/OCC/OCC_combined_16800/OCC_combined_16800.dl
9月 18, 2025 10:37:45 上午 ReferenceProvider getLocateTime
信息: locate: 0 document: d:/work24/souffle-lsp-plugin/gen_datasets/OCC/OCC_combined_16800/OCC_combined_16800.dl
9月 18, 2025 10:37:47 上午 ReferenceProvider getSearchTime
信息: search: 1507 document: d:/work24/souffle-lsp-plugin/gen_datasets/OCC/OCC_combined_16800/OCC_combined_16800.dl
9月 18, 2025 10:37:47 上午 ReferenceProvider getSearchTime
信息: subcontextNum: 7065 document: d:/work24/souffle-lsp-plugin/gen_datasets/OCC/OCC_combined_16800/OCC_combined_16800.dl
9月 18, 2025 10:37:47 上午 DefinitionProvider getDefinition
信息: gotoDefinition: 0 document: d:/work24/souffle-lsp-plugin/gen_datasets/OCC/OCC_combined_16800/OCC_combined_16800.dl
9月 18, 2025 10:37:47 上午 RenameProvider getRename
信息: rename: 4 document: d:/work24/souffle-lsp-plugin/gen_datasets/OCC/OCC_combined_16800/OCC_combined_16800.dl
9月 18, 2025 10:37:49 上午 CompletionProvider getCompletions
信息: completion: 10 document: d:/work24/souffle-lsp-plugin/gen_datasets/OCC/OCC_combined_16800/OCC_combined_16800.dl

9月 18, 2025 10:37:59 上午 SouffleTextDocumentService countLineNum
信息: LOC: 9542 document: d:/work24/souffle-lsp-plugin/gen_datasets/OCC/OCC_combined_17600/OCC_combined_17600.dl
9月 18, 2025 10:37:59 上午 SouffleTextDocumentService countNodeNum
信息: NOD: 250395 document: d:/work24/souffle-lsp-plugin/gen_datasets/OCC/OCC_combined_17600/OCC_combined_17600.dl
9月 18, 2025 10:37:59 上午 SouffleTextDocumentService countDEFAndOCC
信息: DEF: 2724 document: d:/work24/souffle-lsp-plugin/gen_datasets/OCC/OCC_combined_17600/OCC_combined_17600.dl
9月 18, 2025 10:37:59 上午 SouffleTextDocumentService countDEFAndOCC
信息: OCC: 17375 document: d:/work24/souffle-lsp-plugin/gen_datasets/OCC/OCC_combined_17600/OCC_combined_17600.dl
9月 18, 2025 10:38:00 上午 ReferenceProvider getLocateTime
信息: locate: 0 document: d:/work24/souffle-lsp-plugin/gen_datasets/OCC/OCC_combined_17600/OCC_combined_17600.dl
9月 18, 2025 10:38:02 上午 ReferenceProvider getSearchTime
信息: search: 1522 document: d:/work24/souffle-lsp-plugin/gen_datasets/OCC/OCC_combined_17600/OCC_combined_17600.dl
9月 18, 2025 10:38:02 上午 ReferenceProvider getSearchTime
信息: subcontextNum: 7410 document: d:/work24/souffle-lsp-plugin/gen_datasets/OCC/OCC_combined_17600/OCC_combined_17600.dl
9月 18, 2025 10:38:02 上午 DefinitionProvider getDefinition
信息: gotoDefinition: 0 document: d:/work24/souffle-lsp-plugin/gen_datasets/OCC/OCC_combined_17600/OCC_combined_17600.dl
9月 18, 2025 10:38:02 上午 RenameProvider getRename
信息: rename: 7 document: d:/work24/souffle-lsp-plugin/gen_datasets/OCC/OCC_combined_17600/OCC_combined_17600.dl
9月 18, 2025 10:38:04 上午 CompletionProvider getCompletions
信息: completion: 12 document: d:/work24/souffle-lsp-plugin/gen_datasets/OCC/OCC_combined_17600/OCC_combined_17600.dl
9月 18, 2025 10:38:11 上午 ReferenceProvider getLocateTime
信息: locate: 0 document: d:/work24/souffle-lsp-plugin/gen_datasets/OCC/OCC_combined_17600/OCC_combined_17600.dl
9月 18, 2025 10:38:13 上午 ReferenceProvider getSearchTime
信息: search: 1634 document: d:/work24/souffle-lsp-plugin/gen_datasets/OCC/OCC_combined_17600/OCC_combined_17600.dl
9月 18, 2025 10:38:13 上午 ReferenceProvider getSearchTime
信息: subcontextNum: 7410 document: d:/work24/souffle-lsp-plugin/gen_datasets/OCC/OCC_combined_17600/OCC_combined_17600.dl
9月 18, 2025 10:38:13 上午 DefinitionProvider getDefinition
信息: gotoDefinition: 0 document: d:/work24/souffle-lsp-plugin/gen_datasets/OCC/OCC_combined_17600/OCC_combined_17600.dl
9月 18, 2025 10:38:13 上午 RenameProvider getRename
信息: rename: 5 document: d:/work24/souffle-lsp-plugin/gen_datasets/OCC/OCC_combined_17600/OCC_combined_17600.dl
9月 18, 2025 10:38:17 上午 CompletionProvider getCompletions
信息: completion: 9 document: d:/work24/souffle-lsp-plugin/gen_datasets/OCC/OCC_combined_17600/OCC_combined_17600.dl
9月 18, 2025 10:38:23 上午 ReferenceProvider getLocateTime
信息: locate: 0 document: d:/work24/souffle-lsp-plugin/gen_datasets/OCC/OCC_combined_17600/OCC_combined_17600.dl
9月 18, 2025 10:38:25 上午 ReferenceProvider getSearchTime
信息: search: 1658 document: d:/work24/souffle-lsp-plugin/gen_datasets/OCC/OCC_combined_17600/OCC_combined_17600.dl
9月 18, 2025 10:38:25 上午 ReferenceProvider getSearchTime
信息: subcontextNum: 7410 document: d:/work24/souffle-lsp-plugin/gen_datasets/OCC/OCC_combined_17600/OCC_combined_17600.dl
9月 18, 2025 10:38:25 上午 DefinitionProvider getDefinition
信息: gotoDefinition: 0 document: d:/work24/souffle-lsp-plugin/gen_datasets/OCC/OCC_combined_17600/OCC_combined_17600.dl
9月 18, 2025 10:38:25 上午 RenameProvider getRename
信息: rename: 3 document: d:/work24/souffle-lsp-plugin/gen_datasets/OCC/OCC_combined_17600/OCC_combined_17600.dl
9月 18, 2025 10:38:28 上午 CompletionProvider getCompletions
信息: completion: 10 document: d:/work24/souffle-lsp-plugin/gen_datasets/OCC/OCC_combined_17600/OCC_combined_17600.dl

9月 18, 2025 10:38:38 上午 SouffleTextDocumentService countLineNum
信息: LOC: 10053 document: d:/work24/souffle-lsp-plugin/gen_datasets/OCC/OCC_combined_18400/OCC_combined_18400.dl
9月 18, 2025 10:38:38 上午 SouffleTextDocumentService countNodeNum
信息: NOD: 261969 document: d:/work24/souffle-lsp-plugin/gen_datasets/OCC/OCC_combined_18400/OCC_combined_18400.dl
9月 18, 2025 10:38:38 上午 SouffleTextDocumentService countDEFAndOCC
信息: DEF: 2799 document: d:/work24/souffle-lsp-plugin/gen_datasets/OCC/OCC_combined_18400/OCC_combined_18400.dl
9月 18, 2025 10:38:38 上午 SouffleTextDocumentService countDEFAndOCC
信息: OCC: 18064 document: d:/work24/souffle-lsp-plugin/gen_datasets/OCC/OCC_combined_18400/OCC_combined_18400.dl
9月 18, 2025 10:38:38 上午 ReferenceProvider getLocateTime
信息: locate: 0 document: d:/work24/souffle-lsp-plugin/gen_datasets/OCC/OCC_combined_18400/OCC_combined_18400.dl
9月 18, 2025 10:38:40 上午 ReferenceProvider getSearchTime
信息: search: 2035 document: d:/work24/souffle-lsp-plugin/gen_datasets/OCC/OCC_combined_18400/OCC_combined_18400.dl
9月 18, 2025 10:38:40 上午 ReferenceProvider getSearchTime
信息: subcontextNum: 7841 document: d:/work24/souffle-lsp-plugin/gen_datasets/OCC/OCC_combined_18400/OCC_combined_18400.dl
9月 18, 2025 10:38:40 上午 DefinitionProvider getDefinition
信息: gotoDefinition: 0 document: d:/work24/souffle-lsp-plugin/gen_datasets/OCC/OCC_combined_18400/OCC_combined_18400.dl
9月 18, 2025 10:38:40 上午 RenameProvider getRename
信息: rename: 7 document: d:/work24/souffle-lsp-plugin/gen_datasets/OCC/OCC_combined_18400/OCC_combined_18400.dl
9月 18, 2025 10:38:44 上午 CompletionProvider getCompletions
信息: completion: 11 document: d:/work24/souffle-lsp-plugin/gen_datasets/OCC/OCC_combined_18400/OCC_combined_18400.dl
9月 18, 2025 10:38:50 上午 ReferenceProvider getLocateTime
信息: locate: 0 document: d:/work24/souffle-lsp-plugin/gen_datasets/OCC/OCC_combined_18400/OCC_combined_18400.dl
9月 18, 2025 10:38:52 上午 ReferenceProvider getSearchTime
信息: search: 1989 document: d:/work24/souffle-lsp-plugin/gen_datasets/OCC/OCC_combined_18400/OCC_combined_18400.dl
9月 18, 2025 10:38:52 上午 ReferenceProvider getSearchTime
信息: subcontextNum: 7841 document: d:/work24/souffle-lsp-plugin/gen_datasets/OCC/OCC_combined_18400/OCC_combined_18400.dl
9月 18, 2025 10:38:52 上午 DefinitionProvider getDefinition
信息: gotoDefinition: 0 document: d:/work24/souffle-lsp-plugin/gen_datasets/OCC/OCC_combined_18400/OCC_combined_18400.dl
9月 18, 2025 10:38:52 上午 RenameProvider getRename
信息: rename: 5 document: d:/work24/souffle-lsp-plugin/gen_datasets/OCC/OCC_combined_18400/OCC_combined_18400.dl
9月 18, 2025 10:38:54 上午 CompletionProvider getCompletions
信息: completion: 10 document: d:/work24/souffle-lsp-plugin/gen_datasets/OCC/OCC_combined_18400/OCC_combined_18400.dl
9月 18, 2025 10:38:59 上午 ReferenceProvider getLocateTime
信息: locate: 0 document: d:/work24/souffle-lsp-plugin/gen_datasets/OCC/OCC_combined_18400/OCC_combined_18400.dl
9月 18, 2025 10:39:01 上午 ReferenceProvider getSearchTime
信息: search: 1962 document: d:/work24/souffle-lsp-plugin/gen_datasets/OCC/OCC_combined_18400/OCC_combined_18400.dl
9月 18, 2025 10:39:01 上午 ReferenceProvider getSearchTime
信息: subcontextNum: 7841 document: d:/work24/souffle-lsp-plugin/gen_datasets/OCC/OCC_combined_18400/OCC_combined_18400.dl
9月 18, 2025 10:39:01 上午 DefinitionProvider getDefinition
信息: gotoDefinition: 0 document: d:/work24/souffle-lsp-plugin/gen_datasets/OCC/OCC_combined_18400/OCC_combined_18400.dl
9月 18, 2025 10:39:01 上午 RenameProvider getRename
信息: rename: 2 document: d:/work24/souffle-lsp-plugin/gen_datasets/OCC/OCC_combined_18400/OCC_combined_18400.dl
9月 18, 2025 10:39:03 上午 CompletionProvider getCompletions
信息: completion: 27 document: d:/work24/souffle-lsp-plugin/gen_datasets/OCC/OCC_combined_18400/OCC_combined_18400.dl

9月 18, 2025 10:39:12 上午 SouffleTextDocumentService countLineNum
信息: LOC: 10349 document: d:/work24/souffle-lsp-plugin/gen_datasets/OCC/OCC_combined_19200/OCC_combined_19200.dl
9月 18, 2025 10:39:12 上午 SouffleTextDocumentService countNodeNum
信息: NOD: 273883 document: d:/work24/souffle-lsp-plugin/gen_datasets/OCC/OCC_combined_19200/OCC_combined_19200.dl
9月 18, 2025 10:39:12 上午 SouffleTextDocumentService countDEFAndOCC
信息: DEF: 2828 document: d:/work24/souffle-lsp-plugin/gen_datasets/OCC/OCC_combined_19200/OCC_combined_19200.dl
9月 18, 2025 10:39:12 上午 SouffleTextDocumentService countDEFAndOCC
信息: OCC: 18977 document: d:/work24/souffle-lsp-plugin/gen_datasets/OCC/OCC_combined_19200/OCC_combined_19200.dl
9月 18, 2025 10:39:12 上午 ReferenceProvider getLocateTime
信息: locate: 1 document: d:/work24/souffle-lsp-plugin/gen_datasets/OCC/OCC_combined_19200/OCC_combined_19200.dl
9月 18, 2025 10:39:14 上午 ReferenceProvider getSearchTime
信息: search: 2143 document: d:/work24/souffle-lsp-plugin/gen_datasets/OCC/OCC_combined_19200/OCC_combined_19200.dl
9月 18, 2025 10:39:14 上午 ReferenceProvider getSearchTime
信息: subcontextNum: 8093 document: d:/work24/souffle-lsp-plugin/gen_datasets/OCC/OCC_combined_19200/OCC_combined_19200.dl
9月 18, 2025 10:39:14 上午 DefinitionProvider getDefinition
信息: gotoDefinition: 0 document: d:/work24/souffle-lsp-plugin/gen_datasets/OCC/OCC_combined_19200/OCC_combined_19200.dl
9月 18, 2025 10:39:14 上午 RenameProvider getRename
信息: rename: 8 document: d:/work24/souffle-lsp-plugin/gen_datasets/OCC/OCC_combined_19200/OCC_combined_19200.dl
9月 18, 2025 10:39:16 上午 CompletionProvider getCompletions
信息: completion: 13 document: d:/work24/souffle-lsp-plugin/gen_datasets/OCC/OCC_combined_19200/OCC_combined_19200.dl
9月 18, 2025 10:39:31 上午 ReferenceProvider getLocateTime
信息: locate: 0 document: d:/work24/souffle-lsp-plugin/gen_datasets/OCC/OCC_combined_19200/OCC_combined_19200.dl
9月 18, 2025 10:39:33 上午 ReferenceProvider getSearchTime
信息: search: 1475 document: d:/work24/souffle-lsp-plugin/gen_datasets/OCC/OCC_combined_19200/OCC_combined_19200.dl
9月 18, 2025 10:39:33 上午 ReferenceProvider getSearchTime
信息: subcontextNum: 8093 document: d:/work24/souffle-lsp-plugin/gen_datasets/OCC/OCC_combined_19200/OCC_combined_19200.dl
9月 18, 2025 10:39:33 上午 DefinitionProvider getDefinition
信息: gotoDefinition: 0 document: d:/work24/souffle-lsp-plugin/gen_datasets/OCC/OCC_combined_19200/OCC_combined_19200.dl
9月 18, 2025 10:39:33 上午 RenameProvider getRename
信息: rename: 5 document: d:/work24/souffle-lsp-plugin/gen_datasets/OCC/OCC_combined_19200/OCC_combined_19200.dl
9月 18, 2025 10:39:36 上午 CompletionProvider getCompletions
信息: completion: 11 document: d:/work24/souffle-lsp-plugin/gen_datasets/OCC/OCC_combined_19200/OCC_combined_19200.dl
9月 18, 2025 10:39:41 上午 ReferenceProvider getLocateTime
信息: locate: 0 document: d:/work24/souffle-lsp-plugin/gen_datasets/OCC/OCC_combined_19200/OCC_combined_19200.dl
9月 18, 2025 10:39:43 上午 ReferenceProvider getSearchTime
信息: search: 1879 document: d:/work24/souffle-lsp-plugin/gen_datasets/OCC/OCC_combined_19200/OCC_combined_19200.dl
9月 18, 2025 10:39:43 上午 ReferenceProvider getSearchTime
信息: subcontextNum: 8093 document: d:/work24/souffle-lsp-plugin/gen_datasets/OCC/OCC_combined_19200/OCC_combined_19200.dl
9月 18, 2025 10:39:43 上午 DefinitionProvider getDefinition
信息: gotoDefinition: 0 document: d:/work24/souffle-lsp-plugin/gen_datasets/OCC/OCC_combined_19200/OCC_combined_19200.dl
9月 18, 2025 10:39:43 上午 RenameProvider getRename
信息: rename: 4 document: d:/work24/souffle-lsp-plugin/gen_datasets/OCC/OCC_combined_19200/OCC_combined_19200.dl
9月 18, 2025 10:39:45 上午 CompletionProvider getCompletions
信息: completion: 12 document: d:/work24/souffle-lsp-plugin/gen_datasets/OCC/OCC_combined_19200/OCC_combined_19200.dl

9月 18, 2025 10:39:55 上午 SouffleTextDocumentService countLineNum
信息: LOC: 11181 document: d:/work24/souffle-lsp-plugin/gen_datasets/OCC/OCC_combined_20000/OCC_combined_20000.dl
9月 18, 2025 10:39:55 上午 SouffleTextDocumentService countNodeNum
信息: NOD: 301183 document: d:/work24/souffle-lsp-plugin/gen_datasets/OCC/OCC_combined_20000/OCC_combined_20000.dl
9月 18, 2025 10:39:55 上午 SouffleTextDocumentService countDEFAndOCC
信息: DEF: 2768 document: d:/work24/souffle-lsp-plugin/gen_datasets/OCC/OCC_combined_20000/OCC_combined_20000.dl
9月 18, 2025 10:39:55 上午 SouffleTextDocumentService countDEFAndOCC
信息: OCC: 19689 document: d:/work24/souffle-lsp-plugin/gen_datasets/OCC/OCC_combined_20000/OCC_combined_20000.dl
9月 18, 2025 10:39:58 上午 ReferenceProvider getLocateTime
信息: locate: 0 document: d:/work24/souffle-lsp-plugin/gen_datasets/OCC/OCC_combined_20000/OCC_combined_20000.dl
9月 18, 2025 10:40:00 上午 ReferenceProvider getSearchTime
信息: search: 2133 document: d:/work24/souffle-lsp-plugin/gen_datasets/OCC/OCC_combined_20000/OCC_combined_20000.dl
9月 18, 2025 10:40:00 上午 ReferenceProvider getSearchTime
信息: subcontextNum: 8062 document: d:/work24/souffle-lsp-plugin/gen_datasets/OCC/OCC_combined_20000/OCC_combined_20000.dl
9月 18, 2025 10:40:00 上午 DefinitionProvider getDefinition
信息: gotoDefinition: 0 document: d:/work24/souffle-lsp-plugin/gen_datasets/OCC/OCC_combined_20000/OCC_combined_20000.dl
9月 18, 2025 10:40:00 上午 RenameProvider getRename
信息: rename: 8 document: d:/work24/souffle-lsp-plugin/gen_datasets/OCC/OCC_combined_20000/OCC_combined_20000.dl
9月 18, 2025 10:40:03 上午 CompletionProvider getCompletions
信息: completion: 14 document: d:/work24/souffle-lsp-plugin/gen_datasets/OCC/OCC_combined_20000/OCC_combined_20000.dl
9月 18, 2025 10:40:10 上午 ReferenceProvider getLocateTime
信息: locate: 0 document: d:/work24/souffle-lsp-plugin/gen_datasets/OCC/OCC_combined_20000/OCC_combined_20000.dl
9月 18, 2025 10:40:11 上午 ReferenceProvider getSearchTime
信息: search: 1789 document: d:/work24/souffle-lsp-plugin/gen_datasets/OCC/OCC_combined_20000/OCC_combined_20000.dl
9月 18, 2025 10:40:11 上午 ReferenceProvider getSearchTime
信息: subcontextNum: 8062 document: d:/work24/souffle-lsp-plugin/gen_datasets/OCC/OCC_combined_20000/OCC_combined_20000.dl
9月 18, 2025 10:40:11 上午 DefinitionProvider getDefinition
信息: gotoDefinition: 0 document: d:/work24/souffle-lsp-plugin/gen_datasets/OCC/OCC_combined_20000/OCC_combined_20000.dl
9月 18, 2025 10:40:11 上午 RenameProvider getRename
信息: rename: 7 document: d:/work24/souffle-lsp-plugin/gen_datasets/OCC/OCC_combined_20000/OCC_combined_20000.dl
9月 18, 2025 10:40:14 上午 CompletionProvider getCompletions
信息: completion: 12 document: d:/work24/souffle-lsp-plugin/gen_datasets/OCC/OCC_combined_20000/OCC_combined_20000.dl
9月 18, 2025 10:40:19 上午 ReferenceProvider getLocateTime
信息: locate: 0 document: d:/work24/souffle-lsp-plugin/gen_datasets/OCC/OCC_combined_20000/OCC_combined_20000.dl
9月 18, 2025 10:40:21 上午 ReferenceProvider getSearchTime
信息: search: 2070 document: d:/work24/souffle-lsp-plugin/gen_datasets/OCC/OCC_combined_20000/OCC_combined_20000.dl
9月 18, 2025 10:40:21 上午 ReferenceProvider getSearchTime
信息: subcontextNum: 8062 document: d:/work24/souffle-lsp-plugin/gen_datasets/OCC/OCC_combined_20000/OCC_combined_20000.dl
9月 18, 2025 10:40:21 上午 DefinitionProvider getDefinition
信息: gotoDefinition: 0 document: d:/work24/souffle-lsp-plugin/gen_datasets/OCC/OCC_combined_20000/OCC_combined_20000.dl
9月 18, 2025 10:40:21 上午 RenameProvider getRename
信息: rename: 2 document: d:/work24/souffle-lsp-plugin/gen_datasets/OCC/OCC_combined_20000/OCC_combined_20000.dl
9月 18, 2025 10:40:23 上午 CompletionProvider getCompletions
信息: completion: 12 document: d:/work24/souffle-lsp-plugin/gen_datasets/OCC/OCC_combined_20000/OCC_combined_20000.dl

9月 18, 2025 10:23:13 上午 SouffleTextDocumentService countLineNum
信息: LOC: 1341 document: d:/work24/souffle-lsp-plugin/gen_datasets/OCC/OCC_combined_2400/OCC_combined_2400.dl
9月 18, 2025 10:23:13 上午 SouffleTextDocumentService countNodeNum
信息: NOD: 36696 document: d:/work24/souffle-lsp-plugin/gen_datasets/OCC/OCC_combined_2400/OCC_combined_2400.dl
9月 18, 2025 10:23:13 上午 SouffleTextDocumentService countDEFAndOCC
信息: DEF: 270 document: d:/work24/souffle-lsp-plugin/gen_datasets/OCC/OCC_combined_2400/OCC_combined_2400.dl
9月 18, 2025 10:23:13 上午 SouffleTextDocumentService countDEFAndOCC
信息: OCC: 2141 document: d:/work24/souffle-lsp-plugin/gen_datasets/OCC/OCC_combined_2400/OCC_combined_2400.dl
9月 18, 2025 10:23:19 上午 ReferenceProvider getLocateTime
信息: locate: 0 document: d:/work24/souffle-lsp-plugin/gen_datasets/OCC/OCC_combined_2400/OCC_combined_2400.dl
9月 18, 2025 10:23:19 上午 ReferenceProvider getSearchTime
信息: search: 120 document: d:/work24/souffle-lsp-plugin/gen_datasets/OCC/OCC_combined_2400/OCC_combined_2400.dl
9月 18, 2025 10:23:19 上午 ReferenceProvider getSearchTime
信息: subcontextNum: 854 document: d:/work24/souffle-lsp-plugin/gen_datasets/OCC/OCC_combined_2400/OCC_combined_2400.dl
9月 18, 2025 10:23:19 上午 DefinitionProvider getDefinition
信息: gotoDefinition: 0 document: d:/work24/souffle-lsp-plugin/gen_datasets/OCC/OCC_combined_2400/OCC_combined_2400.dl
9月 18, 2025 10:23:19 上午 RenameProvider getRename
信息: rename: 2 document: d:/work24/souffle-lsp-plugin/gen_datasets/OCC/OCC_combined_2400/OCC_combined_2400.dl
9月 18, 2025 10:23:22 上午 CompletionProvider getCompletions
信息: completion: 5 document: d:/work24/souffle-lsp-plugin/gen_datasets/OCC/OCC_combined_2400/OCC_combined_2400.dl
9月 18, 2025 10:23:27 上午 ReferenceProvider getLocateTime
信息: locate: 0 document: d:/work24/souffle-lsp-plugin/gen_datasets/OCC/OCC_combined_2400/OCC_combined_2400.dl
9月 18, 2025 10:23:27 上午 ReferenceProvider getSearchTime
信息: search: 113 document: d:/work24/souffle-lsp-plugin/gen_datasets/OCC/OCC_combined_2400/OCC_combined_2400.dl
9月 18, 2025 10:23:27 上午 ReferenceProvider getSearchTime
信息: subcontextNum: 854 document: d:/work24/souffle-lsp-plugin/gen_datasets/OCC/OCC_combined_2400/OCC_combined_2400.dl
9月 18, 2025 10:23:27 上午 DefinitionProvider getDefinition
信息: gotoDefinition: 0 document: d:/work24/souffle-lsp-plugin/gen_datasets/OCC/OCC_combined_2400/OCC_combined_2400.dl
9月 18, 2025 10:23:27 上午 RenameProvider getRename
信息: rename: 1 document: d:/work24/souffle-lsp-plugin/gen_datasets/OCC/OCC_combined_2400/OCC_combined_2400.dl
9月 18, 2025 10:23:30 上午 CompletionProvider getCompletions
信息: completion: 2 document: d:/work24/souffle-lsp-plugin/gen_datasets/OCC/OCC_combined_2400/OCC_combined_2400.dl
9月 18, 2025 10:23:34 上午 ReferenceProvider getLocateTime
信息: locate: 0 document: d:/work24/souffle-lsp-plugin/gen_datasets/OCC/OCC_combined_2400/OCC_combined_2400.dl
9月 18, 2025 10:23:34 上午 ReferenceProvider getSearchTime
信息: search: 89 document: d:/work24/souffle-lsp-plugin/gen_datasets/OCC/OCC_combined_2400/OCC_combined_2400.dl
9月 18, 2025 10:23:34 上午 ReferenceProvider getSearchTime
信息: subcontextNum: 854 document: d:/work24/souffle-lsp-plugin/gen_datasets/OCC/OCC_combined_2400/OCC_combined_2400.dl
9月 18, 2025 10:23:34 上午 DefinitionProvider getDefinition
信息: gotoDefinition: 0 document: d:/work24/souffle-lsp-plugin/gen_datasets/OCC/OCC_combined_2400/OCC_combined_2400.dl
9月 18, 2025 10:23:34 上午 RenameProvider getRename
信息: rename: 0 document: d:/work24/souffle-lsp-plugin/gen_datasets/OCC/OCC_combined_2400/OCC_combined_2400.dl
9月 18, 2025 10:23:38 上午 CompletionProvider getCompletions
信息: completion: 2 document: d:/work24/souffle-lsp-plugin/gen_datasets/OCC/OCC_combined_2400/OCC_combined_2400.dl

9月 18, 2025 10:23:47 上午 SouffleTextDocumentService countLineNum
信息: LOC: 1895 document: d:/work24/souffle-lsp-plugin/gen_datasets/OCC/OCC_combined_3200/OCC_combined_3200.dl
9月 18, 2025 10:23:47 上午 SouffleTextDocumentService countNodeNum
信息: NOD: 46738 document: d:/work24/souffle-lsp-plugin/gen_datasets/OCC/OCC_combined_3200/OCC_combined_3200.dl
9月 18, 2025 10:23:47 上午 SouffleTextDocumentService countDEFAndOCC
信息: DEF: 396 document: d:/work24/souffle-lsp-plugin/gen_datasets/OCC/OCC_combined_3200/OCC_combined_3200.dl
9月 18, 2025 10:23:47 上午 SouffleTextDocumentService countDEFAndOCC
信息: OCC: 2984 document: d:/work24/souffle-lsp-plugin/gen_datasets/OCC/OCC_combined_3200/OCC_combined_3200.dl
9月 18, 2025 10:23:49 上午 ReferenceProvider getLocateTime
信息: locate: 0 document: d:/work24/souffle-lsp-plugin/gen_datasets/OCC/OCC_combined_3200/OCC_combined_3200.dl
9月 18, 2025 10:23:49 上午 ReferenceProvider getSearchTime
信息: search: 210 document: d:/work24/souffle-lsp-plugin/gen_datasets/OCC/OCC_combined_3200/OCC_combined_3200.dl
9月 18, 2025 10:23:49 上午 ReferenceProvider getSearchTime
信息: subcontextNum: 1247 document: d:/work24/souffle-lsp-plugin/gen_datasets/OCC/OCC_combined_3200/OCC_combined_3200.dl
9月 18, 2025 10:23:49 上午 DefinitionProvider getDefinition
信息: gotoDefinition: 0 document: d:/work24/souffle-lsp-plugin/gen_datasets/OCC/OCC_combined_3200/OCC_combined_3200.dl
9月 18, 2025 10:23:49 上午 RenameProvider getRename
信息: rename: 3 document: d:/work24/souffle-lsp-plugin/gen_datasets/OCC/OCC_combined_3200/OCC_combined_3200.dl
9月 18, 2025 10:23:51 上午 CompletionProvider getCompletions
信息: completion: 5 document: d:/work24/souffle-lsp-plugin/gen_datasets/OCC/OCC_combined_3200/OCC_combined_3200.dl
9月 18, 2025 10:23:57 上午 ReferenceProvider getLocateTime
信息: locate: 0 document: d:/work24/souffle-lsp-plugin/gen_datasets/OCC/OCC_combined_3200/OCC_combined_3200.dl
9月 18, 2025 10:23:57 上午 ReferenceProvider getSearchTime
信息: search: 208 document: d:/work24/souffle-lsp-plugin/gen_datasets/OCC/OCC_combined_3200/OCC_combined_3200.dl
9月 18, 2025 10:23:57 上午 ReferenceProvider getSearchTime
信息: subcontextNum: 1247 document: d:/work24/souffle-lsp-plugin/gen_datasets/OCC/OCC_combined_3200/OCC_combined_3200.dl
9月 18, 2025 10:23:57 上午 DefinitionProvider getDefinition
信息: gotoDefinition: 0 document: d:/work24/souffle-lsp-plugin/gen_datasets/OCC/OCC_combined_3200/OCC_combined_3200.dl
9月 18, 2025 10:23:57 上午 RenameProvider getRename
信息: rename: 0 document: d:/work24/souffle-lsp-plugin/gen_datasets/OCC/OCC_combined_3200/OCC_combined_3200.dl
9月 18, 2025 10:23:59 上午 CompletionProvider getCompletions
信息: completion: 4 document: d:/work24/souffle-lsp-plugin/gen_datasets/OCC/OCC_combined_3200/OCC_combined_3200.dl
9月 18, 2025 10:24:06 上午 ReferenceProvider getLocateTime
信息: locate: 0 document: d:/work24/souffle-lsp-plugin/gen_datasets/OCC/OCC_combined_3200/OCC_combined_3200.dl
9月 18, 2025 10:24:06 上午 ReferenceProvider getSearchTime
信息: search: 177 document: d:/work24/souffle-lsp-plugin/gen_datasets/OCC/OCC_combined_3200/OCC_combined_3200.dl
9月 18, 2025 10:24:06 上午 ReferenceProvider getSearchTime
信息: subcontextNum: 1247 document: d:/work24/souffle-lsp-plugin/gen_datasets/OCC/OCC_combined_3200/OCC_combined_3200.dl
9月 18, 2025 10:24:06 上午 DefinitionProvider getDefinition
信息: gotoDefinition: 1 document: d:/work24/souffle-lsp-plugin/gen_datasets/OCC/OCC_combined_3200/OCC_combined_3200.dl
9月 18, 2025 10:24:06 上午 RenameProvider getRename
信息: rename: 0 document: d:/work24/souffle-lsp-plugin/gen_datasets/OCC/OCC_combined_3200/OCC_combined_3200.dl
9月 18, 2025 10:24:09 上午 CompletionProvider getCompletions
信息: completion: 2 document: d:/work24/souffle-lsp-plugin/gen_datasets/OCC/OCC_combined_3200/OCC_combined_3200.dl

9月 18, 2025 10:24:34 上午 SouffleTextDocumentService countLineNum
信息: LOC: 2384 document: d:/work24/souffle-lsp-plugin/gen_datasets/OCC/OCC_combined_4000/OCC_combined_4000.dl
9月 18, 2025 10:24:35 上午 SouffleTextDocumentService countNodeNum
信息: NOD: 58885 document: d:/work24/souffle-lsp-plugin/gen_datasets/OCC/OCC_combined_4000/OCC_combined_4000.dl
9月 18, 2025 10:24:35 上午 SouffleTextDocumentService countDEFAndOCC
信息: DEF: 553 document: d:/work24/souffle-lsp-plugin/gen_datasets/OCC/OCC_combined_4000/OCC_combined_4000.dl
9月 18, 2025 10:24:35 上午 SouffleTextDocumentService countDEFAndOCC
信息: OCC: 3879 document: d:/work24/souffle-lsp-plugin/gen_datasets/OCC/OCC_combined_4000/OCC_combined_4000.dl
9月 18, 2025 10:24:37 上午 ReferenceProvider getLocateTime
信息: locate: 0 document: d:/work24/souffle-lsp-plugin/gen_datasets/OCC/OCC_combined_4000/OCC_combined_4000.dl
9月 18, 2025 10:24:38 上午 ReferenceProvider getSearchTime
信息: search: 333 document: d:/work24/souffle-lsp-plugin/gen_datasets/OCC/OCC_combined_4000/OCC_combined_4000.dl
9月 18, 2025 10:24:38 上午 ReferenceProvider getSearchTime
信息: subcontextNum: 1651 document: d:/work24/souffle-lsp-plugin/gen_datasets/OCC/OCC_combined_4000/OCC_combined_4000.dl
9月 18, 2025 10:24:38 上午 DefinitionProvider getDefinition
信息: gotoDefinition: 0 document: d:/work24/souffle-lsp-plugin/gen_datasets/OCC/OCC_combined_4000/OCC_combined_4000.dl
9月 18, 2025 10:24:38 上午 RenameProvider getRename
信息: rename: 3 document: d:/work24/souffle-lsp-plugin/gen_datasets/OCC/OCC_combined_4000/OCC_combined_4000.dl
9月 18, 2025 10:24:40 上午 CompletionProvider getCompletions
信息: completion: 6 document: d:/work24/souffle-lsp-plugin/gen_datasets/OCC/OCC_combined_4000/OCC_combined_4000.dl
9月 18, 2025 10:24:47 上午 ReferenceProvider getLocateTime
信息: locate: 0 document: d:/work24/souffle-lsp-plugin/gen_datasets/OCC/OCC_combined_4000/OCC_combined_4000.dl
9月 18, 2025 10:24:47 上午 ReferenceProvider getSearchTime
信息: search: 241 document: d:/work24/souffle-lsp-plugin/gen_datasets/OCC/OCC_combined_4000/OCC_combined_4000.dl
9月 18, 2025 10:24:47 上午 ReferenceProvider getSearchTime
信息: subcontextNum: 1651 document: d:/work24/souffle-lsp-plugin/gen_datasets/OCC/OCC_combined_4000/OCC_combined_4000.dl
9月 18, 2025 10:24:47 上午 DefinitionProvider getDefinition
信息: gotoDefinition: 0 document: d:/work24/souffle-lsp-plugin/gen_datasets/OCC/OCC_combined_4000/OCC_combined_4000.dl
9月 18, 2025 10:24:47 上午 RenameProvider getRename
信息: rename: 1 document: d:/work24/souffle-lsp-plugin/gen_datasets/OCC/OCC_combined_4000/OCC_combined_4000.dl
9月 18, 2025 10:24:50 上午 CompletionProvider getCompletions
信息: completion: 9 document: d:/work24/souffle-lsp-plugin/gen_datasets/OCC/OCC_combined_4000/OCC_combined_4000.dl
9月 18, 2025 10:24:57 上午 ReferenceProvider getLocateTime
信息: locate: 0 document: d:/work24/souffle-lsp-plugin/gen_datasets/OCC/OCC_combined_4000/OCC_combined_4000.dl
9月 18, 2025 10:24:57 上午 ReferenceProvider getSearchTime
信息: search: 310 document: d:/work24/souffle-lsp-plugin/gen_datasets/OCC/OCC_combined_4000/OCC_combined_4000.dl
9月 18, 2025 10:24:57 上午 ReferenceProvider getSearchTime
信息: subcontextNum: 1651 document: d:/work24/souffle-lsp-plugin/gen_datasets/OCC/OCC_combined_4000/OCC_combined_4000.dl
9月 18, 2025 10:24:57 上午 DefinitionProvider getDefinition
信息: gotoDefinition: 0 document: d:/work24/souffle-lsp-plugin/gen_datasets/OCC/OCC_combined_4000/OCC_combined_4000.dl
9月 18, 2025 10:24:57 上午 RenameProvider getRename
信息: rename: 0 document: d:/work24/souffle-lsp-plugin/gen_datasets/OCC/OCC_combined_4000/OCC_combined_4000.dl
9月 18, 2025 10:25:00 上午 CompletionProvider getCompletions
信息: completion: 3 document: d:/work24/souffle-lsp-plugin/gen_datasets/OCC/OCC_combined_4000/OCC_combined_4000.dl

9月 18, 2025 10:25:09 上午 SouffleTextDocumentService countLineNum
信息: LOC: 2524 document: d:/work24/souffle-lsp-plugin/gen_datasets/OCC/OCC_combined_4800/OCC_combined_4800.dl
9月 18, 2025 10:25:10 上午 SouffleTextDocumentService countNodeNum
信息: NOD: 71865 document: d:/work24/souffle-lsp-plugin/gen_datasets/OCC/OCC_combined_4800/OCC_combined_4800.dl
9月 18, 2025 10:25:10 上午 SouffleTextDocumentService countDEFAndOCC
信息: DEF: 592 document: d:/work24/souffle-lsp-plugin/gen_datasets/OCC/OCC_combined_4800/OCC_combined_4800.dl
9月 18, 2025 10:25:10 上午 SouffleTextDocumentService countDEFAndOCC
信息: OCC: 4670 document: d:/work24/souffle-lsp-plugin/gen_datasets/OCC/OCC_combined_4800/OCC_combined_4800.dl
9月 18, 2025 10:25:11 上午 ReferenceProvider getLocateTime
信息: locate: 0 document: d:/work24/souffle-lsp-plugin/gen_datasets/OCC/OCC_combined_4800/OCC_combined_4800.dl
9月 18, 2025 10:25:11 上午 ReferenceProvider getSearchTime
信息: search: 394 document: d:/work24/souffle-lsp-plugin/gen_datasets/OCC/OCC_combined_4800/OCC_combined_4800.dl
9月 18, 2025 10:25:11 上午 ReferenceProvider getSearchTime
信息: subcontextNum: 1836 document: d:/work24/souffle-lsp-plugin/gen_datasets/OCC/OCC_combined_4800/OCC_combined_4800.dl
9月 18, 2025 10:25:11 上午 DefinitionProvider getDefinition
信息: gotoDefinition: 0 document: d:/work24/souffle-lsp-plugin/gen_datasets/OCC/OCC_combined_4800/OCC_combined_4800.dl
9月 18, 2025 10:25:11 上午 RenameProvider getRename
信息: rename: 4 document: d:/work24/souffle-lsp-plugin/gen_datasets/OCC/OCC_combined_4800/OCC_combined_4800.dl
9月 18, 2025 10:25:14 上午 CompletionProvider getCompletions
信息: completion: 9 document: d:/work24/souffle-lsp-plugin/gen_datasets/OCC/OCC_combined_4800/OCC_combined_4800.dl
9月 18, 2025 10:25:20 上午 ReferenceProvider getLocateTime
信息: locate: 0 document: d:/work24/souffle-lsp-plugin/gen_datasets/OCC/OCC_combined_4800/OCC_combined_4800.dl
9月 18, 2025 10:25:21 上午 ReferenceProvider getSearchTime
信息: search: 373 document: d:/work24/souffle-lsp-plugin/gen_datasets/OCC/OCC_combined_4800/OCC_combined_4800.dl
9月 18, 2025 10:25:21 上午 ReferenceProvider getSearchTime
信息: subcontextNum: 1836 document: d:/work24/souffle-lsp-plugin/gen_datasets/OCC/OCC_combined_4800/OCC_combined_4800.dl
9月 18, 2025 10:25:21 上午 DefinitionProvider getDefinition
信息: gotoDefinition: 0 document: d:/work24/souffle-lsp-plugin/gen_datasets/OCC/OCC_combined_4800/OCC_combined_4800.dl
9月 18, 2025 10:25:21 上午 RenameProvider getRename
信息: rename: 0 document: d:/work24/souffle-lsp-plugin/gen_datasets/OCC/OCC_combined_4800/OCC_combined_4800.dl
9月 18, 2025 10:25:23 上午 CompletionProvider getCompletions
信息: completion: 3 document: d:/work24/souffle-lsp-plugin/gen_datasets/OCC/OCC_combined_4800/OCC_combined_4800.dl
9月 18, 2025 10:25:27 上午 ReferenceProvider getLocateTime
信息: locate: 0 document: d:/work24/souffle-lsp-plugin/gen_datasets/OCC/OCC_combined_4800/OCC_combined_4800.dl
9月 18, 2025 10:25:28 上午 ReferenceProvider getSearchTime
信息: search: 338 document: d:/work24/souffle-lsp-plugin/gen_datasets/OCC/OCC_combined_4800/OCC_combined_4800.dl
9月 18, 2025 10:25:28 上午 ReferenceProvider getSearchTime
信息: subcontextNum: 1836 document: d:/work24/souffle-lsp-plugin/gen_datasets/OCC/OCC_combined_4800/OCC_combined_4800.dl
9月 18, 2025 10:25:28 上午 DefinitionProvider getDefinition
信息: gotoDefinition: 0 document: d:/work24/souffle-lsp-plugin/gen_datasets/OCC/OCC_combined_4800/OCC_combined_4800.dl
9月 18, 2025 10:25:28 上午 RenameProvider getRename
信息: rename: 0 document: d:/work24/souffle-lsp-plugin/gen_datasets/OCC/OCC_combined_4800/OCC_combined_4800.dl
9月 18, 2025 10:25:29 上午 CompletionProvider getCompletions
信息: completion: 3 document: d:/work24/souffle-lsp-plugin/gen_datasets/OCC/OCC_combined_4800/OCC_combined_4800.dl

9月 18, 2025 10:25:39 上午 SouffleTextDocumentService countLineNum
信息: LOC: 2821 document: d:/work24/souffle-lsp-plugin/gen_datasets/OCC/OCC_combined_5600/OCC_combined_5600.dl
9月 18, 2025 10:25:39 上午 SouffleTextDocumentService countNodeNum
信息: NOD: 63259 document: d:/work24/souffle-lsp-plugin/gen_datasets/OCC/OCC_combined_5600/OCC_combined_5600.dl
9月 18, 2025 10:25:39 上午 SouffleTextDocumentService countDEFAndOCC
信息: DEF: 1173 document: d:/work24/souffle-lsp-plugin/gen_datasets/OCC/OCC_combined_5600/OCC_combined_5600.dl
9月 18, 2025 10:25:39 上午 SouffleTextDocumentService countDEFAndOCC
信息: OCC: 5496 document: d:/work24/souffle-lsp-plugin/gen_datasets/OCC/OCC_combined_5600/OCC_combined_5600.dl
9月 18, 2025 10:25:40 上午 ReferenceProvider getLocateTime
信息: locate: 0 document: d:/work24/souffle-lsp-plugin/gen_datasets/OCC/OCC_combined_5600/OCC_combined_5600.dl
9月 18, 2025 10:25:40 上午 ReferenceProvider getSearchTime
信息: search: 363 document: d:/work24/souffle-lsp-plugin/gen_datasets/OCC/OCC_combined_5600/OCC_combined_5600.dl
9月 18, 2025 10:25:40 上午 ReferenceProvider getSearchTime
信息: subcontextNum: 2586 document: d:/work24/souffle-lsp-plugin/gen_datasets/OCC/OCC_combined_5600/OCC_combined_5600.dl
9月 18, 2025 10:25:40 上午 DefinitionProvider getDefinition
信息: gotoDefinition: 0 document: d:/work24/souffle-lsp-plugin/gen_datasets/OCC/OCC_combined_5600/OCC_combined_5600.dl
9月 18, 2025 10:25:40 上午 RenameProvider getRename
信息: rename: 2 document: d:/work24/souffle-lsp-plugin/gen_datasets/OCC/OCC_combined_5600/OCC_combined_5600.dl
9月 18, 2025 10:25:42 上午 CompletionProvider getCompletions
信息: completion: 6 document: d:/work24/souffle-lsp-plugin/gen_datasets/OCC/OCC_combined_5600/OCC_combined_5600.dl
9月 18, 2025 10:25:50 上午 ReferenceProvider getLocateTime
信息: locate: 0 document: d:/work24/souffle-lsp-plugin/gen_datasets/OCC/OCC_combined_5600/OCC_combined_5600.dl
9月 18, 2025 10:25:50 上午 ReferenceProvider getSearchTime
信息: search: 339 document: d:/work24/souffle-lsp-plugin/gen_datasets/OCC/OCC_combined_5600/OCC_combined_5600.dl
9月 18, 2025 10:25:50 上午 ReferenceProvider getSearchTime
信息: subcontextNum: 2586 document: d:/work24/souffle-lsp-plugin/gen_datasets/OCC/OCC_combined_5600/OCC_combined_5600.dl
9月 18, 2025 10:25:50 上午 DefinitionProvider getDefinition
信息: gotoDefinition: 0 document: d:/work24/souffle-lsp-plugin/gen_datasets/OCC/OCC_combined_5600/OCC_combined_5600.dl
9月 18, 2025 10:25:50 上午 RenameProvider getRename
信息: rename: 1 document: d:/work24/souffle-lsp-plugin/gen_datasets/OCC/OCC_combined_5600/OCC_combined_5600.dl
9月 18, 2025 10:25:53 上午 CompletionProvider getCompletions
信息: completion: 4 document: d:/work24/souffle-lsp-plugin/gen_datasets/OCC/OCC_combined_5600/OCC_combined_5600.dl
9月 18, 2025 10:26:00 上午 ReferenceProvider getLocateTime
信息: locate: 0 document: d:/work24/souffle-lsp-plugin/gen_datasets/OCC/OCC_combined_5600/OCC_combined_5600.dl
9月 18, 2025 10:26:01 上午 ReferenceProvider getSearchTime
信息: search: 387 document: d:/work24/souffle-lsp-plugin/gen_datasets/OCC/OCC_combined_5600/OCC_combined_5600.dl
9月 18, 2025 10:26:01 上午 ReferenceProvider getSearchTime
信息: subcontextNum: 2586 document: d:/work24/souffle-lsp-plugin/gen_datasets/OCC/OCC_combined_5600/OCC_combined_5600.dl
9月 18, 2025 10:26:01 上午 DefinitionProvider getDefinition
信息: gotoDefinition: 0 document: d:/work24/souffle-lsp-plugin/gen_datasets/OCC/OCC_combined_5600/OCC_combined_5600.dl
9月 18, 2025 10:26:01 上午 RenameProvider getRename
信息: rename: 1 document: d:/work24/souffle-lsp-plugin/gen_datasets/OCC/OCC_combined_5600/OCC_combined_5600.dl
9月 18, 2025 10:26:03 上午 CompletionProvider getCompletions
信息: completion: 5 document: d:/work24/souffle-lsp-plugin/gen_datasets/OCC/OCC_combined_5600/OCC_combined_5600.dl

9月 18, 2025 10:26:35 上午 SouffleTextDocumentService countLineNum
信息: LOC: 3417 document: d:/work24/souffle-lsp-plugin/gen_datasets/OCC/OCC_combined_6400/OCC_combined_6400.dl
9月 18, 2025 10:26:35 上午 SouffleTextDocumentService countNodeNum
信息: NOD: 95737 document: d:/work24/souffle-lsp-plugin/gen_datasets/OCC/OCC_combined_6400/OCC_combined_6400.dl
9月 18, 2025 10:26:35 上午 SouffleTextDocumentService countDEFAndOCC
信息: DEF: 826 document: d:/work24/souffle-lsp-plugin/gen_datasets/OCC/OCC_combined_6400/OCC_combined_6400.dl
9月 18, 2025 10:26:35 上午 SouffleTextDocumentService countDEFAndOCC
信息: OCC: 6208 document: d:/work24/souffle-lsp-plugin/gen_datasets/OCC/OCC_combined_6400/OCC_combined_6400.dl
9月 18, 2025 10:26:38 上午 ReferenceProvider getLocateTime
信息: locate: 0 document: d:/work24/souffle-lsp-plugin/gen_datasets/OCC/OCC_combined_6400/OCC_combined_6400.dl
9月 18, 2025 10:26:38 上午 ReferenceProvider getSearchTime
信息: search: 518 document: d:/work24/souffle-lsp-plugin/gen_datasets/OCC/OCC_combined_6400/OCC_combined_6400.dl
9月 18, 2025 10:26:39 上午 ReferenceProvider getSearchTime
信息: subcontextNum: 2530 document: d:/work24/souffle-lsp-plugin/gen_datasets/OCC/OCC_combined_6400/OCC_combined_6400.dl
9月 18, 2025 10:26:39 上午 DefinitionProvider getDefinition
信息: gotoDefinition: 0 document: d:/work24/souffle-lsp-plugin/gen_datasets/OCC/OCC_combined_6400/OCC_combined_6400.dl
9月 18, 2025 10:26:39 上午 RenameProvider getRename
信息: rename: 3 document: d:/work24/souffle-lsp-plugin/gen_datasets/OCC/OCC_combined_6400/OCC_combined_6400.dl
9月 18, 2025 10:26:42 上午 CompletionProvider getCompletions
信息: completion: 7 document: d:/work24/souffle-lsp-plugin/gen_datasets/OCC/OCC_combined_6400/OCC_combined_6400.dl
9月 18, 2025 10:26:48 上午 ReferenceProvider getLocateTime
信息: locate: 0 document: d:/work24/souffle-lsp-plugin/gen_datasets/OCC/OCC_combined_6400/OCC_combined_6400.dl
9月 18, 2025 10:26:49 上午 ReferenceProvider getSearchTime
信息: search: 455 document: d:/work24/souffle-lsp-plugin/gen_datasets/OCC/OCC_combined_6400/OCC_combined_6400.dl
9月 18, 2025 10:26:49 上午 ReferenceProvider getSearchTime
信息: subcontextNum: 2530 document: d:/work24/souffle-lsp-plugin/gen_datasets/OCC/OCC_combined_6400/OCC_combined_6400.dl
9月 18, 2025 10:26:49 上午 DefinitionProvider getDefinition
信息: gotoDefinition: 0 document: d:/work24/souffle-lsp-plugin/gen_datasets/OCC/OCC_combined_6400/OCC_combined_6400.dl
9月 18, 2025 10:26:49 上午 RenameProvider getRename
信息: rename: 2 document: d:/work24/souffle-lsp-plugin/gen_datasets/OCC/OCC_combined_6400/OCC_combined_6400.dl
9月 18, 2025 10:26:52 上午 CompletionProvider getCompletions
信息: completion: 4 document: d:/work24/souffle-lsp-plugin/gen_datasets/OCC/OCC_combined_6400/OCC_combined_6400.dl
9月 18, 2025 10:26:57 上午 ReferenceProvider getLocateTime
信息: locate: 0 document: d:/work24/souffle-lsp-plugin/gen_datasets/OCC/OCC_combined_6400/OCC_combined_6400.dl
9月 18, 2025 10:26:58 上午 ReferenceProvider getSearchTime
信息: search: 512 document: d:/work24/souffle-lsp-plugin/gen_datasets/OCC/OCC_combined_6400/OCC_combined_6400.dl
9月 18, 2025 10:26:58 上午 ReferenceProvider getSearchTime
信息: subcontextNum: 2530 document: d:/work24/souffle-lsp-plugin/gen_datasets/OCC/OCC_combined_6400/OCC_combined_6400.dl
9月 18, 2025 10:26:58 上午 DefinitionProvider getDefinition
信息: gotoDefinition: 0 document: d:/work24/souffle-lsp-plugin/gen_datasets/OCC/OCC_combined_6400/OCC_combined_6400.dl
9月 18, 2025 10:26:58 上午 RenameProvider getRename
信息: rename: 1 document: d:/work24/souffle-lsp-plugin/gen_datasets/OCC/OCC_combined_6400/OCC_combined_6400.dl
9月 18, 2025 10:27:00 上午 CompletionProvider getCompletions
信息: completion: 4 document: d:/work24/souffle-lsp-plugin/gen_datasets/OCC/OCC_combined_6400/OCC_combined_6400.dl

9月 18, 2025 10:27:20 上午 SouffleTextDocumentService countLineNum
信息: LOC: 3923 document: d:/work24/souffle-lsp-plugin/gen_datasets/OCC/OCC_combined_7200/OCC_combined_7200.dl
9月 18, 2025 10:27:20 上午 SouffleTextDocumentService countNodeNum
信息: NOD: 107738 document: d:/work24/souffle-lsp-plugin/gen_datasets/OCC/OCC_combined_7200/OCC_combined_7200.dl
9月 18, 2025 10:27:20 上午 SouffleTextDocumentService countDEFAndOCC
信息: DEF: 964 document: d:/work24/souffle-lsp-plugin/gen_datasets/OCC/OCC_combined_7200/OCC_combined_7200.dl
9月 18, 2025 10:27:20 上午 SouffleTextDocumentService countDEFAndOCC
信息: OCC: 7146 document: d:/work24/souffle-lsp-plugin/gen_datasets/OCC/OCC_combined_7200/OCC_combined_7200.dl
9月 18, 2025 10:27:24 上午 ReferenceProvider getLocateTime
信息: locate: 0 document: d:/work24/souffle-lsp-plugin/gen_datasets/OCC/OCC_combined_7200/OCC_combined_7200.dl
9月 18, 2025 10:27:25 上午 ReferenceProvider getSearchTime
信息: search: 562 document: d:/work24/souffle-lsp-plugin/gen_datasets/OCC/OCC_combined_7200/OCC_combined_7200.dl
9月 18, 2025 10:27:25 上午 ReferenceProvider getSearchTime
信息: subcontextNum: 2968 document: d:/work24/souffle-lsp-plugin/gen_datasets/OCC/OCC_combined_7200/OCC_combined_7200.dl
9月 18, 2025 10:27:25 上午 DefinitionProvider getDefinition
信息: gotoDefinition: 0 document: d:/work24/souffle-lsp-plugin/gen_datasets/OCC/OCC_combined_7200/OCC_combined_7200.dl
9月 18, 2025 10:27:25 上午 RenameProvider getRename
信息: rename: 4 document: d:/work24/souffle-lsp-plugin/gen_datasets/OCC/OCC_combined_7200/OCC_combined_7200.dl
9月 18, 2025 10:27:27 上午 CompletionProvider getCompletions
信息: completion: 9 document: d:/work24/souffle-lsp-plugin/gen_datasets/OCC/OCC_combined_7200/OCC_combined_7200.dl
9月 18, 2025 10:27:33 上午 ReferenceProvider getLocateTime
信息: locate: 0 document: d:/work24/souffle-lsp-plugin/gen_datasets/OCC/OCC_combined_7200/OCC_combined_7200.dl
9月 18, 2025 10:27:34 上午 ReferenceProvider getSearchTime
信息: search: 595 document: d:/work24/souffle-lsp-plugin/gen_datasets/OCC/OCC_combined_7200/OCC_combined_7200.dl
9月 18, 2025 10:27:34 上午 ReferenceProvider getSearchTime
信息: subcontextNum: 2968 document: d:/work24/souffle-lsp-plugin/gen_datasets/OCC/OCC_combined_7200/OCC_combined_7200.dl
9月 18, 2025 10:27:34 上午 DefinitionProvider getDefinition
信息: gotoDefinition: 0 document: d:/work24/souffle-lsp-plugin/gen_datasets/OCC/OCC_combined_7200/OCC_combined_7200.dl
9月 18, 2025 10:27:34 上午 RenameProvider getRename
信息: rename: 2 document: d:/work24/souffle-lsp-plugin/gen_datasets/OCC/OCC_combined_7200/OCC_combined_7200.dl
9月 18, 2025 10:27:36 上午 CompletionProvider getCompletions
信息: completion: 6 document: d:/work24/souffle-lsp-plugin/gen_datasets/OCC/OCC_combined_7200/OCC_combined_7200.dl
9月 18, 2025 10:27:42 上午 ReferenceProvider getLocateTime
信息: locate: 0 document: d:/work24/souffle-lsp-plugin/gen_datasets/OCC/OCC_combined_7200/OCC_combined_7200.dl
9月 18, 2025 10:27:42 上午 ReferenceProvider getSearchTime
信息: search: 653 document: d:/work24/souffle-lsp-plugin/gen_datasets/OCC/OCC_combined_7200/OCC_combined_7200.dl
9月 18, 2025 10:27:42 上午 ReferenceProvider getSearchTime
信息: subcontextNum: 2968 document: d:/work24/souffle-lsp-plugin/gen_datasets/OCC/OCC_combined_7200/OCC_combined_7200.dl
9月 18, 2025 10:27:42 上午 DefinitionProvider getDefinition
信息: gotoDefinition: 0 document: d:/work24/souffle-lsp-plugin/gen_datasets/OCC/OCC_combined_7200/OCC_combined_7200.dl
9月 18, 2025 10:27:42 上午 RenameProvider getRename
信息: rename: 1 document: d:/work24/souffle-lsp-plugin/gen_datasets/OCC/OCC_combined_7200/OCC_combined_7200.dl
9月 18, 2025 10:27:45 上午 CompletionProvider getCompletions
信息: completion: 4 document: d:/work24/souffle-lsp-plugin/gen_datasets/OCC/OCC_combined_7200/OCC_combined_7200.dl

9月 18, 2025 10:22:03 上午 SouffleTextDocumentService countLineNum
信息: LOC: 418 document: d:/work24/souffle-lsp-plugin/gen_datasets/OCC/OCC_combined_800/OCC_combined_800.dl
9月 18, 2025 10:22:03 上午 SouffleTextDocumentService countNodeNum
信息: NOD: 11822 document: d:/work24/souffle-lsp-plugin/gen_datasets/OCC/OCC_combined_800/OCC_combined_800.dl
9月 18, 2025 10:22:03 上午 SouffleTextDocumentService countDEFAndOCC
信息: DEF: 98 document: d:/work24/souffle-lsp-plugin/gen_datasets/OCC/OCC_combined_800/OCC_combined_800.dl
9月 18, 2025 10:22:03 上午 SouffleTextDocumentService countDEFAndOCC
信息: OCC: 736 document: d:/work24/souffle-lsp-plugin/gen_datasets/OCC/OCC_combined_800/OCC_combined_800.dl
9月 18, 2025 10:22:07 上午 ReferenceProvider getLocateTime
信息: locate: 0 document: d:/work24/souffle-lsp-plugin/gen_datasets/OCC/OCC_combined_800/OCC_combined_800.dl
9月 18, 2025 10:22:07 上午 ReferenceProvider getSearchTime
信息: search: 55 document: d:/work24/souffle-lsp-plugin/gen_datasets/OCC/OCC_combined_800/OCC_combined_800.dl
9月 18, 2025 10:22:07 上午 ReferenceProvider getSearchTime
信息: subcontextNum: 346 document: d:/work24/souffle-lsp-plugin/gen_datasets/OCC/OCC_combined_800/OCC_combined_800.dl
9月 18, 2025 10:22:07 上午 DefinitionProvider getDefinition
信息: gotoDefinition: 0 document: d:/work24/souffle-lsp-plugin/gen_datasets/OCC/OCC_combined_800/OCC_combined_800.dl
9月 18, 2025 10:22:07 上午 RenameProvider getRename
信息: rename: 3 document: d:/work24/souffle-lsp-plugin/gen_datasets/OCC/OCC_combined_800/OCC_combined_800.dl
9月 18, 2025 10:22:10 上午 CompletionProvider getCompletions
信息: completion: 2 document: d:/work24/souffle-lsp-plugin/gen_datasets/OCC/OCC_combined_800/OCC_combined_800.dl
9月 18, 2025 10:22:19 上午 ReferenceProvider getLocateTime
信息: locate: 0 document: d:/work24/souffle-lsp-plugin/gen_datasets/OCC/OCC_combined_800/OCC_combined_800.dl
9月 18, 2025 10:22:19 上午 ReferenceProvider getSearchTime
信息: search: 21 document: d:/work24/souffle-lsp-plugin/gen_datasets/OCC/OCC_combined_800/OCC_combined_800.dl
9月 18, 2025 10:22:19 上午 ReferenceProvider getSearchTime
信息: subcontextNum: 346 document: d:/work24/souffle-lsp-plugin/gen_datasets/OCC/OCC_combined_800/OCC_combined_800.dl
9月 18, 2025 10:22:19 上午 DefinitionProvider getDefinition
信息: gotoDefinition: 0 document: d:/work24/souffle-lsp-plugin/gen_datasets/OCC/OCC_combined_800/OCC_combined_800.dl
9月 18, 2025 10:22:19 上午 RenameProvider getRename
信息: rename: 1 document: d:/work24/souffle-lsp-plugin/gen_datasets/OCC/OCC_combined_800/OCC_combined_800.dl
9月 18, 2025 10:22:22 上午 CompletionProvider getCompletions
信息: completion: 1 document: d:/work24/souffle-lsp-plugin/gen_datasets/OCC/OCC_combined_800/OCC_combined_800.dl
9月 18, 2025 10:22:26 上午 ReferenceProvider getLocateTime
信息: locate: 0 document: d:/work24/souffle-lsp-plugin/gen_datasets/OCC/OCC_combined_800/OCC_combined_800.dl
9月 18, 2025 10:22:26 上午 ReferenceProvider getSearchTime
信息: search: 48 document: d:/work24/souffle-lsp-plugin/gen_datasets/OCC/OCC_combined_800/OCC_combined_800.dl
9月 18, 2025 10:22:26 上午 ReferenceProvider getSearchTime
信息: subcontextNum: 346 document: d:/work24/souffle-lsp-plugin/gen_datasets/OCC/OCC_combined_800/OCC_combined_800.dl
9月 18, 2025 10:22:26 上午 DefinitionProvider getDefinition
信息: gotoDefinition: 0 document: d:/work24/souffle-lsp-plugin/gen_datasets/OCC/OCC_combined_800/OCC_combined_800.dl
9月 18, 2025 10:22:26 上午 RenameProvider getRename
信息: rename: 0 document: d:/work24/souffle-lsp-plugin/gen_datasets/OCC/OCC_combined_800/OCC_combined_800.dl
9月 18, 2025 10:22:28 上午 CompletionProvider getCompletions
信息: completion: 0 document: d:/work24/souffle-lsp-plugin/gen_datasets/OCC/OCC_combined_800/OCC_combined_800.dl

9月 18, 2025 10:27:54 上午 SouffleTextDocumentService countLineNum
信息: LOC: 4442 document: d:/work24/souffle-lsp-plugin/gen_datasets/OCC/OCC_combined_8000/OCC_combined_8000.dl
9月 18, 2025 10:27:54 上午 SouffleTextDocumentService countNodeNum
信息: NOD: 116832 document: d:/work24/souffle-lsp-plugin/gen_datasets/OCC/OCC_combined_8000/OCC_combined_8000.dl
9月 18, 2025 10:27:54 上午 SouffleTextDocumentService countDEFAndOCC
信息: DEF: 1116 document: d:/work24/souffle-lsp-plugin/gen_datasets/OCC/OCC_combined_8000/OCC_combined_8000.dl
9月 18, 2025 10:27:54 上午 SouffleTextDocumentService countDEFAndOCC
信息: OCC: 7914 document: d:/work24/souffle-lsp-plugin/gen_datasets/OCC/OCC_combined_8000/OCC_combined_8000.dl
9月 18, 2025 10:27:55 上午 ReferenceProvider getLocateTime
信息: locate: 0 document: d:/work24/souffle-lsp-plugin/gen_datasets/OCC/OCC_combined_8000/OCC_combined_8000.dl
9月 18, 2025 10:27:56 上午 ReferenceProvider getSearchTime
信息: search: 755 document: d:/work24/souffle-lsp-plugin/gen_datasets/OCC/OCC_combined_8000/OCC_combined_8000.dl
9月 18, 2025 10:27:56 上午 ReferenceProvider getSearchTime
信息: subcontextNum: 3453 document: d:/work24/souffle-lsp-plugin/gen_datasets/OCC/OCC_combined_8000/OCC_combined_8000.dl
9月 18, 2025 10:27:56 上午 DefinitionProvider getDefinition
信息: gotoDefinition: 0 document: d:/work24/souffle-lsp-plugin/gen_datasets/OCC/OCC_combined_8000/OCC_combined_8000.dl
9月 18, 2025 10:27:56 上午 RenameProvider getRename
信息: rename: 3 document: d:/work24/souffle-lsp-plugin/gen_datasets/OCC/OCC_combined_8000/OCC_combined_8000.dl
9月 18, 2025 10:27:58 上午 CompletionProvider getCompletions
信息: completion: 10 document: d:/work24/souffle-lsp-plugin/gen_datasets/OCC/OCC_combined_8000/OCC_combined_8000.dl
9月 18, 2025 10:28:04 上午 ReferenceProvider getLocateTime
信息: locate: 0 document: d:/work24/souffle-lsp-plugin/gen_datasets/OCC/OCC_combined_8000/OCC_combined_8000.dl
9月 18, 2025 10:28:05 上午 ReferenceProvider getSearchTime
信息: search: 758 document: d:/work24/souffle-lsp-plugin/gen_datasets/OCC/OCC_combined_8000/OCC_combined_8000.dl
9月 18, 2025 10:28:05 上午 ReferenceProvider getSearchTime
信息: subcontextNum: 3453 document: d:/work24/souffle-lsp-plugin/gen_datasets/OCC/OCC_combined_8000/OCC_combined_8000.dl
9月 18, 2025 10:28:05 上午 DefinitionProvider getDefinition
信息: gotoDefinition: 0 document: d:/work24/souffle-lsp-plugin/gen_datasets/OCC/OCC_combined_8000/OCC_combined_8000.dl
9月 18, 2025 10:28:05 上午 RenameProvider getRename
信息: rename: 1 document: d:/work24/souffle-lsp-plugin/gen_datasets/OCC/OCC_combined_8000/OCC_combined_8000.dl
9月 18, 2025 10:28:07 上午 CompletionProvider getCompletions
信息: completion: 5 document: d:/work24/souffle-lsp-plugin/gen_datasets/OCC/OCC_combined_8000/OCC_combined_8000.dl
9月 18, 2025 10:28:13 上午 ReferenceProvider getLocateTime
信息: locate: 0 document: d:/work24/souffle-lsp-plugin/gen_datasets/OCC/OCC_combined_8000/OCC_combined_8000.dl
9月 18, 2025 10:28:13 上午 ReferenceProvider getSearchTime
信息: search: 642 document: d:/work24/souffle-lsp-plugin/gen_datasets/OCC/OCC_combined_8000/OCC_combined_8000.dl
9月 18, 2025 10:28:13 上午 ReferenceProvider getSearchTime
信息: subcontextNum: 3453 document: d:/work24/souffle-lsp-plugin/gen_datasets/OCC/OCC_combined_8000/OCC_combined_8000.dl
9月 18, 2025 10:28:13 上午 DefinitionProvider getDefinition
信息: gotoDefinition: 0 document: d:/work24/souffle-lsp-plugin/gen_datasets/OCC/OCC_combined_8000/OCC_combined_8000.dl
9月 18, 2025 10:28:13 上午 RenameProvider getRename
信息: rename: 1 document: d:/work24/souffle-lsp-plugin/gen_datasets/OCC/OCC_combined_8000/OCC_combined_8000.dl
9月 18, 2025 10:28:15 上午 CompletionProvider getCompletions
信息: completion: 6 document: d:/work24/souffle-lsp-plugin/gen_datasets/OCC/OCC_combined_8000/OCC_combined_8000.dl

9月 18, 2025 10:28:36 上午 SouffleTextDocumentService countLineNum
信息: LOC: 4509 document: d:/work24/souffle-lsp-plugin/gen_datasets/OCC/OCC_combined_8800/OCC_combined_8800.dl
9月 18, 2025 10:28:36 上午 SouffleTextDocumentService countNodeNum
信息: NOD: 122804 document: d:/work24/souffle-lsp-plugin/gen_datasets/OCC/OCC_combined_8800/OCC_combined_8800.dl
9月 18, 2025 10:28:36 上午 SouffleTextDocumentService countDEFAndOCC
信息: DEF: 1272 document: d:/work24/souffle-lsp-plugin/gen_datasets/OCC/OCC_combined_8800/OCC_combined_8800.dl
9月 18, 2025 10:28:36 上午 SouffleTextDocumentService countDEFAndOCC
信息: OCC: 8609 document: d:/work24/souffle-lsp-plugin/gen_datasets/OCC/OCC_combined_8800/OCC_combined_8800.dl
9月 18, 2025 10:28:38 上午 ReferenceProvider getLocateTime
信息: locate: 0 document: d:/work24/souffle-lsp-plugin/gen_datasets/OCC/OCC_combined_8800/OCC_combined_8800.dl
9月 18, 2025 10:28:39 上午 ReferenceProvider getSearchTime
信息: search: 723 document: d:/work24/souffle-lsp-plugin/gen_datasets/OCC/OCC_combined_8800/OCC_combined_8800.dl
9月 18, 2025 10:28:39 上午 ReferenceProvider getSearchTime
信息: subcontextNum: 3678 document: d:/work24/souffle-lsp-plugin/gen_datasets/OCC/OCC_combined_8800/OCC_combined_8800.dl
9月 18, 2025 10:28:39 上午 DefinitionProvider getDefinition
信息: gotoDefinition: 0 document: d:/work24/souffle-lsp-plugin/gen_datasets/OCC/OCC_combined_8800/OCC_combined_8800.dl
9月 18, 2025 10:28:39 上午 RenameProvider getRename
信息: rename: 6 document: d:/work24/souffle-lsp-plugin/gen_datasets/OCC/OCC_combined_8800/OCC_combined_8800.dl
9月 18, 2025 10:28:41 上午 CompletionProvider getCompletions
信息: completion: 7 document: d:/work24/souffle-lsp-plugin/gen_datasets/OCC/OCC_combined_8800/OCC_combined_8800.dl
9月 18, 2025 10:29:04 上午 ReferenceProvider getLocateTime
信息: locate: 0 document: d:/work24/souffle-lsp-plugin/gen_datasets/OCC/OCC_combined_8800/OCC_combined_8800.dl
9月 18, 2025 10:29:04 上午 ReferenceProvider getSearchTime
信息: search: 596 document: d:/work24/souffle-lsp-plugin/gen_datasets/OCC/OCC_combined_8800/OCC_combined_8800.dl
9月 18, 2025 10:29:04 上午 ReferenceProvider getSearchTime
信息: subcontextNum: 3678 document: d:/work24/souffle-lsp-plugin/gen_datasets/OCC/OCC_combined_8800/OCC_combined_8800.dl
9月 18, 2025 10:29:04 上午 DefinitionProvider getDefinition
信息: gotoDefinition: 0 document: d:/work24/souffle-lsp-plugin/gen_datasets/OCC/OCC_combined_8800/OCC_combined_8800.dl
9月 18, 2025 10:29:04 上午 RenameProvider getRename
信息: rename: 3 document: d:/work24/souffle-lsp-plugin/gen_datasets/OCC/OCC_combined_8800/OCC_combined_8800.dl
9月 18, 2025 10:29:07 上午 CompletionProvider getCompletions
信息: completion: 4 document: d:/work24/souffle-lsp-plugin/gen_datasets/OCC/OCC_combined_8800/OCC_combined_8800.dl
9月 18, 2025 10:29:14 上午 ReferenceProvider getLocateTime
信息: locate: 0 document: d:/work24/souffle-lsp-plugin/gen_datasets/OCC/OCC_combined_8800/OCC_combined_8800.dl
9月 18, 2025 10:29:15 上午 ReferenceProvider getSearchTime
信息: search: 715 document: d:/work24/souffle-lsp-plugin/gen_datasets/OCC/OCC_combined_8800/OCC_combined_8800.dl
9月 18, 2025 10:29:15 上午 ReferenceProvider getSearchTime
信息: subcontextNum: 3678 document: d:/work24/souffle-lsp-plugin/gen_datasets/OCC/OCC_combined_8800/OCC_combined_8800.dl
9月 18, 2025 10:29:15 上午 DefinitionProvider getDefinition
信息: gotoDefinition: 0 document: d:/work24/souffle-lsp-plugin/gen_datasets/OCC/OCC_combined_8800/OCC_combined_8800.dl
9月 18, 2025 10:29:15 上午 RenameProvider getRename
信息: rename: 2 document: d:/work24/souffle-lsp-plugin/gen_datasets/OCC/OCC_combined_8800/OCC_combined_8800.dl
9月 18, 2025 10:29:17 上午 CompletionProvider getCompletions
信息: completion: 5 document: d:/work24/souffle-lsp-plugin/gen_datasets/OCC/OCC_combined_8800/OCC_combined_8800.dl

9月 18, 2025 10:29:26 上午 SouffleTextDocumentService countLineNum
信息: LOC: 5537 document: d:/work24/souffle-lsp-plugin/gen_datasets/OCC/OCC_combined_9600/OCC_combined_9600.dl
9月 18, 2025 10:29:26 上午 SouffleTextDocumentService countNodeNum
信息: NOD: 139549 document: d:/work24/souffle-lsp-plugin/gen_datasets/OCC/OCC_combined_9600/OCC_combined_9600.dl
9月 18, 2025 10:29:26 上午 SouffleTextDocumentService countDEFAndOCC
信息: DEF: 1340 document: d:/work24/souffle-lsp-plugin/gen_datasets/OCC/OCC_combined_9600/OCC_combined_9600.dl
9月 18, 2025 10:29:26 上午 SouffleTextDocumentService countDEFAndOCC
信息: OCC: 9516 document: d:/work24/souffle-lsp-plugin/gen_datasets/OCC/OCC_combined_9600/OCC_combined_9600.dl
9月 18, 2025 10:29:33 上午 ReferenceProvider getLocateTime
信息: locate: 0 document: d:/work24/souffle-lsp-plugin/gen_datasets/OCC/OCC_combined_9600/OCC_combined_9600.dl
9月 18, 2025 10:29:34 上午 ReferenceProvider getSearchTime
信息: search: 1053 document: d:/work24/souffle-lsp-plugin/gen_datasets/OCC/OCC_combined_9600/OCC_combined_9600.dl
9月 18, 2025 10:29:34 上午 ReferenceProvider getSearchTime
信息: subcontextNum: 4322 document: d:/work24/souffle-lsp-plugin/gen_datasets/OCC/OCC_combined_9600/OCC_combined_9600.dl
9月 18, 2025 10:29:34 上午 DefinitionProvider getDefinition
信息: gotoDefinition: 0 document: d:/work24/souffle-lsp-plugin/gen_datasets/OCC/OCC_combined_9600/OCC_combined_9600.dl
9月 18, 2025 10:29:34 上午 RenameProvider getRename
信息: rename: 4 document: d:/work24/souffle-lsp-plugin/gen_datasets/OCC/OCC_combined_9600/OCC_combined_9600.dl
9月 18, 2025 10:29:36 上午 CompletionProvider getCompletions
信息: completion: 18 document: d:/work24/souffle-lsp-plugin/gen_datasets/OCC/OCC_combined_9600/OCC_combined_9600.dl
9月 18, 2025 10:29:42 上午 ReferenceProvider getLocateTime
信息: locate: 0 document: d:/work24/souffle-lsp-plugin/gen_datasets/OCC/OCC_combined_9600/OCC_combined_9600.dl
9月 18, 2025 10:29:43 上午 ReferenceProvider getSearchTime
信息: search: 1065 document: d:/work24/souffle-lsp-plugin/gen_datasets/OCC/OCC_combined_9600/OCC_combined_9600.dl
9月 18, 2025 10:29:43 上午 ReferenceProvider getSearchTime
信息: subcontextNum: 4322 document: d:/work24/souffle-lsp-plugin/gen_datasets/OCC/OCC_combined_9600/OCC_combined_9600.dl
9月 18, 2025 10:29:43 上午 DefinitionProvider getDefinition
信息: gotoDefinition: 0 document: d:/work24/souffle-lsp-plugin/gen_datasets/OCC/OCC_combined_9600/OCC_combined_9600.dl
9月 18, 2025 10:29:43 上午 RenameProvider getRename
信息: rename: 2 document: d:/work24/souffle-lsp-plugin/gen_datasets/OCC/OCC_combined_9600/OCC_combined_9600.dl
9月 18, 2025 10:29:45 上午 CompletionProvider getCompletions
信息: completion: 7 document: d:/work24/souffle-lsp-plugin/gen_datasets/OCC/OCC_combined_9600/OCC_combined_9600.dl
9月 18, 2025 10:29:50 上午 ReferenceProvider getLocateTime
信息: locate: 0 document: d:/work24/souffle-lsp-plugin/gen_datasets/OCC/OCC_combined_9600/OCC_combined_9600.dl
9月 18, 2025 10:29:51 上午 ReferenceProvider getSearchTime
信息: search: 915 document: d:/work24/souffle-lsp-plugin/gen_datasets/OCC/OCC_combined_9600/OCC_combined_9600.dl
9月 18, 2025 10:29:51 上午 ReferenceProvider getSearchTime
信息: subcontextNum: 4322 document: d:/work24/souffle-lsp-plugin/gen_datasets/OCC/OCC_combined_9600/OCC_combined_9600.dl
9月 18, 2025 10:29:51 上午 DefinitionProvider getDefinition
信息: gotoDefinition: 0 document: d:/work24/souffle-lsp-plugin/gen_datasets/OCC/OCC_combined_9600/OCC_combined_9600.dl
9月 18, 2025 10:29:51 上午 RenameProvider getRename
信息: rename: 2 document: d:/work24/souffle-lsp-plugin/gen_datasets/OCC/OCC_combined_9600/OCC_combined_9600.dl
9月 18, 2025 10:29:53 上午 CompletionProvider getCompletions
信息: completion: 6 document: d:/work24/souffle-lsp-plugin/gen_datasets/OCC/OCC_combined_9600/OCC_combined_9600.dl

