9月 18, 2025 9:44:10 上午 SouffleTextDocumentService countLineNum
信息: LOC: 2731 document: d:/work24/souffle-lsp-plugin/gen_datasets/DEF/DEF_combined_800/DEF_combined_800.dl
9月 18, 2025 9:44:11 上午 SouffleTextDocumentService countNodeNum
信息: NOD: 70473 document: d:/work24/souffle-lsp-plugin/gen_datasets/DEF/DEF_combined_800/DEF_combined_800.dl
9月 18, 2025 9:44:11 上午 SouffleTextDocumentService countDEFAndOCC
信息: DEF: 789 document: d:/work24/souffle-lsp-plugin/gen_datasets/DEF/DEF_combined_800/DEF_combined_800.dl
9月 18, 2025 9:44:11 上午 SouffleTextDocumentService countDEFAndOCC
信息: OCC: 4949 document: d:/work24/souffle-lsp-plugin/gen_datasets/DEF/DEF_combined_800/DEF_combined_800.dl
9月 18, 2025 9:44:27 上午 ReferenceProvider getLocateTime
信息: locate: 0 document: d:/work24/souffle-lsp-plugin/gen_datasets/DEF/DEF_combined_800/DEF_combined_800.dl
9月 18, 2025 9:44:28 上午 ReferenceProvider getSearchTime
信息: search: 417 document: d:/work24/souffle-lsp-plugin/gen_datasets/DEF/DEF_combined_800/DEF_combined_800.dl
9月 18, 2025 9:44:28 上午 ReferenceProvider getSearchTime
信息: subcontextNum: 2047 document: d:/work24/souffle-lsp-plugin/gen_datasets/DEF/DEF_combined_800/DEF_combined_800.dl
9月 18, 2025 9:44:28 上午 DefinitionProvider getDefinition
信息: gotoDefinition: 0 document: d:/work24/souffle-lsp-plugin/gen_datasets/DEF/DEF_combined_800/DEF_combined_800.dl
9月 18, 2025 9:44:28 上午 RenameProvider getRename
信息: rename: 3 document: d:/work24/souffle-lsp-plugin/gen_datasets/DEF/DEF_combined_800/DEF_combined_800.dl
9月 18, 2025 9:44:30 上午 CompletionProvider getCompletions
信息: completion: 6 document: d:/work24/souffle-lsp-plugin/gen_datasets/DEF/DEF_combined_800/DEF_combined_800.dl
9月 18, 2025 9:44:42 上午 ReferenceProvider getLocateTime
信息: locate: 0 document: d:/work24/souffle-lsp-plugin/gen_datasets/DEF/DEF_combined_800/DEF_combined_800.dl
9月 18, 2025 9:44:42 上午 ReferenceProvider getSearchTime
信息: search: 310 document: d:/work24/souffle-lsp-plugin/gen_datasets/DEF/DEF_combined_800/DEF_combined_800.dl
9月 18, 2025 9:44:42 上午 ReferenceProvider getSearchTime
信息: subcontextNum: 2047 document: d:/work24/souffle-lsp-plugin/gen_datasets/DEF/DEF_combined_800/DEF_combined_800.dl
9月 18, 2025 9:44:42 上午 DefinitionProvider getDefinition
信息: gotoDefinition: 0 document: d:/work24/souffle-lsp-plugin/gen_datasets/DEF/DEF_combined_800/DEF_combined_800.dl
9月 18, 2025 9:44:42 上午 RenameProvider getRename
信息: rename: 0 document: d:/work24/souffle-lsp-plugin/gen_datasets/DEF/DEF_combined_800/DEF_combined_800.dl
9月 18, 2025 9:44:46 上午 CompletionProvider getCompletions
信息: completion: 2 document: d:/work24/souffle-lsp-plugin/gen_datasets/DEF/DEF_combined_800/DEF_combined_800.dl
9月 18, 2025 9:45:02 上午 ReferenceProvider getLocateTime
信息: locate: 0 document: d:/work24/souffle-lsp-plugin/gen_datasets/DEF/DEF_combined_800/DEF_combined_800.dl
9月 18, 2025 9:45:03 上午 ReferenceProvider getSearchTime
信息: search: 351 document: d:/work24/souffle-lsp-plugin/gen_datasets/DEF/DEF_combined_800/DEF_combined_800.dl
9月 18, 2025 9:45:03 上午 ReferenceProvider getSearchTime
信息: subcontextNum: 2047 document: d:/work24/souffle-lsp-plugin/gen_datasets/DEF/DEF_combined_800/DEF_combined_800.dl
9月 18, 2025 9:45:03 上午 DefinitionProvider getDefinition
信息: gotoDefinition: 0 document: d:/work24/souffle-lsp-plugin/gen_datasets/DEF/DEF_combined_800/DEF_combined_800.dl
9月 18, 2025 9:45:03 上午 RenameProvider getRename
信息: rename: 1 document: d:/work24/souffle-lsp-plugin/gen_datasets/DEF/DEF_combined_800/DEF_combined_800.dl
9月 18, 2025 9:45:06 上午 CompletionProvider getCompletions
信息: completion: 3 document: d:/work24/souffle-lsp-plugin/gen_datasets/DEF/DEF_combined_800/DEF_combined_800.dl
