9月 18, 2025 9:40:52 上午 SouffleTextDocumentService countLineNum
信息: LOC: 1899 document: d:/work24/souffle-lsp-plugin/gen_datasets/DEF/DEF_combined_400/DEF_combined_400.dl
9月 18, 2025 9:40:52 上午 SouffleTextDocumentService countNodeNum
信息: NOD: 52073 document: d:/work24/souffle-lsp-plugin/gen_datasets/DEF/DEF_combined_400/DEF_combined_400.dl
9月 18, 2025 9:40:52 上午 SouffleTextDocumentService countDEFAndOCC
信息: DEF: 397 document: d:/work24/souffle-lsp-plugin/gen_datasets/DEF/DEF_combined_400/DEF_combined_400.dl
9月 18, 2025 9:40:52 上午 SouffleTextDocumentService countDEFAndOCC
信息: OCC: 3284 document: d:/work24/souffle-lsp-plugin/gen_datasets/DEF/DEF_combined_400/DEF_combined_400.dl
9月 18, 2025 9:40:58 上午 ReferenceProvider getLocateTime
信息: locate: 0 document: d:/work24/souffle-lsp-plugin/gen_datasets/DEF/DEF_combined_400/DEF_combined_400.dl
9月 18, 2025 9:40:58 上午 ReferenceProvider getSearchTime
信息: search: 193 document: d:/work24/souffle-lsp-plugin/gen_datasets/DEF/DEF_combined_400/DEF_combined_400.dl
9月 18, 2025 9:40:58 上午 ReferenceProvider getSearchTime
信息: subcontextNum: 1262 document: d:/work24/souffle-lsp-plugin/gen_datasets/DEF/DEF_combined_400/DEF_combined_400.dl
9月 18, 2025 9:40:58 上午 DefinitionProvider getDefinition
信息: gotoDefinition: 0 document: d:/work24/souffle-lsp-plugin/gen_datasets/DEF/DEF_combined_400/DEF_combined_400.dl
9月 18, 2025 9:40:58 上午 RenameProvider getRename
信息: rename: 2 document: d:/work24/souffle-lsp-plugin/gen_datasets/DEF/DEF_combined_400/DEF_combined_400.dl
9月 18, 2025 9:41:01 上午 CompletionProvider getCompletions
信息: completion: 6 document: d:/work24/souffle-lsp-plugin/gen_datasets/DEF/DEF_combined_400/DEF_combined_400.dl
9月 18, 2025 9:41:07 上午 ReferenceProvider getLocateTime
信息: locate: 0 document: d:/work24/souffle-lsp-plugin/gen_datasets/DEF/DEF_combined_400/DEF_combined_400.dl
9月 18, 2025 9:41:07 上午 ReferenceProvider getSearchTime
信息: search: 154 document: d:/work24/souffle-lsp-plugin/gen_datasets/DEF/DEF_combined_400/DEF_combined_400.dl
9月 18, 2025 9:41:07 上午 ReferenceProvider getSearchTime
信息: subcontextNum: 1262 document: d:/work24/souffle-lsp-plugin/gen_datasets/DEF/DEF_combined_400/DEF_combined_400.dl
9月 18, 2025 9:41:07 上午 DefinitionProvider getDefinition
信息: gotoDefinition: 0 document: d:/work24/souffle-lsp-plugin/gen_datasets/DEF/DEF_combined_400/DEF_combined_400.dl
9月 18, 2025 9:41:07 上午 RenameProvider getRename
信息: rename: 1 document: d:/work24/souffle-lsp-plugin/gen_datasets/DEF/DEF_combined_400/DEF_combined_400.dl
9月 18, 2025 9:41:10 上午 CompletionProvider getCompletions
信息: completion: 4 document: d:/work24/souffle-lsp-plugin/gen_datasets/DEF/DEF_combined_400/DEF_combined_400.dl
9月 18, 2025 9:41:15 上午 ReferenceProvider getLocateTime
信息: locate: 0 document: d:/work24/souffle-lsp-plugin/gen_datasets/DEF/DEF_combined_400/DEF_combined_400.dl
9月 18, 2025 9:41:15 上午 ReferenceProvider getSearchTime
信息: search: 211 document: d:/work24/souffle-lsp-plugin/gen_datasets/DEF/DEF_combined_400/DEF_combined_400.dl
9月 18, 2025 9:41:15 上午 ReferenceProvider getSearchTime
信息: subcontextNum: 1262 document: d:/work24/souffle-lsp-plugin/gen_datasets/DEF/DEF_combined_400/DEF_combined_400.dl
9月 18, 2025 9:41:15 上午 DefinitionProvider getDefinition
信息: gotoDefinition: 0 document: d:/work24/souffle-lsp-plugin/gen_datasets/DEF/DEF_combined_400/DEF_combined_400.dl
9月 18, 2025 9:41:15 上午 RenameProvider getRename
信息: rename: 0 document: d:/work24/souffle-lsp-plugin/gen_datasets/DEF/DEF_combined_400/DEF_combined_400.dl
9月 18, 2025 9:41:17 上午 CompletionProvider getCompletions
信息: completion: 2 document: d:/work24/souffle-lsp-plugin/gen_datasets/DEF/DEF_combined_400/DEF_combined_400.dl
