9月 10, 2025 11:16:44 上午 SouffleTextDocumentService countLineNum
信息: LOC: 5939 document: d:/work24/souffle-lsp-plugin/gen_datasets/NOD/NOD_combined_160000/NOD_combined_160000.dl
9月 10, 2025 11:16:44 上午 SouffleTextDocumentService countNodeNum
信息: NOD: 157063 document: d:/work24/souffle-lsp-plugin/gen_datasets/NOD/NOD_combined_160000/NOD_combined_160000.dl
9月 10, 2025 11:16:44 上午 SouffleTextDocumentService countDEFAndOCC
信息: DEF: 1702 document: d:/work24/souffle-lsp-plugin/gen_datasets/NOD/NOD_combined_160000/NOD_combined_160000.dl
9月 10, 2025 11:16:44 上午 SouffleTextDocumentService countDEFAndOCC
信息: OCC: 11180 document: d:/work24/souffle-lsp-plugin/gen_datasets/NOD/NOD_combined_160000/NOD_combined_160000.dl
9月 10, 2025 11:16:45 上午 ReferenceProvider getLocateTime
信息: locate: 0 document: d:/work24/souffle-lsp-plugin/gen_datasets/NOD/NOD_combined_160000/NOD_combined_160000.dl
9月 10, 2025 11:16:46 上午 ReferenceProvider getSearchTime
信息: search: 1119 document: d:/work24/souffle-lsp-plugin/gen_datasets/NOD/NOD_combined_160000/NOD_combined_160000.dl
9月 10, 2025 11:16:46 上午 DefinitionProvider getDefinition
信息: gotoDefinition: 0 document: d:/work24/souffle-lsp-plugin/gen_datasets/NOD/NOD_combined_160000/NOD_combined_160000.dl
9月 10, 2025 11:16:46 上午 RenameProvider getRename
信息: rename: 4 document: d:/work24/souffle-lsp-plugin/gen_datasets/NOD/NOD_combined_160000/NOD_combined_160000.dl
9月 10, 2025 11:16:48 上午 CompletionProvider getCompletions
信息: completion: 11 document: d:/work24/souffle-lsp-plugin/gen_datasets/NOD/NOD_combined_160000/NOD_combined_160000.dl
9月 10, 2025 11:16:54 上午 ReferenceProvider getLocateTime
信息: locate: 0 document: d:/work24/souffle-lsp-plugin/gen_datasets/NOD/NOD_combined_160000/NOD_combined_160000.dl
9月 10, 2025 11:16:55 上午 ReferenceProvider getSearchTime
信息: search: 1011 document: d:/work24/souffle-lsp-plugin/gen_datasets/NOD/NOD_combined_160000/NOD_combined_160000.dl
9月 10, 2025 11:16:55 上午 DefinitionProvider getDefinition
信息: gotoDefinition: 0 document: d:/work24/souffle-lsp-plugin/gen_datasets/NOD/NOD_combined_160000/NOD_combined_160000.dl
9月 10, 2025 11:16:55 上午 RenameProvider getRename
信息: rename: 3 document: d:/work24/souffle-lsp-plugin/gen_datasets/NOD/NOD_combined_160000/NOD_combined_160000.dl
9月 10, 2025 11:16:57 上午 CompletionProvider getCompletions
信息: completion: 6 document: d:/work24/souffle-lsp-plugin/gen_datasets/NOD/NOD_combined_160000/NOD_combined_160000.dl
9月 10, 2025 11:17:03 上午 ReferenceProvider getLocateTime
信息: locate: 0 document: d:/work24/souffle-lsp-plugin/gen_datasets/NOD/NOD_combined_160000/NOD_combined_160000.dl
9月 10, 2025 11:17:05 上午 ReferenceProvider getSearchTime
信息: search: 1179 document: d:/work24/souffle-lsp-plugin/gen_datasets/NOD/NOD_combined_160000/NOD_combined_160000.dl
9月 10, 2025 11:17:05 上午 DefinitionProvider getDefinition
信息: gotoDefinition: 0 document: d:/work24/souffle-lsp-plugin/gen_datasets/NOD/NOD_combined_160000/NOD_combined_160000.dl
9月 10, 2025 11:17:05 上午 RenameProvider getRename
信息: rename: 2 document: d:/work24/souffle-lsp-plugin/gen_datasets/NOD/NOD_combined_160000/NOD_combined_160000.dl
9月 10, 2025 11:17:08 上午 CompletionProvider getCompletions
信息: completion: 7 document: d:/work24/souffle-lsp-plugin/gen_datasets/NOD/NOD_combined_160000/NOD_combined_160000.dl
