9月 18, 2025 10:22:36 上午 SouffleTextDocumentService countLineNum
信息: LOC: 789 document: d:/work24/souffle-lsp-plugin/gen_datasets/OCC/OCC_combined_1600/OCC_combined_1600.dl
9月 18, 2025 10:22:36 上午 SouffleTextDocumentService countNodeNum
信息: NOD: 21809 document: d:/work24/souffle-lsp-plugin/gen_datasets/OCC/OCC_combined_1600/OCC_combined_1600.dl
9月 18, 2025 10:22:36 上午 SouffleTextDocumentService countDEFAndOCC
信息: DEF: 222 document: d:/work24/souffle-lsp-plugin/gen_datasets/OCC/OCC_combined_1600/OCC_combined_1600.dl
9月 18, 2025 10:22:36 上午 SouffleTextDocumentService countDEFAndOCC
信息: OCC: 1514 document: d:/work24/souffle-lsp-plugin/gen_datasets/OCC/OCC_combined_1600/OCC_combined_1600.dl
9月 18, 2025 10:22:38 上午 ReferenceProvider getLocateTime
信息: locate: 0 document: d:/work24/souffle-lsp-plugin/gen_datasets/OCC/OCC_combined_1600/OCC_combined_1600.dl
9月 18, 2025 10:22:38 上午 ReferenceProvider getSearchTime
信息: search: 71 document: d:/work24/souffle-lsp-plugin/gen_datasets/OCC/OCC_combined_1600/OCC_combined_1600.dl
9月 18, 2025 10:22:38 上午 ReferenceProvider getSearchTime
信息: subcontextNum: 555 document: d:/work24/souffle-lsp-plugin/gen_datasets/OCC/OCC_combined_1600/OCC_combined_1600.dl
9月 18, 2025 10:22:38 上午 DefinitionProvider getDefinition
信息: gotoDefinition: 0 document: d:/work24/souffle-lsp-plugin/gen_datasets/OCC/OCC_combined_1600/OCC_combined_1600.dl
9月 18, 2025 10:22:38 上午 RenameProvider getRename
信息: rename: 2 document: d:/work24/souffle-lsp-plugin/gen_datasets/OCC/OCC_combined_1600/OCC_combined_1600.dl
9月 18, 2025 10:22:41 上午 CompletionProvider getCompletions
信息: completion: 2 document: d:/work24/souffle-lsp-plugin/gen_datasets/OCC/OCC_combined_1600/OCC_combined_1600.dl
9月 18, 2025 10:22:46 上午 DefinitionProvider getDefinition
信息: gotoDefinition: 0 document: d:/work24/souffle-lsp-plugin/gen_datasets/OCC/OCC_combined_1600/OCC_combined_1600.dl
9月 18, 2025 10:22:49 上午 ReferenceProvider getLocateTime
信息: locate: 0 document: d:/work24/souffle-lsp-plugin/gen_datasets/OCC/OCC_combined_1600/OCC_combined_1600.dl
9月 18, 2025 10:22:49 上午 ReferenceProvider getSearchTime
信息: search: 68 document: d:/work24/souffle-lsp-plugin/gen_datasets/OCC/OCC_combined_1600/OCC_combined_1600.dl
9月 18, 2025 10:22:49 上午 ReferenceProvider getSearchTime
信息: subcontextNum: 555 document: d:/work24/souffle-lsp-plugin/gen_datasets/OCC/OCC_combined_1600/OCC_combined_1600.dl
9月 18, 2025 10:22:49 上午 DefinitionProvider getDefinition
信息: gotoDefinition: 0 document: d:/work24/souffle-lsp-plugin/gen_datasets/OCC/OCC_combined_1600/OCC_combined_1600.dl
9月 18, 2025 10:22:49 上午 RenameProvider getRename
信息: rename: 0 document: d:/work24/souffle-lsp-plugin/gen_datasets/OCC/OCC_combined_1600/OCC_combined_1600.dl
9月 18, 2025 10:22:52 上午 CompletionProvider getCompletions
信息: completion: 1 document: d:/work24/souffle-lsp-plugin/gen_datasets/OCC/OCC_combined_1600/OCC_combined_1600.dl
9月 18, 2025 10:22:58 上午 ReferenceProvider getLocateTime
信息: locate: 0 document: d:/work24/souffle-lsp-plugin/gen_datasets/OCC/OCC_combined_1600/OCC_combined_1600.dl
9月 18, 2025 10:22:59 上午 ReferenceProvider getSearchTime
信息: search: 48 document: d:/work24/souffle-lsp-plugin/gen_datasets/OCC/OCC_combined_1600/OCC_combined_1600.dl
9月 18, 2025 10:22:59 上午 ReferenceProvider getSearchTime
信息: subcontextNum: 555 document: d:/work24/souffle-lsp-plugin/gen_datasets/OCC/OCC_combined_1600/OCC_combined_1600.dl
9月 18, 2025 10:22:59 上午 DefinitionProvider getDefinition
信息: gotoDefinition: 0 document: d:/work24/souffle-lsp-plugin/gen_datasets/OCC/OCC_combined_1600/OCC_combined_1600.dl
9月 18, 2025 10:22:59 上午 RenameProvider getRename
信息: rename: 1 document: d:/work24/souffle-lsp-plugin/gen_datasets/OCC/OCC_combined_1600/OCC_combined_1600.dl
9月 18, 2025 10:23:02 上午 CompletionProvider getCompletions
信息: completion: 1 document: d:/work24/souffle-lsp-plugin/gen_datasets/OCC/OCC_combined_1600/OCC_combined_1600.dl
