9月 18, 2025 10:01:55 上午 SouffleTextDocumentService countLineNum
信息: LOC: 803 document: d:/work24/souffle-lsp-plugin/gen_datasets/NOD/NOD_combined_30000/NOD_combined_30000.dl
9月 18, 2025 10:01:55 上午 SouffleTextDocumentService countNodeNum
信息: NOD: 28783 document: d:/work24/souffle-lsp-plugin/gen_datasets/NOD/NOD_combined_30000/NOD_combined_30000.dl
9月 18, 2025 10:01:55 上午 SouffleTextDocumentService countDEFAndOCC
信息: DEF: 202 document: d:/work24/souffle-lsp-plugin/gen_datasets/NOD/NOD_combined_30000/NOD_combined_30000.dl
9月 18, 2025 10:01:55 上午 SouffleTextDocumentService countDEFAndOCC
信息: OCC: 1724 document: d:/work24/souffle-lsp-plugin/gen_datasets/NOD/NOD_combined_30000/NOD_combined_30000.dl
9月 18, 2025 10:01:59 上午 ReferenceProvider getLocateTime
信息: locate: 0 document: d:/work24/souffle-lsp-plugin/gen_datasets/NOD/NOD_combined_30000/NOD_combined_30000.dl
9月 18, 2025 10:01:59 上午 ReferenceProvider getSearchTime
信息: search: 81 document: d:/work24/souffle-lsp-plugin/gen_datasets/NOD/NOD_combined_30000/NOD_combined_30000.dl
9月 18, 2025 10:01:59 上午 ReferenceProvider getSearchTime
信息: subcontextNum: 622 document: d:/work24/souffle-lsp-plugin/gen_datasets/NOD/NOD_combined_30000/NOD_combined_30000.dl
9月 18, 2025 10:01:59 上午 DefinitionProvider getDefinition
信息: gotoDefinition: 0 document: d:/work24/souffle-lsp-plugin/gen_datasets/NOD/NOD_combined_30000/NOD_combined_30000.dl
9月 18, 2025 10:01:59 上午 RenameProvider getRename
信息: rename: 3 document: d:/work24/souffle-lsp-plugin/gen_datasets/NOD/NOD_combined_30000/NOD_combined_30000.dl
9月 18, 2025 10:02:02 上午 CompletionProvider getCompletions
信息: completion: 3 document: d:/work24/souffle-lsp-plugin/gen_datasets/NOD/NOD_combined_30000/NOD_combined_30000.dl
9月 18, 2025 10:02:07 上午 ReferenceProvider getLocateTime
信息: locate: 0 document: d:/work24/souffle-lsp-plugin/gen_datasets/NOD/NOD_combined_30000/NOD_combined_30000.dl
9月 18, 2025 10:02:07 上午 ReferenceProvider getSearchTime
信息: search: 81 document: d:/work24/souffle-lsp-plugin/gen_datasets/NOD/NOD_combined_30000/NOD_combined_30000.dl
9月 18, 2025 10:02:07 上午 ReferenceProvider getSearchTime
信息: subcontextNum: 622 document: d:/work24/souffle-lsp-plugin/gen_datasets/NOD/NOD_combined_30000/NOD_combined_30000.dl
9月 18, 2025 10:02:07 上午 DefinitionProvider getDefinition
信息: gotoDefinition: 0 document: d:/work24/souffle-lsp-plugin/gen_datasets/NOD/NOD_combined_30000/NOD_combined_30000.dl
9月 18, 2025 10:02:07 上午 RenameProvider getRename
信息: rename: 0 document: d:/work24/souffle-lsp-plugin/gen_datasets/NOD/NOD_combined_30000/NOD_combined_30000.dl
9月 18, 2025 10:02:11 上午 CompletionProvider getCompletions
信息: completion: 1 document: d:/work24/souffle-lsp-plugin/gen_datasets/NOD/NOD_combined_30000/NOD_combined_30000.dl
9月 18, 2025 10:02:21 上午 ReferenceProvider getLocateTime
信息: locate: 0 document: d:/work24/souffle-lsp-plugin/gen_datasets/NOD/NOD_combined_30000/NOD_combined_30000.dl
9月 18, 2025 10:02:21 上午 ReferenceProvider getSearchTime
信息: search: 56 document: d:/work24/souffle-lsp-plugin/gen_datasets/NOD/NOD_combined_30000/NOD_combined_30000.dl
9月 18, 2025 10:02:21 上午 ReferenceProvider getSearchTime
信息: subcontextNum: 622 document: d:/work24/souffle-lsp-plugin/gen_datasets/NOD/NOD_combined_30000/NOD_combined_30000.dl
9月 18, 2025 10:02:21 上午 DefinitionProvider getDefinition
信息: gotoDefinition: 0 document: d:/work24/souffle-lsp-plugin/gen_datasets/NOD/NOD_combined_30000/NOD_combined_30000.dl
9月 18, 2025 10:02:21 上午 RenameProvider getRename
信息: rename: 0 document: d:/work24/souffle-lsp-plugin/gen_datasets/NOD/NOD_combined_30000/NOD_combined_30000.dl
9月 18, 2025 10:02:23 上午 CompletionProvider getCompletions
信息: completion: 2 document: d:/work24/souffle-lsp-plugin/gen_datasets/NOD/NOD_combined_30000/NOD_combined_30000.dl
