9月 10, 2025 11:13:33 上午 SouffleTextDocumentService countLineNum
信息: LOC: 4014 document: d:/work24/souffle-lsp-plugin/gen_datasets/NOD/NOD_combined_110000/NOD_combined_110000.dl
9月 10, 2025 11:13:33 上午 SouffleTextDocumentService countNodeNum
信息: NOD: 108362 document: d:/work24/souffle-lsp-plugin/gen_datasets/NOD/NOD_combined_110000/NOD_combined_110000.dl
9月 10, 2025 11:13:33 上午 SouffleTextDocumentService countDEFAndOCC
信息: DEF: 1062 document: d:/work24/souffle-lsp-plugin/gen_datasets/NOD/NOD_combined_110000/NOD_combined_110000.dl
9月 10, 2025 11:13:33 上午 SouffleTextDocumentService countDEFAndOCC
信息: OCC: 7165 document: d:/work24/souffle-lsp-plugin/gen_datasets/NOD/NOD_combined_110000/NOD_combined_110000.dl
9月 10, 2025 11:13:34 上午 ReferenceProvider getLocateTime
信息: locate: 0 document: d:/work24/souffle-lsp-plugin/gen_datasets/NOD/NOD_combined_110000/NOD_combined_110000.dl
9月 10, 2025 11:13:34 上午 ReferenceProvider getSearchTime
信息: search: 593 document: d:/work24/souffle-lsp-plugin/gen_datasets/NOD/NOD_combined_110000/NOD_combined_110000.dl
9月 10, 2025 11:13:34 上午 DefinitionProvider getDefinition
信息: gotoDefinition: 0 document: d:/work24/souffle-lsp-plugin/gen_datasets/NOD/NOD_combined_110000/NOD_combined_110000.dl
9月 10, 2025 11:13:34 上午 RenameProvider getRename
信息: rename: 3 document: d:/work24/souffle-lsp-plugin/gen_datasets/NOD/NOD_combined_110000/NOD_combined_110000.dl
9月 10, 2025 11:13:37 上午 CompletionProvider getCompletions
信息: completion: 8 document: d:/work24/souffle-lsp-plugin/gen_datasets/NOD/NOD_combined_110000/NOD_combined_110000.dl
9月 10, 2025 11:13:44 上午 ReferenceProvider getLocateTime
信息: locate: 0 document: d:/work24/souffle-lsp-plugin/gen_datasets/NOD/NOD_combined_110000/NOD_combined_110000.dl
9月 10, 2025 11:13:44 上午 ReferenceProvider getSearchTime
信息: search: 640 document: d:/work24/souffle-lsp-plugin/gen_datasets/NOD/NOD_combined_110000/NOD_combined_110000.dl
9月 10, 2025 11:13:44 上午 DefinitionProvider getDefinition
信息: gotoDefinition: 0 document: d:/work24/souffle-lsp-plugin/gen_datasets/NOD/NOD_combined_110000/NOD_combined_110000.dl
9月 10, 2025 11:13:44 上午 RenameProvider getRename
信息: rename: 1 document: d:/work24/souffle-lsp-plugin/gen_datasets/NOD/NOD_combined_110000/NOD_combined_110000.dl
9月 10, 2025 11:13:47 上午 CompletionProvider getCompletions
信息: completion: 5 document: d:/work24/souffle-lsp-plugin/gen_datasets/NOD/NOD_combined_110000/NOD_combined_110000.dl
9月 10, 2025 11:13:52 上午 ReferenceProvider getLocateTime
信息: locate: 0 document: d:/work24/souffle-lsp-plugin/gen_datasets/NOD/NOD_combined_110000/NOD_combined_110000.dl
9月 10, 2025 11:13:52 上午 ReferenceProvider getSearchTime
信息: search: 638 document: d:/work24/souffle-lsp-plugin/gen_datasets/NOD/NOD_combined_110000/NOD_combined_110000.dl
9月 10, 2025 11:13:52 上午 DefinitionProvider getDefinition
信息: gotoDefinition: 0 document: d:/work24/souffle-lsp-plugin/gen_datasets/NOD/NOD_combined_110000/NOD_combined_110000.dl
9月 10, 2025 11:13:52 上午 RenameProvider getRename
信息: rename: 2 document: d:/work24/souffle-lsp-plugin/gen_datasets/NOD/NOD_combined_110000/NOD_combined_110000.dl
9月 10, 2025 11:13:55 上午 CompletionProvider getCompletions
信息: completion: 5 document: d:/work24/souffle-lsp-plugin/gen_datasets/NOD/NOD_combined_110000/NOD_combined_110000.dl
