9月 29, 2025 11:20:24 上午 SouffleTextDocumentService countLineNum
信息: LOC: 2524 document: d:/work24/souffle-lsp-plugin/gen_datasets/OCC/OCC_combined_4800/OCC_combined_4800.dl
9月 29, 2025 11:20:24 上午 SouffleTextDocumentService countNodeNum
信息: NOD: 71865 document: d:/work24/souffle-lsp-plugin/gen_datasets/OCC/OCC_combined_4800/OCC_combined_4800.dl
9月 29, 2025 11:20:25 上午 SouffleTextDocumentService countDEFAndOCC
信息: DEF: 592 document: d:/work24/souffle-lsp-plugin/gen_datasets/OCC/OCC_combined_4800/OCC_combined_4800.dl
9月 29, 2025 11:20:25 上午 SouffleTextDocumentService countDEFAndOCC
信息: OCC: 4670 document: d:/work24/souffle-lsp-plugin/gen_datasets/OCC/OCC_combined_4800/OCC_combined_4800.dl
9月 29, 2025 11:20:32 上午 CompletionProvider getCompletions
信息: completion: 69.0001 document: d:/work24/souffle-lsp-plugin/gen_datasets/OCC/OCC_combined_4800/OCC_combined_4800.dl
9月 29, 2025 11:20:32 上午 CompletionProvider getTraverseTime
信息: traverse: 44.0 document: d:/work24/souffle-lsp-plugin/gen_datasets/OCC/OCC_combined_4800/OCC_combined_4800.dl
9月 29, 2025 11:20:32 上午 CompletionProvider getTraverseTime
信息: traverse: 24.0002 document: d:/work24/souffle-lsp-plugin/gen_datasets/OCC/OCC_combined_4800/OCC_combined_4800.dl
9月 29, 2025 11:20:32 上午 CompletionProvider getTraverseTime
信息: traverseTimes: 2 document: d:/work24/souffle-lsp-plugin/gen_datasets/OCC/OCC_combined_4800/OCC_combined_4800.dl
9月 29, 2025 11:20:33 上午 ReferenceProvider getLocateTime
信息: locate: 0.0 document: d:/work24/souffle-lsp-plugin/gen_datasets/OCC/OCC_combined_4800/OCC_combined_4800.dl
9月 29, 2025 11:20:35 上午 ReferenceProvider getSearchTime
信息: search: 1841.9996 document: d:/work24/souffle-lsp-plugin/gen_datasets/OCC/OCC_combined_4800/OCC_combined_4800.dl
9月 29, 2025 11:20:35 上午 ReferenceProvider getSearchTime
信息: subcontextNum: 1836 document: d:/work24/souffle-lsp-plugin/gen_datasets/OCC/OCC_combined_4800/OCC_combined_4800.dl
9月 29, 2025 11:20:35 上午 DefinitionProvider getDefinition
信息: gotoDefinition: 0.0 document: d:/work24/souffle-lsp-plugin/gen_datasets/OCC/OCC_combined_4800/OCC_combined_4800.dl
9月 29, 2025 11:20:35 上午 RenameProvider getRename
信息: currentSymbol: read kind RULE document: d:/work24/souffle-lsp-plugin/gen_datasets/OCC/OCC_combined_4800/OCC_combined_4800.dl
9月 29, 2025 11:20:35 上午 RenameProvider getRename
信息: rename: 2.9917 document: d:/work24/souffle-lsp-plugin/gen_datasets/OCC/OCC_combined_4800/OCC_combined_4800.dl
9月 29, 2025 11:20:39 上午 CompletionProvider getCompletions
信息: completion: 67.9993 document: d:/work24/souffle-lsp-plugin/gen_datasets/OCC/OCC_combined_4800/OCC_combined_4800.dl
9月 29, 2025 11:20:39 上午 CompletionProvider getTraverseTime
信息: traverse: 43.9992 document: d:/work24/souffle-lsp-plugin/gen_datasets/OCC/OCC_combined_4800/OCC_combined_4800.dl
9月 29, 2025 11:20:39 上午 CompletionProvider getTraverseTime
信息: traverse: 23.9985 document: d:/work24/souffle-lsp-plugin/gen_datasets/OCC/OCC_combined_4800/OCC_combined_4800.dl
9月 29, 2025 11:20:39 上午 CompletionProvider getTraverseTime
信息: traverseTimes: 2 document: d:/work24/souffle-lsp-plugin/gen_datasets/OCC/OCC_combined_4800/OCC_combined_4800.dl
9月 29, 2025 11:20:39 上午 ReferenceProvider getLocateTime
信息: locate: 0.0 document: d:/work24/souffle-lsp-plugin/gen_datasets/OCC/OCC_combined_4800/OCC_combined_4800.dl
9月 29, 2025 11:20:41 上午 ReferenceProvider getSearchTime
信息: search: 1921.9996 document: d:/work24/souffle-lsp-plugin/gen_datasets/OCC/OCC_combined_4800/OCC_combined_4800.dl
9月 29, 2025 11:20:41 上午 ReferenceProvider getSearchTime
信息: subcontextNum: 1836 document: d:/work24/souffle-lsp-plugin/gen_datasets/OCC/OCC_combined_4800/OCC_combined_4800.dl
9月 29, 2025 11:20:41 上午 DefinitionProvider getDefinition
信息: gotoDefinition: 0.0 document: d:/work24/souffle-lsp-plugin/gen_datasets/OCC/OCC_combined_4800/OCC_combined_4800.dl
9月 29, 2025 11:20:41 上午 RenameProvider getRename
信息: currentSymbol: Movie kind RELATION_USE document: d:/work24/souffle-lsp-plugin/gen_datasets/OCC/OCC_combined_4800/OCC_combined_4800.dl
9月 29, 2025 11:20:41 上午 RenameProvider getRename
信息: rename: 1.9995 document: d:/work24/souffle-lsp-plugin/gen_datasets/OCC/OCC_combined_4800/OCC_combined_4800.dl
9月 29, 2025 11:20:46 上午 CompletionProvider getCompletions
信息: completion: 70.9996 document: d:/work24/souffle-lsp-plugin/gen_datasets/OCC/OCC_combined_4800/OCC_combined_4800.dl
9月 29, 2025 11:20:46 上午 CompletionProvider getTraverseTime
信息: traverse: 47.0006 document: d:/work24/souffle-lsp-plugin/gen_datasets/OCC/OCC_combined_4800/OCC_combined_4800.dl
9月 29, 2025 11:20:46 上午 CompletionProvider getTraverseTime
信息: traverse: 22.0202 document: d:/work24/souffle-lsp-plugin/gen_datasets/OCC/OCC_combined_4800/OCC_combined_4800.dl
9月 29, 2025 11:20:46 上午 CompletionProvider getTraverseTime
信息: traverseTimes: 2 document: d:/work24/souffle-lsp-plugin/gen_datasets/OCC/OCC_combined_4800/OCC_combined_4800.dl
9月 29, 2025 11:20:46 上午 ReferenceProvider getLocateTime
信息: locate: 0.0 document: d:/work24/souffle-lsp-plugin/gen_datasets/OCC/OCC_combined_4800/OCC_combined_4800.dl
9月 29, 2025 11:20:48 上午 ReferenceProvider getSearchTime
信息: search: 1896.0002 document: d:/work24/souffle-lsp-plugin/gen_datasets/OCC/OCC_combined_4800/OCC_combined_4800.dl
9月 29, 2025 11:20:48 上午 ReferenceProvider getSearchTime
信息: subcontextNum: 1836 document: d:/work24/souffle-lsp-plugin/gen_datasets/OCC/OCC_combined_4800/OCC_combined_4800.dl
9月 29, 2025 11:20:48 上午 DefinitionProvider getDefinition
信息: gotoDefinition: 0.0 document: d:/work24/souffle-lsp-plugin/gen_datasets/OCC/OCC_combined_4800/OCC_combined_4800.dl
9月 29, 2025 11:20:48 上午 RenameProvider getRename
信息: currentSymbol: nat kind RELATION_USE document: d:/work24/souffle-lsp-plugin/gen_datasets/OCC/OCC_combined_4800/OCC_combined_4800.dl
9月 29, 2025 11:20:48 上午 RenameProvider getRename
信息: rename: 2.0011 document: d:/work24/souffle-lsp-plugin/gen_datasets/OCC/OCC_combined_4800/OCC_combined_4800.dl
