9月 29, 2025 10:10:21 上午 SouffleTextDocumentService countLineNum
信息: LOC: 2971 document: d:/work24/souffle-lsp-plugin/gen_datasets/DEF/DEF_combined_700/DEF_combined_700.dl
9月 29, 2025 10:10:21 上午 SouffleTextDocumentService countNodeNum
信息: NOD: 88895 document: d:/work24/souffle-lsp-plugin/gen_datasets/DEF/DEF_combined_700/DEF_combined_700.dl
9月 29, 2025 10:10:21 上午 SouffleTextDocumentService countDEFAndOCC
信息: DEF: 686 document: d:/work24/souffle-lsp-plugin/gen_datasets/DEF/DEF_combined_700/DEF_combined_700.dl
9月 29, 2025 10:10:21 上午 SouffleTextDocumentService countDEFAndOCC
信息: OCC: 5519 document: d:/work24/souffle-lsp-plugin/gen_datasets/DEF/DEF_combined_700/DEF_combined_700.dl
9月 29, 2025 10:10:21 上午 ReferenceProvider getLocateTime
信息: locate: 0.0 document: d:/work24/souffle-lsp-plugin/gen_datasets/DEF/DEF_combined_700/DEF_combined_700.dl
9月 29, 2025 10:10:24 上午 ReferenceProvider getSearchTime
信息: search: 2205.9997 document: d:/work24/souffle-lsp-plugin/gen_datasets/DEF/DEF_combined_700/DEF_combined_700.dl
9月 29, 2025 10:10:24 上午 ReferenceProvider getSearchTime
信息: subcontextNum: 2051 document: d:/work24/souffle-lsp-plugin/gen_datasets/DEF/DEF_combined_700/DEF_combined_700.dl
9月 29, 2025 10:10:24 上午 DefinitionProvider getDefinition
信息: gotoDefinition: 0.0 document: d:/work24/souffle-lsp-plugin/gen_datasets/DEF/DEF_combined_700/DEF_combined_700.dl
9月 29, 2025 10:10:24 上午 RenameProvider getRename
信息: currentSymbol: live_variables kind RULE document: d:/work24/souffle-lsp-plugin/gen_datasets/DEF/DEF_combined_700/DEF_combined_700.dl
9月 29, 2025 10:10:24 上午 RenameProvider getRename
信息: rename: 4.0007 document: d:/work24/souffle-lsp-plugin/gen_datasets/DEF/DEF_combined_700/DEF_combined_700.dl
9月 29, 2025 10:10:26 上午 CompletionProvider getCompletions
信息: completion: 74.9994 document: d:/work24/souffle-lsp-plugin/gen_datasets/DEF/DEF_combined_700/DEF_combined_700.dl
9月 29, 2025 10:10:26 上午 CompletionProvider getTraverseTime
信息: traverse: 49.0203 document: d:/work24/souffle-lsp-plugin/gen_datasets/DEF/DEF_combined_700/DEF_combined_700.dl
9月 29, 2025 10:10:26 上午 CompletionProvider getTraverseTime
信息: traverse: 24.9998 document: d:/work24/souffle-lsp-plugin/gen_datasets/DEF/DEF_combined_700/DEF_combined_700.dl
9月 29, 2025 10:10:26 上午 CompletionProvider getTraverseTime
信息: traverseTimes: 2 document: d:/work24/souffle-lsp-plugin/gen_datasets/DEF/DEF_combined_700/DEF_combined_700.dl
9月 29, 2025 10:10:35 上午 ReferenceProvider getLocateTime
信息: locate: 0.0 document: d:/work24/souffle-lsp-plugin/gen_datasets/DEF/DEF_combined_700/DEF_combined_700.dl
9月 29, 2025 10:10:37 上午 ReferenceProvider getSearchTime
信息: search: 2114.0012 document: d:/work24/souffle-lsp-plugin/gen_datasets/DEF/DEF_combined_700/DEF_combined_700.dl
9月 29, 2025 10:10:37 上午 ReferenceProvider getSearchTime
信息: subcontextNum: 2051 document: d:/work24/souffle-lsp-plugin/gen_datasets/DEF/DEF_combined_700/DEF_combined_700.dl
9月 29, 2025 10:10:37 上午 DefinitionProvider getDefinition
信息: gotoDefinition: 0.0 document: d:/work24/souffle-lsp-plugin/gen_datasets/DEF/DEF_combined_700/DEF_combined_700.dl
9月 29, 2025 10:10:37 上午 RenameProvider getRename
信息: currentSymbol: universe kind RULE document: d:/work24/souffle-lsp-plugin/gen_datasets/DEF/DEF_combined_700/DEF_combined_700.dl
9月 29, 2025 10:10:37 上午 RenameProvider getRename
信息: rename: 3.0014 document: d:/work24/souffle-lsp-plugin/gen_datasets/DEF/DEF_combined_700/DEF_combined_700.dl
9月 29, 2025 10:10:39 上午 CompletionProvider getCompletions
信息: completion: 73.996 document: d:/work24/souffle-lsp-plugin/gen_datasets/DEF/DEF_combined_700/DEF_combined_700.dl
9月 29, 2025 10:10:39 上午 CompletionProvider getTraverseTime
信息: traverse: 51.0004 document: d:/work24/souffle-lsp-plugin/gen_datasets/DEF/DEF_combined_700/DEF_combined_700.dl
9月 29, 2025 10:10:39 上午 CompletionProvider getTraverseTime
信息: traverse: 25.9995 document: d:/work24/souffle-lsp-plugin/gen_datasets/DEF/DEF_combined_700/DEF_combined_700.dl
9月 29, 2025 10:10:39 上午 CompletionProvider getTraverseTime
信息: traverseTimes: 2 document: d:/work24/souffle-lsp-plugin/gen_datasets/DEF/DEF_combined_700/DEF_combined_700.dl
9月 29, 2025 10:10:46 上午 ReferenceProvider getLocateTime
信息: locate: 0.0 document: d:/work24/souffle-lsp-plugin/gen_datasets/DEF/DEF_combined_700/DEF_combined_700.dl
9月 29, 2025 10:10:48 上午 ReferenceProvider getSearchTime
信息: search: 2131.0012 document: d:/work24/souffle-lsp-plugin/gen_datasets/DEF/DEF_combined_700/DEF_combined_700.dl
9月 29, 2025 10:10:48 上午 ReferenceProvider getSearchTime
信息: subcontextNum: 2051 document: d:/work24/souffle-lsp-plugin/gen_datasets/DEF/DEF_combined_700/DEF_combined_700.dl
9月 29, 2025 10:10:48 上午 DefinitionProvider getDefinition
信息: gotoDefinition: 0.0 document: d:/work24/souffle-lsp-plugin/gen_datasets/DEF/DEF_combined_700/DEF_combined_700.dl
9月 29, 2025 10:10:48 上午 RenameProvider getRename
信息: currentSymbol: tak kind RULE document: d:/work24/souffle-lsp-plugin/gen_datasets/DEF/DEF_combined_700/DEF_combined_700.dl
9月 29, 2025 10:10:48 上午 RenameProvider getRename
信息: rename: 2.9989 document: d:/work24/souffle-lsp-plugin/gen_datasets/DEF/DEF_combined_700/DEF_combined_700.dl
9月 29, 2025 10:10:51 上午 CompletionProvider getCompletions
信息: completion: 76.0003 document: d:/work24/souffle-lsp-plugin/gen_datasets/DEF/DEF_combined_700/DEF_combined_700.dl
9月 29, 2025 10:10:51 上午 CompletionProvider getTraverseTime
信息: traverse: 53.9992 document: d:/work24/souffle-lsp-plugin/gen_datasets/DEF/DEF_combined_700/DEF_combined_700.dl
9月 29, 2025 10:10:51 上午 CompletionProvider getTraverseTime
信息: traverse: 30.0009 document: d:/work24/souffle-lsp-plugin/gen_datasets/DEF/DEF_combined_700/DEF_combined_700.dl
9月 29, 2025 10:10:51 上午 CompletionProvider getTraverseTime
信息: traverseTimes: 2 document: d:/work24/souffle-lsp-plugin/gen_datasets/DEF/DEF_combined_700/DEF_combined_700.dl
