9月 10, 2025 10:35:54 上午 SouffleTextDocumentService countLineNum
信息: LOC: 7507 document: d:/work24/souffle-lsp-plugin/gen_datasets/LOC/LOC_combined_7600/LOC_combined_7600.dl
9月 10, 2025 10:35:54 上午 SouffleTextDocumentService countNodeNum
信息: NOD: 194484 document: d:/work24/souffle-lsp-plugin/gen_datasets/LOC/LOC_combined_7600/LOC_combined_7600.dl
9月 10, 2025 10:35:55 上午 SouffleTextDocumentService countDEFAndOCC
信息: DEF: 2256 document: d:/work24/souffle-lsp-plugin/gen_datasets/LOC/LOC_combined_7600/LOC_combined_7600.dl
9月 10, 2025 10:35:55 上午 SouffleTextDocumentService countDEFAndOCC
信息: OCC: 13650 document: d:/work24/souffle-lsp-plugin/gen_datasets/LOC/LOC_combined_7600/LOC_combined_7600.dl
9月 10, 2025 10:35:59 上午 ReferenceProvider getLocateTime
信息: locate: 0 document: d:/work24/souffle-lsp-plugin/gen_datasets/LOC/LOC_combined_7600/LOC_combined_7600.dl
9月 10, 2025 10:36:00 上午 ReferenceProvider getSearchTime
信息: search: 1020 document: d:/work24/souffle-lsp-plugin/gen_datasets/LOC/LOC_combined_7600/LOC_combined_7600.dl
9月 10, 2025 10:36:00 上午 DefinitionProvider getDefinition
信息: gotoDefinition: 0 document: d:/work24/souffle-lsp-plugin/gen_datasets/LOC/LOC_combined_7600/LOC_combined_7600.dl
9月 10, 2025 10:36:00 上午 RenameProvider getRename
信息: rename: 7 document: d:/work24/souffle-lsp-plugin/gen_datasets/LOC/LOC_combined_7600/LOC_combined_7600.dl
9月 10, 2025 10:36:02 上午 CompletionProvider getCompletions
信息: completion: 15 document: d:/work24/souffle-lsp-plugin/gen_datasets/LOC/LOC_combined_7600/LOC_combined_7600.dl
9月 10, 2025 10:36:09 上午 ReferenceProvider getLocateTime
信息: locate: 0 document: d:/work24/souffle-lsp-plugin/gen_datasets/LOC/LOC_combined_7600/LOC_combined_7600.dl
9月 10, 2025 10:36:10 上午 ReferenceProvider getSearchTime
信息: search: 1335 document: d:/work24/souffle-lsp-plugin/gen_datasets/LOC/LOC_combined_7600/LOC_combined_7600.dl
9月 10, 2025 10:36:10 上午 DefinitionProvider getDefinition
信息: gotoDefinition: 0 document: d:/work24/souffle-lsp-plugin/gen_datasets/LOC/LOC_combined_7600/LOC_combined_7600.dl
9月 10, 2025 10:36:10 上午 RenameProvider getRename
信息: rename: 4 document: d:/work24/souffle-lsp-plugin/gen_datasets/LOC/LOC_combined_7600/LOC_combined_7600.dl
9月 10, 2025 10:36:12 上午 CompletionProvider getCompletions
信息: completion: 9 document: d:/work24/souffle-lsp-plugin/gen_datasets/LOC/LOC_combined_7600/LOC_combined_7600.dl
9月 10, 2025 10:36:21 上午 ReferenceProvider getLocateTime
信息: locate: 0 document: d:/work24/souffle-lsp-plugin/gen_datasets/LOC/LOC_combined_7600/LOC_combined_7600.dl
9月 10, 2025 10:36:23 上午 ReferenceProvider getSearchTime
信息: search: 1444 document: d:/work24/souffle-lsp-plugin/gen_datasets/LOC/LOC_combined_7600/LOC_combined_7600.dl
9月 10, 2025 10:36:23 上午 DefinitionProvider getDefinition
信息: gotoDefinition: 0 document: d:/work24/souffle-lsp-plugin/gen_datasets/LOC/LOC_combined_7600/LOC_combined_7600.dl
9月 10, 2025 10:36:23 上午 RenameProvider getRename
信息: rename: 3 document: d:/work24/souffle-lsp-plugin/gen_datasets/LOC/LOC_combined_7600/LOC_combined_7600.dl
9月 10, 2025 10:36:26 上午 CompletionProvider getCompletions
信息: completion: 8 document: d:/work24/souffle-lsp-plugin/gen_datasets/LOC/LOC_combined_7600/LOC_combined_7600.dl
