9月 29, 2025 10:42:54 上午 SouffleTextDocumentService countLineNum
信息: LOC: 6291 document: d:/work24/souffle-lsp-plugin/gen_datasets/LOC/LOC_combined_6400/LOC_combined_6400.dl
9月 29, 2025 10:42:55 上午 SouffleTextDocumentService countNodeNum
信息: NOD: 177971 document: d:/work24/souffle-lsp-plugin/gen_datasets/LOC/LOC_combined_6400/LOC_combined_6400.dl
9月 29, 2025 10:42:56 上午 SouffleTextDocumentService countDEFAndOCC
信息: DEF: 2017 document: d:/work24/souffle-lsp-plugin/gen_datasets/LOC/LOC_combined_6400/LOC_combined_6400.dl
9月 29, 2025 10:42:56 上午 SouffleTextDocumentService countDEFAndOCC
信息: OCC: 12584 document: d:/work24/souffle-lsp-plugin/gen_datasets/LOC/LOC_combined_6400/LOC_combined_6400.dl
9月 29, 2025 10:42:56 上午 CompletionProvider getCompletions
信息: completion: 152.9974 document: d:/work24/souffle-lsp-plugin/gen_datasets/LOC/LOC_combined_6400/LOC_combined_6400.dl
9月 29, 2025 10:42:56 上午 CompletionProvider getTraverseTime
信息: traverse: 108.3974 document: d:/work24/souffle-lsp-plugin/gen_datasets/LOC/LOC_combined_6400/LOC_combined_6400.dl
9月 29, 2025 10:42:57 上午 CompletionProvider getTraverseTime
信息: traverse: 62.9998 document: d:/work24/souffle-lsp-plugin/gen_datasets/LOC/LOC_combined_6400/LOC_combined_6400.dl
9月 29, 2025 10:42:57 上午 CompletionProvider getTraverseTime
信息: traverseTimes: 2 document: d:/work24/souffle-lsp-plugin/gen_datasets/LOC/LOC_combined_6400/LOC_combined_6400.dl
9月 29, 2025 10:43:00 上午 ReferenceProvider getLocateTime
信息: locate: 0.0 document: d:/work24/souffle-lsp-plugin/gen_datasets/LOC/LOC_combined_6400/LOC_combined_6400.dl
9月 29, 2025 10:43:07 上午 ReferenceProvider getSearchTime
信息: search: 6181.9986 document: d:/work24/souffle-lsp-plugin/gen_datasets/LOC/LOC_combined_6400/LOC_combined_6400.dl
9月 29, 2025 10:43:07 上午 ReferenceProvider getSearchTime
信息: subcontextNum: 5027 document: d:/work24/souffle-lsp-plugin/gen_datasets/LOC/LOC_combined_6400/LOC_combined_6400.dl
9月 29, 2025 10:43:07 上午 DefinitionProvider getDefinition
信息: gotoDefinition: 0.9995 document: d:/work24/souffle-lsp-plugin/gen_datasets/LOC/LOC_combined_6400/LOC_combined_6400.dl
9月 29, 2025 10:43:07 上午 RenameProvider getRename
信息: currentSymbol: longest_path kind RULE document: d:/work24/souffle-lsp-plugin/gen_datasets/LOC/LOC_combined_6400/LOC_combined_6400.dl
9月 29, 2025 10:43:07 上午 RenameProvider getRename
信息: rename: 8.9998 document: d:/work24/souffle-lsp-plugin/gen_datasets/LOC/LOC_combined_6400/LOC_combined_6400.dl
9月 29, 2025 10:43:16 上午 CompletionProvider getCompletions
信息: completion: 139.9877 document: d:/work24/souffle-lsp-plugin/gen_datasets/LOC/LOC_combined_6400/LOC_combined_6400.dl
9月 29, 2025 10:43:16 上午 CompletionProvider getTraverseTime
信息: traverse: 91.9995 document: d:/work24/souffle-lsp-plugin/gen_datasets/LOC/LOC_combined_6400/LOC_combined_6400.dl
9月 29, 2025 10:43:16 上午 CompletionProvider getTraverseTime
信息: traverse: 53.0002 document: d:/work24/souffle-lsp-plugin/gen_datasets/LOC/LOC_combined_6400/LOC_combined_6400.dl
9月 29, 2025 10:43:16 上午 CompletionProvider getTraverseTime
信息: traverseTimes: 2 document: d:/work24/souffle-lsp-plugin/gen_datasets/LOC/LOC_combined_6400/LOC_combined_6400.dl
9月 29, 2025 10:43:17 上午 ReferenceProvider getLocateTime
信息: locate: 0.9992 document: d:/work24/souffle-lsp-plugin/gen_datasets/LOC/LOC_combined_6400/LOC_combined_6400.dl
9月 29, 2025 10:43:23 上午 ReferenceProvider getSearchTime
信息: search: 5789.1375 document: d:/work24/souffle-lsp-plugin/gen_datasets/LOC/LOC_combined_6400/LOC_combined_6400.dl
9月 29, 2025 10:43:23 上午 ReferenceProvider getSearchTime
信息: subcontextNum: 5027 document: d:/work24/souffle-lsp-plugin/gen_datasets/LOC/LOC_combined_6400/LOC_combined_6400.dl
9月 29, 2025 10:43:23 上午 DefinitionProvider getDefinition
信息: gotoDefinition: 1.0012 document: d:/work24/souffle-lsp-plugin/gen_datasets/LOC/LOC_combined_6400/LOC_combined_6400.dl
9月 29, 2025 10:43:23 上午 RenameProvider getRename
信息: currentSymbol: num_letters kind RELATION_USE document: d:/work24/souffle-lsp-plugin/gen_datasets/LOC/LOC_combined_6400/LOC_combined_6400.dl
9月 29, 2025 10:43:23 上午 RenameProvider getRename
信息: rename: 7.9997 document: d:/work24/souffle-lsp-plugin/gen_datasets/LOC/LOC_combined_6400/LOC_combined_6400.dl
9月 29, 2025 10:43:33 上午 CompletionProvider getCompletions
信息: completion: 138.9999 document: d:/work24/souffle-lsp-plugin/gen_datasets/LOC/LOC_combined_6400/LOC_combined_6400.dl
9月 29, 2025 10:43:33 上午 CompletionProvider getTraverseTime
信息: traverse: 89.9985 document: d:/work24/souffle-lsp-plugin/gen_datasets/LOC/LOC_combined_6400/LOC_combined_6400.dl
9月 29, 2025 10:43:33 上午 CompletionProvider getTraverseTime
信息: traverse: 52.9984 document: d:/work24/souffle-lsp-plugin/gen_datasets/LOC/LOC_combined_6400/LOC_combined_6400.dl
9月 29, 2025 10:43:33 上午 CompletionProvider getTraverseTime
信息: traverseTimes: 2 document: d:/work24/souffle-lsp-plugin/gen_datasets/LOC/LOC_combined_6400/LOC_combined_6400.dl
9月 29, 2025 10:43:40 上午 ReferenceProvider getLocateTime
信息: locate: 0.0 document: d:/work24/souffle-lsp-plugin/gen_datasets/LOC/LOC_combined_6400/LOC_combined_6400.dl
9月 29, 2025 10:43:46 上午 ReferenceProvider getSearchTime
信息: search: 6116.9988 document: d:/work24/souffle-lsp-plugin/gen_datasets/LOC/LOC_combined_6400/LOC_combined_6400.dl
9月 29, 2025 10:43:46 上午 ReferenceProvider getSearchTime
信息: subcontextNum: 5027 document: d:/work24/souffle-lsp-plugin/gen_datasets/LOC/LOC_combined_6400/LOC_combined_6400.dl
9月 29, 2025 10:43:46 上午 DefinitionProvider getDefinition
信息: gotoDefinition: 0.0 document: d:/work24/souffle-lsp-plugin/gen_datasets/LOC/LOC_combined_6400/LOC_combined_6400.dl
9月 29, 2025 10:43:46 上午 RenameProvider getRename
信息: currentSymbol: node kind RULE document: d:/work24/souffle-lsp-plugin/gen_datasets/LOC/LOC_combined_6400/LOC_combined_6400.dl
9月 29, 2025 10:43:46 上午 RenameProvider getRename
信息: rename: 7.9997 document: d:/work24/souffle-lsp-plugin/gen_datasets/LOC/LOC_combined_6400/LOC_combined_6400.dl
