9月 10, 2025 11:34:20 上午 SouffleTextDocumentService countLineNum
信息: LOC: 8678 document: d:/work24/souffle-lsp-plugin/gen_datasets/OCC/OCC_combined_15200/OCC_combined_15200.dl
9月 10, 2025 11:34:20 上午 SouffleTextDocumentService countNodeNum
信息: NOD: 224729 document: d:/work24/souffle-lsp-plugin/gen_datasets/OCC/OCC_combined_15200/OCC_combined_15200.dl
9月 10, 2025 11:34:20 上午 SouffleTextDocumentService countDEFAndOCC
信息: DEF: 2167 document: d:/work24/souffle-lsp-plugin/gen_datasets/OCC/OCC_combined_15200/OCC_combined_15200.dl
9月 10, 2025 11:34:20 上午 SouffleTextDocumentService countDEFAndOCC
信息: OCC: 15073 document: d:/work24/souffle-lsp-plugin/gen_datasets/OCC/OCC_combined_15200/OCC_combined_15200.dl
9月 10, 2025 11:34:21 上午 ReferenceProvider getLocateTime
信息: locate: 0 document: d:/work24/souffle-lsp-plugin/gen_datasets/OCC/OCC_combined_15200/OCC_combined_15200.dl
9月 10, 2025 11:34:22 上午 ReferenceProvider getSearchTime
信息: search: 1397 document: d:/work24/souffle-lsp-plugin/gen_datasets/OCC/OCC_combined_15200/OCC_combined_15200.dl
9月 10, 2025 11:34:22 上午 DefinitionProvider getDefinition
信息: gotoDefinition: 0 document: d:/work24/souffle-lsp-plugin/gen_datasets/OCC/OCC_combined_15200/OCC_combined_15200.dl
9月 10, 2025 11:34:22 上午 RenameProvider getRename
信息: rename: 7 document: d:/work24/souffle-lsp-plugin/gen_datasets/OCC/OCC_combined_15200/OCC_combined_15200.dl
9月 10, 2025 11:34:25 上午 CompletionProvider getCompletions
信息: completion: 12 document: d:/work24/souffle-lsp-plugin/gen_datasets/OCC/OCC_combined_15200/OCC_combined_15200.dl
9月 10, 2025 11:34:31 上午 ReferenceProvider getLocateTime
信息: locate: 0 document: d:/work24/souffle-lsp-plugin/gen_datasets/OCC/OCC_combined_15200/OCC_combined_15200.dl
9月 10, 2025 11:34:32 上午 ReferenceProvider getSearchTime
信息: search: 1502 document: d:/work24/souffle-lsp-plugin/gen_datasets/OCC/OCC_combined_15200/OCC_combined_15200.dl
9月 10, 2025 11:34:32 上午 DefinitionProvider getDefinition
信息: gotoDefinition: 0 document: d:/work24/souffle-lsp-plugin/gen_datasets/OCC/OCC_combined_15200/OCC_combined_15200.dl
9月 10, 2025 11:34:32 上午 RenameProvider getRename
信息: rename: 4 document: d:/work24/souffle-lsp-plugin/gen_datasets/OCC/OCC_combined_15200/OCC_combined_15200.dl
9月 10, 2025 11:34:35 上午 CompletionProvider getCompletions
信息: completion: 10 document: d:/work24/souffle-lsp-plugin/gen_datasets/OCC/OCC_combined_15200/OCC_combined_15200.dl
9月 10, 2025 11:34:39 上午 ReferenceProvider getLocateTime
信息: locate: 0 document: d:/work24/souffle-lsp-plugin/gen_datasets/OCC/OCC_combined_15200/OCC_combined_15200.dl
9月 10, 2025 11:34:41 上午 ReferenceProvider getSearchTime
信息: search: 1655 document: d:/work24/souffle-lsp-plugin/gen_datasets/OCC/OCC_combined_15200/OCC_combined_15200.dl
9月 10, 2025 11:34:41 上午 DefinitionProvider getDefinition
信息: gotoDefinition: 0 document: d:/work24/souffle-lsp-plugin/gen_datasets/OCC/OCC_combined_15200/OCC_combined_15200.dl
9月 10, 2025 11:34:41 上午 RenameProvider getRename
信息: rename: 4 document: d:/work24/souffle-lsp-plugin/gen_datasets/OCC/OCC_combined_15200/OCC_combined_15200.dl
9月 10, 2025 11:34:43 上午 CompletionProvider getCompletions
信息: completion: 10 document: d:/work24/souffle-lsp-plugin/gen_datasets/OCC/OCC_combined_15200/OCC_combined_15200.dl
