9月 18, 2025 9:24:49 上午 SouffleTextDocumentService countLineNum
信息: LOC: 2728 document: d:/work24/souffle-lsp-plugin/gen_datasets/LOC/LOC_combined_2800/LOC_combined_2800.dl
9月 18, 2025 9:24:49 上午 SouffleTextDocumentService countNodeNum
信息: NOD: 60971 document: d:/work24/souffle-lsp-plugin/gen_datasets/LOC/LOC_combined_2800/LOC_combined_2800.dl
9月 18, 2025 9:24:49 上午 SouffleTextDocumentService countDEFAndOCC
信息: DEF: 725 document: d:/work24/souffle-lsp-plugin/gen_datasets/LOC/LOC_combined_2800/LOC_combined_2800.dl
9月 18, 2025 9:24:49 上午 SouffleTextDocumentService countDEFAndOCC
信息: OCC: 4381 document: d:/work24/souffle-lsp-plugin/gen_datasets/LOC/LOC_combined_2800/LOC_combined_2800.dl
9月 18, 2025 9:25:07 上午 ReferenceProvider getLocateTime
信息: locate: 0 document: d:/work24/souffle-lsp-plugin/gen_datasets/LOC/LOC_combined_2800/LOC_combined_2800.dl
9月 18, 2025 9:25:07 上午 ReferenceProvider getSearchTime
信息: search: 324 document: d:/work24/souffle-lsp-plugin/gen_datasets/LOC/LOC_combined_2800/LOC_combined_2800.dl
9月 18, 2025 9:25:07 上午 ReferenceProvider getSearchTime
信息: subcontextNum: 1976 document: d:/work24/souffle-lsp-plugin/gen_datasets/LOC/LOC_combined_2800/LOC_combined_2800.dl
9月 18, 2025 9:25:07 上午 DefinitionProvider getDefinition
信息: gotoDefinition: 0 document: d:/work24/souffle-lsp-plugin/gen_datasets/LOC/LOC_combined_2800/LOC_combined_2800.dl
9月 18, 2025 9:25:07 上午 RenameProvider getRename
信息: rename: 3 document: d:/work24/souffle-lsp-plugin/gen_datasets/LOC/LOC_combined_2800/LOC_combined_2800.dl
9月 18, 2025 9:25:10 上午 CompletionProvider getCompletions
信息: completion: 13 document: d:/work24/souffle-lsp-plugin/gen_datasets/LOC/LOC_combined_2800/LOC_combined_2800.dl
9月 18, 2025 9:25:18 上午 ReferenceProvider getLocateTime
信息: locate: 0 document: d:/work24/souffle-lsp-plugin/gen_datasets/LOC/LOC_combined_2800/LOC_combined_2800.dl
9月 18, 2025 9:25:19 上午 ReferenceProvider getSearchTime
信息: search: 349 document: d:/work24/souffle-lsp-plugin/gen_datasets/LOC/LOC_combined_2800/LOC_combined_2800.dl
9月 18, 2025 9:25:19 上午 ReferenceProvider getSearchTime
信息: subcontextNum: 1976 document: d:/work24/souffle-lsp-plugin/gen_datasets/LOC/LOC_combined_2800/LOC_combined_2800.dl
9月 18, 2025 9:25:19 上午 DefinitionProvider getDefinition
信息: gotoDefinition: 0 document: d:/work24/souffle-lsp-plugin/gen_datasets/LOC/LOC_combined_2800/LOC_combined_2800.dl
9月 18, 2025 9:25:19 上午 RenameProvider getRename
信息: rename: 0 document: d:/work24/souffle-lsp-plugin/gen_datasets/LOC/LOC_combined_2800/LOC_combined_2800.dl
9月 18, 2025 9:25:21 上午 CompletionProvider getCompletions
信息: completion: 4 document: d:/work24/souffle-lsp-plugin/gen_datasets/LOC/LOC_combined_2800/LOC_combined_2800.dl
9月 18, 2025 9:25:26 上午 ReferenceProvider getLocateTime
信息: locate: 0 document: d:/work24/souffle-lsp-plugin/gen_datasets/LOC/LOC_combined_2800/LOC_combined_2800.dl
9月 18, 2025 9:25:27 上午 ReferenceProvider getSearchTime
信息: search: 294 document: d:/work24/souffle-lsp-plugin/gen_datasets/LOC/LOC_combined_2800/LOC_combined_2800.dl
9月 18, 2025 9:25:27 上午 ReferenceProvider getSearchTime
信息: subcontextNum: 1976 document: d:/work24/souffle-lsp-plugin/gen_datasets/LOC/LOC_combined_2800/LOC_combined_2800.dl
9月 18, 2025 9:25:27 上午 DefinitionProvider getDefinition
信息: gotoDefinition: 0 document: d:/work24/souffle-lsp-plugin/gen_datasets/LOC/LOC_combined_2800/LOC_combined_2800.dl
9月 18, 2025 9:25:27 上午 RenameProvider getRename
信息: rename: 0 document: d:/work24/souffle-lsp-plugin/gen_datasets/LOC/LOC_combined_2800/LOC_combined_2800.dl
9月 18, 2025 9:25:29 上午 CompletionProvider getCompletions
信息: completion: 3 document: d:/work24/souffle-lsp-plugin/gen_datasets/LOC/LOC_combined_2800/LOC_combined_2800.dl
