9月 29, 2025 10:42:03 上午 SouffleTextDocumentService countLineNum
信息: LOC: 5983 document: d:/work24/souffle-lsp-plugin/gen_datasets/LOC/LOC_combined_6000/LOC_combined_6000.dl
9月 29, 2025 10:42:03 上午 SouffleTextDocumentService countNodeNum
信息: NOD: 148161 document: d:/work24/souffle-lsp-plugin/gen_datasets/LOC/LOC_combined_6000/LOC_combined_6000.dl
9月 29, 2025 10:42:04 上午 SouffleTextDocumentService countDEFAndOCC
信息: DEF: 1696 document: d:/work24/souffle-lsp-plugin/gen_datasets/LOC/LOC_combined_6000/LOC_combined_6000.dl
9月 29, 2025 10:42:04 上午 SouffleTextDocumentService countDEFAndOCC
信息: OCC: 10621 document: d:/work24/souffle-lsp-plugin/gen_datasets/LOC/LOC_combined_6000/LOC_combined_6000.dl
9月 29, 2025 10:42:05 上午 CompletionProvider getCompletions
信息: completion: 149.0001 document: d:/work24/souffle-lsp-plugin/gen_datasets/LOC/LOC_combined_6000/LOC_combined_6000.dl
9月 29, 2025 10:42:05 上午 CompletionProvider getTraverseTime
信息: traverse: 90.0006 document: d:/work24/souffle-lsp-plugin/gen_datasets/LOC/LOC_combined_6000/LOC_combined_6000.dl
9月 29, 2025 10:42:05 上午 CompletionProvider getTraverseTime
信息: traverse: 47.9998 document: d:/work24/souffle-lsp-plugin/gen_datasets/LOC/LOC_combined_6000/LOC_combined_6000.dl
9月 29, 2025 10:42:05 上午 CompletionProvider getTraverseTime
信息: traverseTimes: 2 document: d:/work24/souffle-lsp-plugin/gen_datasets/LOC/LOC_combined_6000/LOC_combined_6000.dl
9月 29, 2025 10:42:08 上午 ReferenceProvider getLocateTime
信息: locate: 0.0 document: d:/work24/souffle-lsp-plugin/gen_datasets/LOC/LOC_combined_6000/LOC_combined_6000.dl
9月 29, 2025 10:42:14 上午 ReferenceProvider getSearchTime
信息: search: 5630.9986 document: d:/work24/souffle-lsp-plugin/gen_datasets/LOC/LOC_combined_6000/LOC_combined_6000.dl
9月 29, 2025 10:42:14 上午 ReferenceProvider getSearchTime
信息: subcontextNum: 4770 document: d:/work24/souffle-lsp-plugin/gen_datasets/LOC/LOC_combined_6000/LOC_combined_6000.dl
9月 29, 2025 10:42:14 上午 DefinitionProvider getDefinition
信息: gotoDefinition: 0.0 document: d:/work24/souffle-lsp-plugin/gen_datasets/LOC/LOC_combined_6000/LOC_combined_6000.dl
9月 29, 2025 10:42:14 上午 RenameProvider getRename
信息: currentSymbol: subOrganizationOf kind RULE document: d:/work24/souffle-lsp-plugin/gen_datasets/LOC/LOC_combined_6000/LOC_combined_6000.dl
9月 29, 2025 10:42:14 上午 RenameProvider getRename
信息: rename: 7.9979 document: d:/work24/souffle-lsp-plugin/gen_datasets/LOC/LOC_combined_6000/LOC_combined_6000.dl
9月 29, 2025 10:42:20 上午 CompletionProvider getCompletions
信息: completion: 125.0017 document: d:/work24/souffle-lsp-plugin/gen_datasets/LOC/LOC_combined_6000/LOC_combined_6000.dl
9月 29, 2025 10:42:20 上午 CompletionProvider getTraverseTime
信息: traverse: 82.9996 document: d:/work24/souffle-lsp-plugin/gen_datasets/LOC/LOC_combined_6000/LOC_combined_6000.dl
9月 29, 2025 10:42:20 上午 CompletionProvider getTraverseTime
信息: traverse: 44.0 document: d:/work24/souffle-lsp-plugin/gen_datasets/LOC/LOC_combined_6000/LOC_combined_6000.dl
9月 29, 2025 10:42:20 上午 CompletionProvider getTraverseTime
信息: traverseTimes: 2 document: d:/work24/souffle-lsp-plugin/gen_datasets/LOC/LOC_combined_6000/LOC_combined_6000.dl
9月 29, 2025 10:42:21 上午 ReferenceProvider getLocateTime
信息: locate: 0.0 document: d:/work24/souffle-lsp-plugin/gen_datasets/LOC/LOC_combined_6000/LOC_combined_6000.dl
9月 29, 2025 10:42:27 上午 ReferenceProvider getSearchTime
信息: search: 5437.0585 document: d:/work24/souffle-lsp-plugin/gen_datasets/LOC/LOC_combined_6000/LOC_combined_6000.dl
9月 29, 2025 10:42:27 上午 ReferenceProvider getSearchTime
信息: subcontextNum: 4770 document: d:/work24/souffle-lsp-plugin/gen_datasets/LOC/LOC_combined_6000/LOC_combined_6000.dl
9月 29, 2025 10:42:27 上午 DefinitionProvider getDefinition
信息: gotoDefinition: 0.0 document: d:/work24/souffle-lsp-plugin/gen_datasets/LOC/LOC_combined_6000/LOC_combined_6000.dl
9月 29, 2025 10:42:27 上午 RenameProvider getRename
信息: currentSymbol: ToSimplify kind RULE document: d:/work24/souffle-lsp-plugin/gen_datasets/LOC/LOC_combined_6000/LOC_combined_6000.dl
9月 29, 2025 10:42:27 上午 RenameProvider getRename
信息: rename: 5.9984 document: d:/work24/souffle-lsp-plugin/gen_datasets/LOC/LOC_combined_6000/LOC_combined_6000.dl
9月 29, 2025 10:42:31 上午 CompletionProvider getCompletions
信息: completion: 157.0008 document: d:/work24/souffle-lsp-plugin/gen_datasets/LOC/LOC_combined_6000/LOC_combined_6000.dl
9月 29, 2025 10:42:31 上午 CompletionProvider getTraverseTime
信息: traverse: 98.0027 document: d:/work24/souffle-lsp-plugin/gen_datasets/LOC/LOC_combined_6000/LOC_combined_6000.dl
9月 29, 2025 10:42:31 上午 CompletionProvider getTraverseTime
信息: traverse: 54.9996 document: d:/work24/souffle-lsp-plugin/gen_datasets/LOC/LOC_combined_6000/LOC_combined_6000.dl
9月 29, 2025 10:42:31 上午 CompletionProvider getTraverseTime
信息: traverseTimes: 2 document: d:/work24/souffle-lsp-plugin/gen_datasets/LOC/LOC_combined_6000/LOC_combined_6000.dl
9月 29, 2025 10:42:33 上午 ReferenceProvider getLocateTime
信息: locate: 0.0 document: d:/work24/souffle-lsp-plugin/gen_datasets/LOC/LOC_combined_6000/LOC_combined_6000.dl
9月 29, 2025 10:42:38 上午 ReferenceProvider getSearchTime
信息: search: 5390.8197 document: d:/work24/souffle-lsp-plugin/gen_datasets/LOC/LOC_combined_6000/LOC_combined_6000.dl
9月 29, 2025 10:42:38 上午 ReferenceProvider getSearchTime
信息: subcontextNum: 4770 document: d:/work24/souffle-lsp-plugin/gen_datasets/LOC/LOC_combined_6000/LOC_combined_6000.dl
9月 29, 2025 10:42:38 上午 DefinitionProvider getDefinition
信息: gotoDefinition: 0.0 document: d:/work24/souffle-lsp-plugin/gen_datasets/LOC/LOC_combined_6000/LOC_combined_6000.dl
9月 29, 2025 10:42:38 上午 RenameProvider getRename
信息: currentSymbol: solution kind RULE document: d:/work24/souffle-lsp-plugin/gen_datasets/LOC/LOC_combined_6000/LOC_combined_6000.dl
9月 29, 2025 10:42:38 上午 RenameProvider getRename
信息: rename: 6.9915 document: d:/work24/souffle-lsp-plugin/gen_datasets/LOC/LOC_combined_6000/LOC_combined_6000.dl
