9月 29, 2025 10:59:15 上午 SouffleTextDocumentService countLineNum
信息: LOC: 2222 document: d:/work24/souffle-lsp-plugin/gen_datasets/NOD/NOD_combined_60000/NOD_combined_60000.dl
9月 29, 2025 10:59:15 上午 SouffleTextDocumentService countNodeNum
信息: NOD: 58607 document: d:/work24/souffle-lsp-plugin/gen_datasets/NOD/NOD_combined_60000/NOD_combined_60000.dl
9月 29, 2025 10:59:15 上午 SouffleTextDocumentService countDEFAndOCC
信息: DEF: 699 document: d:/work24/souffle-lsp-plugin/gen_datasets/NOD/NOD_combined_60000/NOD_combined_60000.dl
9月 29, 2025 10:59:15 上午 SouffleTextDocumentService countDEFAndOCC
信息: OCC: 4246 document: d:/work24/souffle-lsp-plugin/gen_datasets/NOD/NOD_combined_60000/NOD_combined_60000.dl
9月 29, 2025 10:59:15 上午 CompletionProvider getCompletions
信息: completion: 62.9991 document: d:/work24/souffle-lsp-plugin/gen_datasets/NOD/NOD_combined_60000/NOD_combined_60000.dl
9月 29, 2025 10:59:15 上午 CompletionProvider getTraverseTime
信息: traverse: 45.0009 document: d:/work24/souffle-lsp-plugin/gen_datasets/NOD/NOD_combined_60000/NOD_combined_60000.dl
9月 29, 2025 10:59:15 上午 CompletionProvider getTraverseTime
信息: traverse: 20.0002 document: d:/work24/souffle-lsp-plugin/gen_datasets/NOD/NOD_combined_60000/NOD_combined_60000.dl
9月 29, 2025 10:59:15 上午 CompletionProvider getTraverseTime
信息: traverseTimes: 2 document: d:/work24/souffle-lsp-plugin/gen_datasets/NOD/NOD_combined_60000/NOD_combined_60000.dl
9月 29, 2025 10:59:17 上午 ReferenceProvider getLocateTime
信息: locate: 0.0 document: d:/work24/souffle-lsp-plugin/gen_datasets/NOD/NOD_combined_60000/NOD_combined_60000.dl
9月 29, 2025 10:59:19 上午 ReferenceProvider getSearchTime
信息: search: 1891.0017 document: d:/work24/souffle-lsp-plugin/gen_datasets/NOD/NOD_combined_60000/NOD_combined_60000.dl
9月 29, 2025 10:59:19 上午 ReferenceProvider getSearchTime
信息: subcontextNum: 1845 document: d:/work24/souffle-lsp-plugin/gen_datasets/NOD/NOD_combined_60000/NOD_combined_60000.dl
9月 29, 2025 10:59:19 上午 DefinitionProvider getDefinition
信息: gotoDefinition: 0.0 document: d:/work24/souffle-lsp-plugin/gen_datasets/NOD/NOD_combined_60000/NOD_combined_60000.dl
9月 29, 2025 10:59:19 上午 RenameProvider getRename
信息: currentSymbol: intermediate kind RULE document: d:/work24/souffle-lsp-plugin/gen_datasets/NOD/NOD_combined_60000/NOD_combined_60000.dl
9月 29, 2025 10:59:19 上午 RenameProvider getRename
信息: rename: 3.0006 document: d:/work24/souffle-lsp-plugin/gen_datasets/NOD/NOD_combined_60000/NOD_combined_60000.dl
9月 29, 2025 10:59:30 上午 CompletionProvider getCompletions
信息: completion: 55.9991 document: d:/work24/souffle-lsp-plugin/gen_datasets/NOD/NOD_combined_60000/NOD_combined_60000.dl
9月 29, 2025 10:59:30 上午 CompletionProvider getTraverseTime
信息: traverse: 37.9976 document: d:/work24/souffle-lsp-plugin/gen_datasets/NOD/NOD_combined_60000/NOD_combined_60000.dl
9月 29, 2025 10:59:30 上午 CompletionProvider getTraverseTime
信息: traverse: 18.0243 document: d:/work24/souffle-lsp-plugin/gen_datasets/NOD/NOD_combined_60000/NOD_combined_60000.dl
9月 29, 2025 10:59:30 上午 CompletionProvider getTraverseTime
信息: traverseTimes: 2 document: d:/work24/souffle-lsp-plugin/gen_datasets/NOD/NOD_combined_60000/NOD_combined_60000.dl
9月 29, 2025 10:59:30 上午 ReferenceProvider getLocateTime
信息: locate: 0.0 document: d:/work24/souffle-lsp-plugin/gen_datasets/NOD/NOD_combined_60000/NOD_combined_60000.dl
9月 29, 2025 10:59:32 上午 ReferenceProvider getSearchTime
信息: search: 1795.0003 document: d:/work24/souffle-lsp-plugin/gen_datasets/NOD/NOD_combined_60000/NOD_combined_60000.dl
9月 29, 2025 10:59:32 上午 ReferenceProvider getSearchTime
信息: subcontextNum: 1845 document: d:/work24/souffle-lsp-plugin/gen_datasets/NOD/NOD_combined_60000/NOD_combined_60000.dl
9月 29, 2025 10:59:32 上午 DefinitionProvider getDefinition
信息: gotoDefinition: 0.0 document: d:/work24/souffle-lsp-plugin/gen_datasets/NOD/NOD_combined_60000/NOD_combined_60000.dl
9月 29, 2025 10:59:32 上午 RenameProvider getRename
信息: currentSymbol: universe kind RULE document: d:/work24/souffle-lsp-plugin/gen_datasets/NOD/NOD_combined_60000/NOD_combined_60000.dl
9月 29, 2025 10:59:32 上午 RenameProvider getRename
信息: rename: 1.9952 document: d:/work24/souffle-lsp-plugin/gen_datasets/NOD/NOD_combined_60000/NOD_combined_60000.dl
9月 29, 2025 10:59:37 上午 CompletionProvider getCompletions
信息: completion: 54.9991 document: d:/work24/souffle-lsp-plugin/gen_datasets/NOD/NOD_combined_60000/NOD_combined_60000.dl
9月 29, 2025 10:59:37 上午 CompletionProvider getTraverseTime
信息: traverse: 39.9995 document: d:/work24/souffle-lsp-plugin/gen_datasets/NOD/NOD_combined_60000/NOD_combined_60000.dl
9月 29, 2025 10:59:37 上午 CompletionProvider getTraverseTime
信息: traverse: 17.9992 document: d:/work24/souffle-lsp-plugin/gen_datasets/NOD/NOD_combined_60000/NOD_combined_60000.dl
9月 29, 2025 10:59:37 上午 CompletionProvider getTraverseTime
信息: traverseTimes: 2 document: d:/work24/souffle-lsp-plugin/gen_datasets/NOD/NOD_combined_60000/NOD_combined_60000.dl
9月 29, 2025 10:59:39 上午 ReferenceProvider getLocateTime
信息: locate: 1.0 document: d:/work24/souffle-lsp-plugin/gen_datasets/NOD/NOD_combined_60000/NOD_combined_60000.dl
9月 29, 2025 10:59:41 上午 ReferenceProvider getSearchTime
信息: search: 1808.9967 document: d:/work24/souffle-lsp-plugin/gen_datasets/NOD/NOD_combined_60000/NOD_combined_60000.dl
9月 29, 2025 10:59:41 上午 ReferenceProvider getSearchTime
信息: subcontextNum: 1845 document: d:/work24/souffle-lsp-plugin/gen_datasets/NOD/NOD_combined_60000/NOD_combined_60000.dl
9月 29, 2025 10:59:41 上午 DefinitionProvider getDefinition
信息: gotoDefinition: 0.0 document: d:/work24/souffle-lsp-plugin/gen_datasets/NOD/NOD_combined_60000/NOD_combined_60000.dl
9月 29, 2025 10:59:41 上午 RenameProvider getRename
信息: currentSymbol: outputData kind RULE document: d:/work24/souffle-lsp-plugin/gen_datasets/NOD/NOD_combined_60000/NOD_combined_60000.dl
9月 29, 2025 10:59:41 上午 RenameProvider getRename
信息: rename: 2.9986 document: d:/work24/souffle-lsp-plugin/gen_datasets/NOD/NOD_combined_60000/NOD_combined_60000.dl
