9月 18, 2025 10:12:03 上午 SouffleTextDocumentService countLineNum
信息: LOC: 5423 document: d:/work24/souffle-lsp-plugin/gen_datasets/NOD/NOD_combined_140000/NOD_combined_140000.dl
9月 18, 2025 10:12:03 上午 SouffleTextDocumentService countNodeNum
信息: NOD: 137782 document: d:/work24/souffle-lsp-plugin/gen_datasets/NOD/NOD_combined_140000/NOD_combined_140000.dl
9月 18, 2025 10:12:03 上午 SouffleTextDocumentService countDEFAndOCC
信息: DEF: 1346 document: d:/work24/souffle-lsp-plugin/gen_datasets/NOD/NOD_combined_140000/NOD_combined_140000.dl
9月 18, 2025 10:12:03 上午 SouffleTextDocumentService countDEFAndOCC
信息: OCC: 9604 document: d:/work24/souffle-lsp-plugin/gen_datasets/NOD/NOD_combined_140000/NOD_combined_140000.dl
9月 18, 2025 10:12:06 上午 ReferenceProvider getLocateTime
信息: locate: 0 document: d:/work24/souffle-lsp-plugin/gen_datasets/NOD/NOD_combined_140000/NOD_combined_140000.dl
9月 18, 2025 10:12:07 上午 ReferenceProvider getSearchTime
信息: search: 877 document: d:/work24/souffle-lsp-plugin/gen_datasets/NOD/NOD_combined_140000/NOD_combined_140000.dl
9月 18, 2025 10:12:07 上午 ReferenceProvider getSearchTime
信息: subcontextNum: 4426 document: d:/work24/souffle-lsp-plugin/gen_datasets/NOD/NOD_combined_140000/NOD_combined_140000.dl
9月 18, 2025 10:12:07 上午 DefinitionProvider getDefinition
信息: gotoDefinition: 0 document: d:/work24/souffle-lsp-plugin/gen_datasets/NOD/NOD_combined_140000/NOD_combined_140000.dl
9月 18, 2025 10:12:07 上午 RenameProvider getRename
信息: rename: 6 document: d:/work24/souffle-lsp-plugin/gen_datasets/NOD/NOD_combined_140000/NOD_combined_140000.dl
9月 18, 2025 10:12:09 上午 CompletionProvider getCompletions
信息: completion: 9 document: d:/work24/souffle-lsp-plugin/gen_datasets/NOD/NOD_combined_140000/NOD_combined_140000.dl
9月 18, 2025 10:12:16 上午 ReferenceProvider getLocateTime
信息: locate: 0 document: d:/work24/souffle-lsp-plugin/gen_datasets/NOD/NOD_combined_140000/NOD_combined_140000.dl
9月 18, 2025 10:12:17 上午 ReferenceProvider getSearchTime
信息: search: 965 document: d:/work24/souffle-lsp-plugin/gen_datasets/NOD/NOD_combined_140000/NOD_combined_140000.dl
9月 18, 2025 10:12:17 上午 ReferenceProvider getSearchTime
信息: subcontextNum: 4426 document: d:/work24/souffle-lsp-plugin/gen_datasets/NOD/NOD_combined_140000/NOD_combined_140000.dl
9月 18, 2025 10:12:17 上午 DefinitionProvider getDefinition
信息: gotoDefinition: 0 document: d:/work24/souffle-lsp-plugin/gen_datasets/NOD/NOD_combined_140000/NOD_combined_140000.dl
9月 18, 2025 10:12:17 上午 RenameProvider getRename
信息: rename: 2 document: d:/work24/souffle-lsp-plugin/gen_datasets/NOD/NOD_combined_140000/NOD_combined_140000.dl
9月 18, 2025 10:12:19 上午 CompletionProvider getCompletions
信息: completion: 8 document: d:/work24/souffle-lsp-plugin/gen_datasets/NOD/NOD_combined_140000/NOD_combined_140000.dl
9月 18, 2025 10:12:25 上午 ReferenceProvider getLocateTime
信息: locate: 0 document: d:/work24/souffle-lsp-plugin/gen_datasets/NOD/NOD_combined_140000/NOD_combined_140000.dl
9月 18, 2025 10:12:26 上午 ReferenceProvider getSearchTime
信息: search: 983 document: d:/work24/souffle-lsp-plugin/gen_datasets/NOD/NOD_combined_140000/NOD_combined_140000.dl
9月 18, 2025 10:12:26 上午 ReferenceProvider getSearchTime
信息: subcontextNum: 4426 document: d:/work24/souffle-lsp-plugin/gen_datasets/NOD/NOD_combined_140000/NOD_combined_140000.dl
9月 18, 2025 10:12:26 上午 DefinitionProvider getDefinition
信息: gotoDefinition: 0 document: d:/work24/souffle-lsp-plugin/gen_datasets/NOD/NOD_combined_140000/NOD_combined_140000.dl
9月 18, 2025 10:12:26 上午 RenameProvider getRename
信息: rename: 2 document: d:/work24/souffle-lsp-plugin/gen_datasets/NOD/NOD_combined_140000/NOD_combined_140000.dl
9月 18, 2025 10:12:28 上午 CompletionProvider getCompletions
信息: completion: 7 document: d:/work24/souffle-lsp-plugin/gen_datasets/NOD/NOD_combined_140000/NOD_combined_140000.dl
