9月 18, 2025 10:20:21 上午 SouffleTextDocumentService countLineNum
信息: LOC: 8699 document: d:/work24/souffle-lsp-plugin/gen_datasets/NOD/NOD_combined_250000/NOD_combined_250000.dl
9月 18, 2025 10:20:21 上午 SouffleTextDocumentService countNodeNum
信息: NOD: 246628 document: d:/work24/souffle-lsp-plugin/gen_datasets/NOD/NOD_combined_250000/NOD_combined_250000.dl
9月 18, 2025 10:20:22 上午 SouffleTextDocumentService countDEFAndOCC
信息: DEF: 2328 document: d:/work24/souffle-lsp-plugin/gen_datasets/NOD/NOD_combined_250000/NOD_combined_250000.dl
9月 18, 2025 10:20:22 上午 SouffleTextDocumentService countDEFAndOCC
信息: OCC: 16529 document: d:/work24/souffle-lsp-plugin/gen_datasets/NOD/NOD_combined_250000/NOD_combined_250000.dl
9月 18, 2025 10:20:24 上午 ReferenceProvider getLocateTime
信息: locate: 0 document: d:/work24/souffle-lsp-plugin/gen_datasets/NOD/NOD_combined_250000/NOD_combined_250000.dl
9月 18, 2025 10:20:26 上午 ReferenceProvider getSearchTime
信息: search: 1447 document: d:/work24/souffle-lsp-plugin/gen_datasets/NOD/NOD_combined_250000/NOD_combined_250000.dl
9月 18, 2025 10:20:26 上午 ReferenceProvider getSearchTime
信息: subcontextNum: 6492 document: d:/work24/souffle-lsp-plugin/gen_datasets/NOD/NOD_combined_250000/NOD_combined_250000.dl
9月 18, 2025 10:20:26 上午 DefinitionProvider getDefinition
信息: gotoDefinition: 0 document: d:/work24/souffle-lsp-plugin/gen_datasets/NOD/NOD_combined_250000/NOD_combined_250000.dl
9月 18, 2025 10:20:26 上午 RenameProvider getRename
信息: rename: 6 document: d:/work24/souffle-lsp-plugin/gen_datasets/NOD/NOD_combined_250000/NOD_combined_250000.dl
9月 18, 2025 10:20:28 上午 CompletionProvider getCompletions
信息: completion: 9 document: d:/work24/souffle-lsp-plugin/gen_datasets/NOD/NOD_combined_250000/NOD_combined_250000.dl
9月 18, 2025 10:20:35 上午 ReferenceProvider getLocateTime
信息: locate: 0 document: d:/work24/souffle-lsp-plugin/gen_datasets/NOD/NOD_combined_250000/NOD_combined_250000.dl
9月 18, 2025 10:20:36 上午 ReferenceProvider getSearchTime
信息: search: 1585 document: d:/work24/souffle-lsp-plugin/gen_datasets/NOD/NOD_combined_250000/NOD_combined_250000.dl
9月 18, 2025 10:20:36 上午 ReferenceProvider getSearchTime
信息: subcontextNum: 6492 document: d:/work24/souffle-lsp-plugin/gen_datasets/NOD/NOD_combined_250000/NOD_combined_250000.dl
9月 18, 2025 10:20:36 上午 DefinitionProvider getDefinition
信息: gotoDefinition: 0 document: d:/work24/souffle-lsp-plugin/gen_datasets/NOD/NOD_combined_250000/NOD_combined_250000.dl
9月 18, 2025 10:20:36 上午 RenameProvider getRename
信息: rename: 4 document: d:/work24/souffle-lsp-plugin/gen_datasets/NOD/NOD_combined_250000/NOD_combined_250000.dl
9月 18, 2025 10:20:39 上午 CompletionProvider getCompletions
信息: completion: 8 document: d:/work24/souffle-lsp-plugin/gen_datasets/NOD/NOD_combined_250000/NOD_combined_250000.dl
9月 18, 2025 10:20:58 上午 ReferenceProvider getLocateTime
信息: locate: 0 document: d:/work24/souffle-lsp-plugin/gen_datasets/NOD/NOD_combined_250000/NOD_combined_250000.dl
9月 18, 2025 10:20:59 上午 ReferenceProvider getSearchTime
信息: search: 1163 document: d:/work24/souffle-lsp-plugin/gen_datasets/NOD/NOD_combined_250000/NOD_combined_250000.dl
9月 18, 2025 10:20:59 上午 ReferenceProvider getSearchTime
信息: subcontextNum: 6492 document: d:/work24/souffle-lsp-plugin/gen_datasets/NOD/NOD_combined_250000/NOD_combined_250000.dl
9月 18, 2025 10:20:59 上午 DefinitionProvider getDefinition
信息: gotoDefinition: 0 document: d:/work24/souffle-lsp-plugin/gen_datasets/NOD/NOD_combined_250000/NOD_combined_250000.dl
9月 18, 2025 10:20:59 上午 RenameProvider getRename
信息: rename: 4 document: d:/work24/souffle-lsp-plugin/gen_datasets/NOD/NOD_combined_250000/NOD_combined_250000.dl
9月 18, 2025 10:21:01 上午 CompletionProvider getCompletions
信息: completion: 7 document: d:/work24/souffle-lsp-plugin/gen_datasets/NOD/NOD_combined_250000/NOD_combined_250000.dl
