9月 18, 2025 9:56:26 上午 SouffleTextDocumentService countLineNum
信息: LOC: 8427 document: d:/work24/souffle-lsp-plugin/gen_datasets/DEF/DEF_combined_2400/DEF_combined_2400.dl
9月 18, 2025 9:56:26 上午 SouffleTextDocumentService countNodeNum
信息: NOD: 225281 document: d:/work24/souffle-lsp-plugin/gen_datasets/DEF/DEF_combined_2400/DEF_combined_2400.dl
9月 18, 2025 9:56:26 上午 SouffleTextDocumentService countDEFAndOCC
信息: DEF: 2313 document: d:/work24/souffle-lsp-plugin/gen_datasets/DEF/DEF_combined_2400/DEF_combined_2400.dl
9月 18, 2025 9:56:26 上午 SouffleTextDocumentService countDEFAndOCC
信息: OCC: 15341 document: d:/work24/souffle-lsp-plugin/gen_datasets/DEF/DEF_combined_2400/DEF_combined_2400.dl
9月 18, 2025 9:56:30 上午 ReferenceProvider getLocateTime
信息: locate: 0 document: d:/work24/souffle-lsp-plugin/gen_datasets/DEF/DEF_combined_2400/DEF_combined_2400.dl
9月 18, 2025 9:56:31 上午 ReferenceProvider getSearchTime
信息: search: 1340 document: d:/work24/souffle-lsp-plugin/gen_datasets/DEF/DEF_combined_2400/DEF_combined_2400.dl
9月 18, 2025 9:56:31 上午 ReferenceProvider getSearchTime
信息: subcontextNum: 6231 document: d:/work24/souffle-lsp-plugin/gen_datasets/DEF/DEF_combined_2400/DEF_combined_2400.dl
9月 18, 2025 9:56:31 上午 DefinitionProvider getDefinition
信息: gotoDefinition: 0 document: d:/work24/souffle-lsp-plugin/gen_datasets/DEF/DEF_combined_2400/DEF_combined_2400.dl
9月 18, 2025 9:56:31 上午 RenameProvider getRename
信息: rename: 7 document: d:/work24/souffle-lsp-plugin/gen_datasets/DEF/DEF_combined_2400/DEF_combined_2400.dl
9月 18, 2025 9:56:37 上午 CompletionProvider getCompletions
信息: completion: 10 document: d:/work24/souffle-lsp-plugin/gen_datasets/DEF/DEF_combined_2400/DEF_combined_2400.dl
9月 18, 2025 9:56:43 上午 ReferenceProvider getLocateTime
信息: locate: 0 document: d:/work24/souffle-lsp-plugin/gen_datasets/DEF/DEF_combined_2400/DEF_combined_2400.dl
9月 18, 2025 9:56:45 上午 ReferenceProvider getSearchTime
信息: search: 1487 document: d:/work24/souffle-lsp-plugin/gen_datasets/DEF/DEF_combined_2400/DEF_combined_2400.dl
9月 18, 2025 9:56:45 上午 ReferenceProvider getSearchTime
信息: subcontextNum: 6231 document: d:/work24/souffle-lsp-plugin/gen_datasets/DEF/DEF_combined_2400/DEF_combined_2400.dl
9月 18, 2025 9:56:45 上午 DefinitionProvider getDefinition
信息: gotoDefinition: 0 document: d:/work24/souffle-lsp-plugin/gen_datasets/DEF/DEF_combined_2400/DEF_combined_2400.dl
9月 18, 2025 9:56:45 上午 RenameProvider getRename
信息: rename: 3 document: d:/work24/souffle-lsp-plugin/gen_datasets/DEF/DEF_combined_2400/DEF_combined_2400.dl
9月 18, 2025 9:56:47 上午 CompletionProvider getCompletions
信息: completion: 8 document: d:/work24/souffle-lsp-plugin/gen_datasets/DEF/DEF_combined_2400/DEF_combined_2400.dl
9月 18, 2025 9:56:52 上午 ReferenceProvider getLocateTime
信息: locate: 0 document: d:/work24/souffle-lsp-plugin/gen_datasets/DEF/DEF_combined_2400/DEF_combined_2400.dl
9月 18, 2025 9:56:54 上午 ReferenceProvider getSearchTime
信息: search: 1578 document: d:/work24/souffle-lsp-plugin/gen_datasets/DEF/DEF_combined_2400/DEF_combined_2400.dl
9月 18, 2025 9:56:54 上午 ReferenceProvider getSearchTime
信息: subcontextNum: 6231 document: d:/work24/souffle-lsp-plugin/gen_datasets/DEF/DEF_combined_2400/DEF_combined_2400.dl
9月 18, 2025 9:56:54 上午 DefinitionProvider getDefinition
信息: gotoDefinition: 0 document: d:/work24/souffle-lsp-plugin/gen_datasets/DEF/DEF_combined_2400/DEF_combined_2400.dl
9月 18, 2025 9:56:54 上午 RenameProvider getRename
信息: rename: 5 document: d:/work24/souffle-lsp-plugin/gen_datasets/DEF/DEF_combined_2400/DEF_combined_2400.dl
9月 18, 2025 9:56:57 上午 CompletionProvider getCompletions
信息: completion: 10 document: d:/work24/souffle-lsp-plugin/gen_datasets/DEF/DEF_combined_2400/DEF_combined_2400.dl
