9月 29, 2025 11:25:12 上午 SouffleTextDocumentService countLineNum
信息: LOC: 5439 document: d:/work24/souffle-lsp-plugin/gen_datasets/OCC/OCC_combined_10400/OCC_combined_10400.dl
9月 29, 2025 11:25:13 上午 SouffleTextDocumentService countNodeNum
信息: NOD: 139162 document: d:/work24/souffle-lsp-plugin/gen_datasets/OCC/OCC_combined_10400/OCC_combined_10400.dl
9月 29, 2025 11:25:13 上午 SouffleTextDocumentService countDEFAndOCC
信息: DEF: 1698 document: d:/work24/souffle-lsp-plugin/gen_datasets/OCC/OCC_combined_10400/OCC_combined_10400.dl
9月 29, 2025 11:25:13 上午 SouffleTextDocumentService countDEFAndOCC
信息: OCC: 10229 document: d:/work24/souffle-lsp-plugin/gen_datasets/OCC/OCC_combined_10400/OCC_combined_10400.dl
9月 29, 2025 11:25:14 上午 ReferenceProvider getLocateTime
信息: locate: 0.0 document: d:/work24/souffle-lsp-plugin/gen_datasets/OCC/OCC_combined_10400/OCC_combined_10400.dl
9月 29, 2025 11:25:14 上午 CompletionProvider getCompletions
信息: completion: 132.0016 document: d:/work24/souffle-lsp-plugin/gen_datasets/OCC/OCC_combined_10400/OCC_combined_10400.dl
9月 29, 2025 11:25:14 上午 CompletionProvider getTraverseTime
信息: traverse: 87.0002 document: d:/work24/souffle-lsp-plugin/gen_datasets/OCC/OCC_combined_10400/OCC_combined_10400.dl
9月 29, 2025 11:25:14 上午 CompletionProvider getTraverseTime
信息: traverse: 50.0002 document: d:/work24/souffle-lsp-plugin/gen_datasets/OCC/OCC_combined_10400/OCC_combined_10400.dl
9月 29, 2025 11:25:14 上午 CompletionProvider getTraverseTime
信息: traverseTimes: 2 document: d:/work24/souffle-lsp-plugin/gen_datasets/OCC/OCC_combined_10400/OCC_combined_10400.dl
9月 29, 2025 11:25:19 上午 ReferenceProvider getSearchTime
信息: search: 4899.7941 document: d:/work24/souffle-lsp-plugin/gen_datasets/OCC/OCC_combined_10400/OCC_combined_10400.dl
9月 29, 2025 11:25:19 上午 ReferenceProvider getSearchTime
信息: subcontextNum: 4407 document: d:/work24/souffle-lsp-plugin/gen_datasets/OCC/OCC_combined_10400/OCC_combined_10400.dl
9月 29, 2025 11:25:19 上午 DefinitionProvider getDefinition
信息: gotoDefinition: 0.0 document: d:/work24/souffle-lsp-plugin/gen_datasets/OCC/OCC_combined_10400/OCC_combined_10400.dl
9月 29, 2025 11:25:19 上午 RenameProvider getRename
信息: currentSymbol: neighbourhood kind RULE document: d:/work24/souffle-lsp-plugin/gen_datasets/OCC/OCC_combined_10400/OCC_combined_10400.dl
9月 29, 2025 11:25:19 上午 RenameProvider getRename
信息: rename: 6.9998 document: d:/work24/souffle-lsp-plugin/gen_datasets/OCC/OCC_combined_10400/OCC_combined_10400.dl
9月 29, 2025 11:25:22 上午 CompletionProvider getCompletions
信息: completion: 121.0002 document: d:/work24/souffle-lsp-plugin/gen_datasets/OCC/OCC_combined_10400/OCC_combined_10400.dl
9月 29, 2025 11:25:22 上午 CompletionProvider getTraverseTime
信息: traverse: 75.9975 document: d:/work24/souffle-lsp-plugin/gen_datasets/OCC/OCC_combined_10400/OCC_combined_10400.dl
9月 29, 2025 11:25:23 上午 CompletionProvider getTraverseTime
信息: traverse: 43.9997 document: d:/work24/souffle-lsp-plugin/gen_datasets/OCC/OCC_combined_10400/OCC_combined_10400.dl
9月 29, 2025 11:25:23 上午 CompletionProvider getTraverseTime
信息: traverseTimes: 2 document: d:/work24/souffle-lsp-plugin/gen_datasets/OCC/OCC_combined_10400/OCC_combined_10400.dl
9月 29, 2025 11:25:23 上午 ReferenceProvider getLocateTime
信息: locate: 0.0 document: d:/work24/souffle-lsp-plugin/gen_datasets/OCC/OCC_combined_10400/OCC_combined_10400.dl
9月 29, 2025 11:25:28 上午 ReferenceProvider getSearchTime
信息: search: 4968.9999 document: d:/work24/souffle-lsp-plugin/gen_datasets/OCC/OCC_combined_10400/OCC_combined_10400.dl
9月 29, 2025 11:25:28 上午 ReferenceProvider getSearchTime
信息: subcontextNum: 4407 document: d:/work24/souffle-lsp-plugin/gen_datasets/OCC/OCC_combined_10400/OCC_combined_10400.dl
9月 29, 2025 11:25:28 上午 DefinitionProvider getDefinition
信息: gotoDefinition: 0.0 document: d:/work24/souffle-lsp-plugin/gen_datasets/OCC/OCC_combined_10400/OCC_combined_10400.dl
9月 29, 2025 11:25:28 上午 RenameProvider getRename
信息: currentSymbol: edge kind RELATION_USE document: d:/work24/souffle-lsp-plugin/gen_datasets/OCC/OCC_combined_10400/OCC_combined_10400.dl
9月 29, 2025 11:25:28 上午 RenameProvider getRename
信息: rename: 5.9985 document: d:/work24/souffle-lsp-plugin/gen_datasets/OCC/OCC_combined_10400/OCC_combined_10400.dl
9月 29, 2025 11:25:32 上午 CompletionProvider getCompletions
信息: completion: 123.5122 document: d:/work24/souffle-lsp-plugin/gen_datasets/OCC/OCC_combined_10400/OCC_combined_10400.dl
9月 29, 2025 11:25:32 上午 CompletionProvider getTraverseTime
信息: traverse: 78.0001 document: d:/work24/souffle-lsp-plugin/gen_datasets/OCC/OCC_combined_10400/OCC_combined_10400.dl
9月 29, 2025 11:25:32 上午 CompletionProvider getTraverseTime
信息: traverse: 45.9985 document: d:/work24/souffle-lsp-plugin/gen_datasets/OCC/OCC_combined_10400/OCC_combined_10400.dl
9月 29, 2025 11:25:32 上午 CompletionProvider getTraverseTime
信息: traverseTimes: 2 document: d:/work24/souffle-lsp-plugin/gen_datasets/OCC/OCC_combined_10400/OCC_combined_10400.dl
9月 29, 2025 11:25:36 上午 ReferenceProvider getLocateTime
信息: locate: 0.0 document: d:/work24/souffle-lsp-plugin/gen_datasets/OCC/OCC_combined_10400/OCC_combined_10400.dl
9月 29, 2025 11:25:41 上午 ReferenceProvider getSearchTime
信息: search: 5155.6122 document: d:/work24/souffle-lsp-plugin/gen_datasets/OCC/OCC_combined_10400/OCC_combined_10400.dl
9月 29, 2025 11:25:41 上午 ReferenceProvider getSearchTime
信息: subcontextNum: 4407 document: d:/work24/souffle-lsp-plugin/gen_datasets/OCC/OCC_combined_10400/OCC_combined_10400.dl
9月 29, 2025 11:25:41 上午 DefinitionProvider getDefinition
信息: gotoDefinition: 0.0 document: d:/work24/souffle-lsp-plugin/gen_datasets/OCC/OCC_combined_10400/OCC_combined_10400.dl
9月 29, 2025 11:25:41 上午 RenameProvider getRename
信息: currentSymbol: Kind kind RELATION_USE document: d:/work24/souffle-lsp-plugin/gen_datasets/OCC/OCC_combined_10400/OCC_combined_10400.dl
9月 29, 2025 11:25:41 上午 RenameProvider getRename
信息: rename: 6.9981 document: d:/work24/souffle-lsp-plugin/gen_datasets/OCC/OCC_combined_10400/OCC_combined_10400.dl
