9月 18, 2025 9:45:15 上午 SouffleTextDocumentService countLineNum
信息: LOC: 2968 document: d:/work24/souffle-lsp-plugin/gen_datasets/DEF/DEF_combined_900/DEF_combined_900.dl
9月 18, 2025 9:45:15 上午 SouffleTextDocumentService countNodeNum
信息: NOD: 83219 document: d:/work24/souffle-lsp-plugin/gen_datasets/DEF/DEF_combined_900/DEF_combined_900.dl
9月 18, 2025 9:45:15 上午 SouffleTextDocumentService countDEFAndOCC
信息: DEF: 873 document: d:/work24/souffle-lsp-plugin/gen_datasets/DEF/DEF_combined_900/DEF_combined_900.dl
9月 18, 2025 9:45:15 上午 SouffleTextDocumentService countDEFAndOCC
信息: OCC: 5669 document: d:/work24/souffle-lsp-plugin/gen_datasets/DEF/DEF_combined_900/DEF_combined_900.dl
9月 18, 2025 9:45:16 上午 ReferenceProvider getLocateTime
信息: locate: 0 document: d:/work24/souffle-lsp-plugin/gen_datasets/DEF/DEF_combined_900/DEF_combined_900.dl
9月 18, 2025 9:45:16 上午 ReferenceProvider getSearchTime
信息: search: 478 document: d:/work24/souffle-lsp-plugin/gen_datasets/DEF/DEF_combined_900/DEF_combined_900.dl
9月 18, 2025 9:45:16 上午 ReferenceProvider getSearchTime
信息: subcontextNum: 2417 document: d:/work24/souffle-lsp-plugin/gen_datasets/DEF/DEF_combined_900/DEF_combined_900.dl
9月 18, 2025 9:45:16 上午 DefinitionProvider getDefinition
信息: gotoDefinition: 0 document: d:/work24/souffle-lsp-plugin/gen_datasets/DEF/DEF_combined_900/DEF_combined_900.dl
9月 18, 2025 9:45:16 上午 RenameProvider getRename
信息: rename: 5 document: d:/work24/souffle-lsp-plugin/gen_datasets/DEF/DEF_combined_900/DEF_combined_900.dl
9月 18, 2025 9:45:19 上午 CompletionProvider getCompletions
信息: completion: 5 document: d:/work24/souffle-lsp-plugin/gen_datasets/DEF/DEF_combined_900/DEF_combined_900.dl
9月 18, 2025 9:45:26 上午 ReferenceProvider getLocateTime
信息: locate: 0 document: d:/work24/souffle-lsp-plugin/gen_datasets/DEF/DEF_combined_900/DEF_combined_900.dl
9月 18, 2025 9:45:26 上午 ReferenceProvider getSearchTime
信息: search: 376 document: d:/work24/souffle-lsp-plugin/gen_datasets/DEF/DEF_combined_900/DEF_combined_900.dl
9月 18, 2025 9:45:26 上午 ReferenceProvider getSearchTime
信息: subcontextNum: 2417 document: d:/work24/souffle-lsp-plugin/gen_datasets/DEF/DEF_combined_900/DEF_combined_900.dl
9月 18, 2025 9:45:26 上午 DefinitionProvider getDefinition
信息: gotoDefinition: 0 document: d:/work24/souffle-lsp-plugin/gen_datasets/DEF/DEF_combined_900/DEF_combined_900.dl
9月 18, 2025 9:45:26 上午 RenameProvider getRename
信息: rename: 1 document: d:/work24/souffle-lsp-plugin/gen_datasets/DEF/DEF_combined_900/DEF_combined_900.dl
9月 18, 2025 9:45:29 上午 CompletionProvider getCompletions
信息: completion: 3 document: d:/work24/souffle-lsp-plugin/gen_datasets/DEF/DEF_combined_900/DEF_combined_900.dl
9月 18, 2025 9:45:34 上午 ReferenceProvider getLocateTime
信息: locate: 0 document: d:/work24/souffle-lsp-plugin/gen_datasets/DEF/DEF_combined_900/DEF_combined_900.dl
9月 18, 2025 9:45:34 上午 ReferenceProvider getSearchTime
信息: search: 417 document: d:/work24/souffle-lsp-plugin/gen_datasets/DEF/DEF_combined_900/DEF_combined_900.dl
9月 18, 2025 9:45:34 上午 ReferenceProvider getSearchTime
信息: subcontextNum: 2417 document: d:/work24/souffle-lsp-plugin/gen_datasets/DEF/DEF_combined_900/DEF_combined_900.dl
9月 18, 2025 9:45:34 上午 DefinitionProvider getDefinition
信息: gotoDefinition: 0 document: d:/work24/souffle-lsp-plugin/gen_datasets/DEF/DEF_combined_900/DEF_combined_900.dl
9月 18, 2025 9:45:34 上午 RenameProvider getRename
信息: rename: 1 document: d:/work24/souffle-lsp-plugin/gen_datasets/DEF/DEF_combined_900/DEF_combined_900.dl
9月 18, 2025 9:45:37 上午 CompletionProvider getCompletions
信息: completion: 5 document: d:/work24/souffle-lsp-plugin/gen_datasets/DEF/DEF_combined_900/DEF_combined_900.dl
