9月 10, 2025 2:13:57 下午 SouffleTextDocumentService countLineNum
信息: LOC: 5972 document: d:/work24/souffle-lsp-plugin/gen_datasets/DEF/DEF_combined_1500/DEF_combined_1500.dl
9月 10, 2025 2:13:58 下午 SouffleTextDocumentService countNodeNum
信息: NOD: 157501 document: d:/work24/souffle-lsp-plugin/gen_datasets/DEF/DEF_combined_1500/DEF_combined_1500.dl
9月 10, 2025 2:13:58 下午 SouffleTextDocumentService countDEFAndOCC
信息: DEF: 1479 document: d:/work24/souffle-lsp-plugin/gen_datasets/DEF/DEF_combined_1500/DEF_combined_1500.dl
9月 10, 2025 2:13:58 下午 SouffleTextDocumentService countDEFAndOCC
信息: OCC: 10751 document: d:/work24/souffle-lsp-plugin/gen_datasets/DEF/DEF_combined_1500/DEF_combined_1500.dl
9月 10, 2025 2:14:12 下午 ReferenceProvider getLocateTime
信息: locate: 0 document: d:/work24/souffle-lsp-plugin/gen_datasets/DEF/DEF_combined_1500/DEF_combined_1500.dl
9月 10, 2025 2:14:13 下午 ReferenceProvider getSearchTime
信息: search: 783 document: d:/work24/souffle-lsp-plugin/gen_datasets/DEF/DEF_combined_1500/DEF_combined_1500.dl
9月 10, 2025 2:14:13 下午 DefinitionProvider getDefinition
信息: gotoDefinition: 0 document: d:/work24/souffle-lsp-plugin/gen_datasets/DEF/DEF_combined_1500/DEF_combined_1500.dl
9月 10, 2025 2:14:13 下午 RenameProvider getRename
信息: rename: 6 document: d:/work24/souffle-lsp-plugin/gen_datasets/DEF/DEF_combined_1500/DEF_combined_1500.dl
9月 10, 2025 2:14:17 下午 CompletionProvider getCompletions
信息: completion: 8 document: d:/work24/souffle-lsp-plugin/gen_datasets/DEF/DEF_combined_1500/DEF_combined_1500.dl
9月 10, 2025 2:14:23 下午 ReferenceProvider getLocateTime
信息: locate: 0 document: d:/work24/souffle-lsp-plugin/gen_datasets/DEF/DEF_combined_1500/DEF_combined_1500.dl
9月 10, 2025 2:14:24 下午 ReferenceProvider getSearchTime
信息: search: 736 document: d:/work24/souffle-lsp-plugin/gen_datasets/DEF/DEF_combined_1500/DEF_combined_1500.dl
9月 10, 2025 2:14:24 下午 DefinitionProvider getDefinition
信息: gotoDefinition: 0 document: d:/work24/souffle-lsp-plugin/gen_datasets/DEF/DEF_combined_1500/DEF_combined_1500.dl
9月 10, 2025 2:14:24 下午 RenameProvider getRename
信息: rename: 2 document: d:/work24/souffle-lsp-plugin/gen_datasets/DEF/DEF_combined_1500/DEF_combined_1500.dl
9月 10, 2025 2:14:27 下午 CompletionProvider getCompletions
信息: completion: 6 document: d:/work24/souffle-lsp-plugin/gen_datasets/DEF/DEF_combined_1500/DEF_combined_1500.dl
9月 10, 2025 2:14:36 下午 ReferenceProvider getLocateTime
信息: locate: 0 document: d:/work24/souffle-lsp-plugin/gen_datasets/DEF/DEF_combined_1500/DEF_combined_1500.dl
9月 10, 2025 2:14:37 下午 ReferenceProvider getSearchTime
信息: search: 763 document: d:/work24/souffle-lsp-plugin/gen_datasets/DEF/DEF_combined_1500/DEF_combined_1500.dl
9月 10, 2025 2:14:37 下午 DefinitionProvider getDefinition
信息: gotoDefinition: 0 document: d:/work24/souffle-lsp-plugin/gen_datasets/DEF/DEF_combined_1500/DEF_combined_1500.dl
9月 10, 2025 2:14:37 下午 RenameProvider getRename
信息: rename: 2 document: d:/work24/souffle-lsp-plugin/gen_datasets/DEF/DEF_combined_1500/DEF_combined_1500.dl
9月 10, 2025 2:14:40 下午 CompletionProvider getCompletions
信息: completion: 6 document: d:/work24/souffle-lsp-plugin/gen_datasets/DEF/DEF_combined_1500/DEF_combined_1500.dl
