9月 10, 2025 2:00:44 下午 SouffleTextDocumentService countLineNum
信息: LOC: 1655 document: d:/work24/souffle-lsp-plugin/gen_datasets/DEF/DEF_combined_600/DEF_combined_600.dl
9月 10, 2025 2:00:44 下午 SouffleTextDocumentService countNodeNum
信息: NOD: 42547 document: d:/work24/souffle-lsp-plugin/gen_datasets/DEF/DEF_combined_600/DEF_combined_600.dl
9月 10, 2025 2:00:44 下午 SouffleTextDocumentService countDEFAndOCC
信息: DEF: 590 document: d:/work24/souffle-lsp-plugin/gen_datasets/DEF/DEF_combined_600/DEF_combined_600.dl
9月 10, 2025 2:00:44 下午 SouffleTextDocumentService countDEFAndOCC
信息: OCC: 3188 document: d:/work24/souffle-lsp-plugin/gen_datasets/DEF/DEF_combined_600/DEF_combined_600.dl
9月 10, 2025 2:01:15 下午 ReferenceProvider getLocateTime
信息: locate: 0 document: d:/work24/souffle-lsp-plugin/gen_datasets/DEF/DEF_combined_600/DEF_combined_600.dl
9月 10, 2025 2:01:15 下午 ReferenceProvider getSearchTime
信息: search: 270 document: d:/work24/souffle-lsp-plugin/gen_datasets/DEF/DEF_combined_600/DEF_combined_600.dl
9月 10, 2025 2:01:15 下午 DefinitionProvider getDefinition
信息: gotoDefinition: 0 document: d:/work24/souffle-lsp-plugin/gen_datasets/DEF/DEF_combined_600/DEF_combined_600.dl
9月 10, 2025 2:01:16 下午 RenameProvider getRename
信息: rename: 3 document: d:/work24/souffle-lsp-plugin/gen_datasets/DEF/DEF_combined_600/DEF_combined_600.dl
9月 10, 2025 2:01:19 下午 CompletionProvider getCompletions
信息: completion: 3 document: d:/work24/souffle-lsp-plugin/gen_datasets/DEF/DEF_combined_600/DEF_combined_600.dl
9月 10, 2025 2:01:25 下午 ReferenceProvider getLocateTime
信息: locate: 0 document: d:/work24/souffle-lsp-plugin/gen_datasets/DEF/DEF_combined_600/DEF_combined_600.dl
9月 10, 2025 2:01:25 下午 ReferenceProvider getSearchTime
信息: search: 234 document: d:/work24/souffle-lsp-plugin/gen_datasets/DEF/DEF_combined_600/DEF_combined_600.dl
9月 10, 2025 2:01:25 下午 DefinitionProvider getDefinition
信息: gotoDefinition: 0 document: d:/work24/souffle-lsp-plugin/gen_datasets/DEF/DEF_combined_600/DEF_combined_600.dl
9月 10, 2025 2:01:25 下午 RenameProvider getRename
信息: rename: 1 document: d:/work24/souffle-lsp-plugin/gen_datasets/DEF/DEF_combined_600/DEF_combined_600.dl
9月 10, 2025 2:01:27 下午 CompletionProvider getCompletions
信息: completion: 2 document: d:/work24/souffle-lsp-plugin/gen_datasets/DEF/DEF_combined_600/DEF_combined_600.dl
9月 10, 2025 2:01:33 下午 ReferenceProvider getLocateTime
信息: locate: 0 document: d:/work24/souffle-lsp-plugin/gen_datasets/DEF/DEF_combined_600/DEF_combined_600.dl
9月 10, 2025 2:01:33 下午 ReferenceProvider getSearchTime
信息: search: 317 document: d:/work24/souffle-lsp-plugin/gen_datasets/DEF/DEF_combined_600/DEF_combined_600.dl
9月 10, 2025 2:01:33 下午 DefinitionProvider getDefinition
信息: gotoDefinition: 0 document: d:/work24/souffle-lsp-plugin/gen_datasets/DEF/DEF_combined_600/DEF_combined_600.dl
9月 10, 2025 2:01:33 下午 RenameProvider getRename
信息: rename: 1 document: d:/work24/souffle-lsp-plugin/gen_datasets/DEF/DEF_combined_600/DEF_combined_600.dl
9月 10, 2025 2:01:35 下午 CompletionProvider getCompletions
信息: completion: 4 document: d:/work24/souffle-lsp-plugin/gen_datasets/DEF/DEF_combined_600/DEF_combined_600.dl
