9月 18, 2025 10:27:54 上午 SouffleTextDocumentService countLineNum
信息: LOC: 4442 document: d:/work24/souffle-lsp-plugin/gen_datasets/OCC/OCC_combined_8000/OCC_combined_8000.dl
9月 18, 2025 10:27:54 上午 SouffleTextDocumentService countNodeNum
信息: NOD: 116832 document: d:/work24/souffle-lsp-plugin/gen_datasets/OCC/OCC_combined_8000/OCC_combined_8000.dl
9月 18, 2025 10:27:54 上午 SouffleTextDocumentService countDEFAndOCC
信息: DEF: 1116 document: d:/work24/souffle-lsp-plugin/gen_datasets/OCC/OCC_combined_8000/OCC_combined_8000.dl
9月 18, 2025 10:27:54 上午 SouffleTextDocumentService countDEFAndOCC
信息: OCC: 7914 document: d:/work24/souffle-lsp-plugin/gen_datasets/OCC/OCC_combined_8000/OCC_combined_8000.dl
9月 18, 2025 10:27:55 上午 ReferenceProvider getLocateTime
信息: locate: 0 document: d:/work24/souffle-lsp-plugin/gen_datasets/OCC/OCC_combined_8000/OCC_combined_8000.dl
9月 18, 2025 10:27:56 上午 ReferenceProvider getSearchTime
信息: search: 755 document: d:/work24/souffle-lsp-plugin/gen_datasets/OCC/OCC_combined_8000/OCC_combined_8000.dl
9月 18, 2025 10:27:56 上午 ReferenceProvider getSearchTime
信息: subcontextNum: 3453 document: d:/work24/souffle-lsp-plugin/gen_datasets/OCC/OCC_combined_8000/OCC_combined_8000.dl
9月 18, 2025 10:27:56 上午 DefinitionProvider getDefinition
信息: gotoDefinition: 0 document: d:/work24/souffle-lsp-plugin/gen_datasets/OCC/OCC_combined_8000/OCC_combined_8000.dl
9月 18, 2025 10:27:56 上午 RenameProvider getRename
信息: rename: 3 document: d:/work24/souffle-lsp-plugin/gen_datasets/OCC/OCC_combined_8000/OCC_combined_8000.dl
9月 18, 2025 10:27:58 上午 CompletionProvider getCompletions
信息: completion: 10 document: d:/work24/souffle-lsp-plugin/gen_datasets/OCC/OCC_combined_8000/OCC_combined_8000.dl
9月 18, 2025 10:28:04 上午 ReferenceProvider getLocateTime
信息: locate: 0 document: d:/work24/souffle-lsp-plugin/gen_datasets/OCC/OCC_combined_8000/OCC_combined_8000.dl
9月 18, 2025 10:28:05 上午 ReferenceProvider getSearchTime
信息: search: 758 document: d:/work24/souffle-lsp-plugin/gen_datasets/OCC/OCC_combined_8000/OCC_combined_8000.dl
9月 18, 2025 10:28:05 上午 ReferenceProvider getSearchTime
信息: subcontextNum: 3453 document: d:/work24/souffle-lsp-plugin/gen_datasets/OCC/OCC_combined_8000/OCC_combined_8000.dl
9月 18, 2025 10:28:05 上午 DefinitionProvider getDefinition
信息: gotoDefinition: 0 document: d:/work24/souffle-lsp-plugin/gen_datasets/OCC/OCC_combined_8000/OCC_combined_8000.dl
9月 18, 2025 10:28:05 上午 RenameProvider getRename
信息: rename: 1 document: d:/work24/souffle-lsp-plugin/gen_datasets/OCC/OCC_combined_8000/OCC_combined_8000.dl
9月 18, 2025 10:28:07 上午 CompletionProvider getCompletions
信息: completion: 5 document: d:/work24/souffle-lsp-plugin/gen_datasets/OCC/OCC_combined_8000/OCC_combined_8000.dl
9月 18, 2025 10:28:13 上午 ReferenceProvider getLocateTime
信息: locate: 0 document: d:/work24/souffle-lsp-plugin/gen_datasets/OCC/OCC_combined_8000/OCC_combined_8000.dl
9月 18, 2025 10:28:13 上午 ReferenceProvider getSearchTime
信息: search: 642 document: d:/work24/souffle-lsp-plugin/gen_datasets/OCC/OCC_combined_8000/OCC_combined_8000.dl
9月 18, 2025 10:28:13 上午 ReferenceProvider getSearchTime
信息: subcontextNum: 3453 document: d:/work24/souffle-lsp-plugin/gen_datasets/OCC/OCC_combined_8000/OCC_combined_8000.dl
9月 18, 2025 10:28:13 上午 DefinitionProvider getDefinition
信息: gotoDefinition: 0 document: d:/work24/souffle-lsp-plugin/gen_datasets/OCC/OCC_combined_8000/OCC_combined_8000.dl
9月 18, 2025 10:28:13 上午 RenameProvider getRename
信息: rename: 1 document: d:/work24/souffle-lsp-plugin/gen_datasets/OCC/OCC_combined_8000/OCC_combined_8000.dl
9月 18, 2025 10:28:15 上午 CompletionProvider getCompletions
信息: completion: 6 document: d:/work24/souffle-lsp-plugin/gen_datasets/OCC/OCC_combined_8000/OCC_combined_8000.dl
